_______________________________________________________________________________
Errors << swot_manipulation:make /home/irobot/catkin_ws/logs/swot_manipulation/build.make.001.log
[01m[K/home/irobot/catkin_ws/src/swot/swot_manipulation/src/pick_classes.cpp:[m[K In member function ‘[01m[Kvirtual BT::NodeStatus MoveToScan::tick()[m[K’:
[01m[K/home/irobot/catkin_ws/src/swot/swot_manipulation/src/pick_classes.cpp:43:40:[m[K [01;31m[Kerror: [m[Kinvalid operands of types ‘[01m[Kconst char [22][m[K’ and ‘[01m[Kstd::array<double, 5>::value_type[m[K’ {aka ‘[01m[Kdouble[m[K’} to binary ‘[01m[Koperator+[m[K’
   43 |         scan = "array_scan_left_yolo_" + manipulation_.get_workspace_dimensions_matching_object().workspace_dimensions[manipulation_.index(manipulation_.get_request_vector()[0].tasks[manipulation_.get_task_count()].task)][4];
[01m[K/home/irobot/catkin_ws/src/swot/swot_manipulation/src/pick_classes.cpp:48:41:[m[K [01;31m[Kerror: [m[Kinvalid operands of types ‘[01m[Kconst char [23][m[K’ and ‘[01m[Kstd::array<double, 5>::value_type[m[K’ {aka ‘[01m[Kdouble[m[K’} to binary ‘[01m[Koperator+[m[K’
   48 |         scan = "array_scan_right_yolo_" + manipulation_.get_workspace_dimensions_matching_object().workspace_dimensions[manipulation_.index(manipulation_.get_request_vector()[0].tasks[manipulation_.get_task_count()].task)][4];
[01m[K/home/irobot/catkin_ws/src/swot/swot_manipulation/src/place_classes.cpp:[m[K In member function ‘[01m[Kvirtual BT::NodeStatus CheckWSFree::tick()[m[K’:
[01m[K/home/irobot/catkin_ws/src/swot/swot_manipulation/src/place_classes.cpp:78:57:[m[K [01;31m[Kerror: [m[Kinvalid operands of types ‘[01m[Kconst char [22][m[K’ and ‘[01m[Kstd::array<double, 5>::value_type[m[K’ {aka ‘[01m[Kdouble[m[K’} to binary ‘[01m[Koperator+[m[K’
   78 |         std::string scan_left = "array_scan_left_yolo_" + manipulation_.get_workspace_dimensions_matching_object().workspace_dimensions[manipulation_.index(manipulation_.get_request_vector()[0].tasks[manipulation_.get_task_count()].task)][4];
[01m[K/home/irobot/catkin_ws/src/swot/swot_manipulation/src/place_classes.cpp:82:67:[m[K [01;31m[Kerror: [m[Kinvalid operands of types ‘[01m[Kconst char [23][m[K’ and ‘[01m[Kstd::array<double, 5>::value_type[m[K’ {aka ‘[01m[Kdouble[m[K’} to binary ‘[01m[Koperator+[m[K’
   82 |                 std::string scan_right = "array_scan_right_yolo_" + manipulation_.get_workspace_dimensions_matching_object().workspace_dimensions[manipulation_.index(manipulation_.get_request_vector()[0].tasks[manipulation_.get_task_count()].task)][4];
[01m[K/home/irobot/catkin_ws/src/swot/swot_manipulation/src/place_classes.cpp:86:62:[m[K [01;31m[Kerror: [m[Kinvalid operands of types ‘[01m[Kconst char [16][m[K’ and ‘[01m[Kstd::array<double, 5>::value_type[m[K’ {aka ‘[01m[Kdouble[m[K’} to binary ‘[01m[Koperator+[m[K’
   86 |                     std::string scan_mid = "array_scan_mid_" + manipulation_.get_workspace_dimensions_matching_object().workspace_dimensions[manipulation_.index(manipulation_.get_request_vector()[0].tasks[manipulation_.get_task_count()].task)][4];
[01m[K/home/irobot/catkin_ws/src/swot/swot_manipulation/src/manipulation.cpp:[m[K In member function ‘[01m[Kvoid Manipulation::get_workspace_dimension_matching()[m[K’:
[01m[K/home/irobot/catkin_ws/src/swot/swot_manipulation/src/manipulation.cpp:427:41:[m[K [01;31m[Kerror: [m[Kno match for ‘[01m[Koperator=[m[K’ (operand types are ‘[01m[Kstd::array<double, 5>[m[K’ and ‘[01m[Kdouble[m[K’)
  427 |             dimensions = std::stod(token[01;31m[K)[m[K;
      |                                         [01;31m[K^[m[K
In file included from [01m[K/usr/include/c++/9/tuple:39[m[K,
                 from [01m[K/usr/include/c++/9/functional:54[m[K,
                 from [01m[K/usr/include/c++/9/pstl/glue_algorithm_defs.h:13[m[K,
                 from [01m[K/usr/include/c++/9/algorithm:71[m[K,
                 from [01m[K/usr/include/boost/math/tools/config.hpp:18[m[K,
                 from [01m[K/usr/include/boost/math/special_functions/round.hpp:13[m[K,
                 from [01m[K/opt/ros/noetic/include/ros/time.h:58[m[K,
                 from [01m[K/opt/ros/noetic/include/ros/ros.h:38[m[K,
                 from [01m[K/home/irobot/catkin_ws/src/swot/swot_manipulation/include/swot_manipulation/manipulation.h:10[m[K,
                 from [01m[K/home/irobot/catkin_ws/src/swot/swot_manipulation/src/manipulation.cpp:8[m[K:
[01m[K/usr/include/c++/9/array:94:12:[m[K [01;36m[Knote: [m[Kcandidate: ‘[01m[Kconstexpr std::array<double, 5>& std::array<double, 5>::operator=(const std::array<double, 5>&)[m[K’
   94 |     struct [01;36m[Karray[m[K
      |            [01;36m[K^~~~~[m[K
[01m[K/usr/include/c++/9/array:94:12:[m[K [01;36m[Knote: [m[K  no known conversion for argument 1 from ‘[01m[Kdouble[m[K’ to ‘[01m[Kconst std::array<double, 5>&[m[K’
[01m[K/usr/include/c++/9/array:94:12:[m[K [01;36m[Knote: [m[Kcandidate: ‘[01m[Kconstexpr std::array<double, 5>& std::array<double, 5>::operator=(std::array<double, 5>&&)[m[K’
[01m[K/usr/include/c++/9/array:94:12:[m[K [01;36m[Knote: [m[K  no known conversion for argument 1 from ‘[01m[Kdouble[m[K’ to ‘[01m[Kstd::array<double, 5>&&[m[K’
[01m[K/home/irobot/catkin_ws/src/swot/swot_manipulation/src/manipulation.cpp:[m[K In member function ‘[01m[Kvoid Manipulation::get_workspace_dimension_free()[m[K’:
[01m[K/home/irobot/catkin_ws/src/swot/swot_manipulation/src/manipulation.cpp:471:41:[m[K [01;31m[Kerror: [m[Kno match for ‘[01m[Koperator=[m[K’ (operand types are ‘[01m[Kstd::array<double, 5>[m[K’ and ‘[01m[Kdouble[m[K’)
  471 |             dimensions = std::stod(token[01;31m[K)[m[K;
      |                                         [01;31m[K^[m[K
In file included from [01m[K/usr/include/c++/9/tuple:39[m[K,
                 from [01m[K/usr/include/c++/9/functional:54[m[K,
                 from [01m[K/usr/include/c++/9/pstl/glue_algorithm_defs.h:13[m[K,
                 from [01m[K/usr/include/c++/9/algorithm:71[m[K,
                 from [01m[K/usr/include/boost/math/tools/config.hpp:18[m[K,
                 from [01m[K/usr/include/boost/math/special_functions/round.hpp:13[m[K,
                 from [01m[K/opt/ros/noetic/include/ros/time.h:58[m[K,
                 from [01m[K/opt/ros/noetic/include/ros/ros.h:38[m[K,
                 from [01m[K/home/irobot/catkin_ws/src/swot/swot_manipulation/include/swot_manipulation/manipulation.h:10[m[K,
                 from [01m[K/home/irobot/catkin_ws/src/swot/swot_manipulation/src/manipulation.cpp:8[m[K:
[01m[K/usr/include/c++/9/array:94:12:[m[K [01;36m[Knote: [m[Kcandidate: ‘[01m[Kconstexpr std::array<double, 5>& std::array<double, 5>::operator=(const std::array<double, 5>&)[m[K’
   94 |     struct [01;36m[Karray[m[K
      |            [01;36m[K^~~~~[m[K
[01m[K/usr/include/c++/9/array:94:12:[m[K [01;36m[Knote: [m[K  no known conversion for argument 1 from ‘[01m[Kdouble[m[K’ to ‘[01m[Kconst std::array<double, 5>&[m[K’
[01m[K/usr/include/c++/9/array:94:12:[m[K [01;36m[Knote: [m[Kcandidate: ‘[01m[Kconstexpr std::array<double, 5>& std::array<double, 5>::operator=(std::array<double, 5>&&)[m[K’
[01m[K/usr/include/c++/9/array:94:12:[m[K [01;36m[Knote: [m[K  no known conversion for argument 1 from ‘[01m[Kdouble[m[K’ to ‘[01m[Kstd::array<double, 5>&&[m[K’
[01m[K/home/irobot/catkin_ws/src/swot/swot_manipulation/src/manipulation.cpp:[m[K In member function ‘[01m[Kint Manipulation::index(std::string)[m[K’:
[01m[K/home/irobot/catkin_ws/src/swot/swot_manipulation/src/manipulation.cpp:768:76:[m[K [01;31m[Kerror: [m[Kno match for ‘[01m[Koperator==[m[K’ (operand types are ‘[01m[Kstd::array<double, 5>::value_type[m[K’ {aka ‘[01m[Kdouble[m[K’} and ‘[01m[Kstd::string[m[K’ {aka ‘[01m[Kstd::__cxx11::basic_string<char>[m[K’})
  768 |         if(workspace_dimensions_matching_object.workspace_dimensions[i][4] == ws_name)
In file included from [01m[K/usr/include/c++/9/bits/stl_algobase.h:64[m[K,
                 from [01m[K/usr/include/c++/9/bits/char_traits.h:39[m[K,
                 from [01m[K/usr/include/c++/9/string:40[m[K,
                 from [01m[K/opt/ros/noetic/include/ros/platform.h:38[m[K,
                 from [01m[K/opt/ros/noetic/include/ros/time.h:53[m[K,
                 from [01m[K/opt/ros/noetic/include/ros/ros.h:38[m[K,
                 from [01m[K/home/irobot/catkin_ws/src/swot/swot_manipulation/include/swot_manipulation/manipulation.h:10[m[K,
                 from [01m[K/home/irobot/catkin_ws/src/swot/swot_manipulation/src/manipulation.cpp:8[m[K:
[01m[K/usr/include/c++/9/bits/stl_pair.h:448:5:[m[K [01;36m[Knote: [m[Kcandidate: ‘[01m[Ktemplate<class _T1, class _T2> constexpr bool std::operator==(const std::pair<_T1, _T2>&, const std::pair<_T1, _T2>&)[m[K’
  448 |     [01;36m[Koperator[m[K==(const pair<_T1, _T2>& __x, const pair<_T1, _T2>& __y)
      |     [01;36m[K^~~~~~~~[m[K
[01m[K/usr/include/c++/9/bits/stl_pair.h:448:5:[m[K [01;36m[Knote: [m[K  template argument deduction/substitution failed:
[01m[K/home/irobot/catkin_ws/src/swot/swot_manipulation/src/manipulation.cpp:768:79:[m[K [01;36m[Knote: [m[K  mismatched types ‘[01m[Kconst std::pair<_T1, _T2>[m[K’ and ‘[01m[Kstd::array<double, 5>::value_type[m[K’ {aka ‘[01m[Kdouble[m[K’}
  768 |         if(workspace_dimensions_matching_object.workspace_dimensions[i][4] == [01;36m[Kws_name[m[K)
      |                                                                               [01;36m[K^~~~~~~[m[K
In file included from [01m[K/usr/include/c++/9/bits/stl_algobase.h:67[m[K,
                 from [01m[K/usr/include/c++/9/bits/char_traits.h:39[m[K,
                 from [01m[K/usr/include/c++/9/string:40[m[K,
                 from [01m[K/opt/ros/noetic/include/ros/platform.h:38[m[K,
                 from [01m[K/opt/ros/noetic/include/ros/time.h:53[m[K,
                 from [01m[K/opt/ros/noetic/include/ros/ros.h:38[m[K,
                 from [01m[K/home/irobot/catkin_ws/src/swot/swot_manipulation/include/swot_manipulation/manipulation.h:10[m[K,
                 from [01m[K/home/irobot/catkin_ws/src/swot/swot_manipulation/src/manipulation.cpp:8[m[K:
[01m[K/usr/include/c++/9/bits/stl_iterator.h:325:5:[m[K [01;36m[Knote: [m[Kcandidate: ‘[01m[Ktemplate<class _Iterator> constexpr bool std::operator==(const std::reverse_iterator<_Iterator>&, const std::reverse_iterator<_Iterator>&)[m[K’
  325 |     [01;36m[Koperator[m[K==(const reverse_iterator<_Iterator>& __x,
      |     [01;36m[K^~~~~~~~[m[K
[01m[K/usr/include/c++/9/bits/stl_iterator.h:325:5:[m[K [01;36m[Knote: [m[K  template argument deduction/substitution failed:
[01m[K/home/irobot/catkin_ws/src/swot/swot_manipulation/src/manipulation.cpp:768:79:[m[K [01;36m[Knote: [m[K  mismatched types ‘[01m[Kconst std::reverse_iterator<_Iterator>[m[K’ and ‘[01m[Kstd::array<double, 5>::value_type[m[K’ {aka ‘[01m[Kdouble[m[K’}
  768 |         if(workspace_dimensions_matching_object.workspace_dimensions[i][4] == [01;36m[Kws_name[m[K)
      |                                                                               [01;36m[K^~~~~~~[m[K
In file included from [01m[K/usr/include/c++/9/bits/stl_algobase.h:67[m[K,
                 from [01m[K/usr/include/c++/9/bits/char_traits.h:39[m[K,
                 from [01m[K/usr/include/c++/9/string:40[m[K,
                 from [01m[K/opt/ros/noetic/include/ros/platform.h:38[m[K,
                 from [01m[K/opt/ros/noetic/include/ros/time.h:53[m[K,
                 from [01m[K/opt/ros/noetic/include/ros/ros.h:38[m[K,
                 from [01m[K/home/irobot/catkin_ws/src/swot/swot_manipulation/include/swot_manipulation/manipulation.h:10[m[K,
                 from [01m[K/home/irobot/catkin_ws/src/swot/swot_manipulation/src/manipulation.cpp:8[m[K:
[01m[K/usr/include/c++/9/bits/stl_iterator.h:363:5:[m[K [01;36m[Knote: [m[Kcandidate: ‘[01m[Ktemplate<class _IteratorL, class _IteratorR> constexpr bool std::operator==(const std::reverse_iterator<_Iterator>&, const std::reverse_iterator<_IteratorR>&)[m[K’
  363 |     [01;36m[Koperator[m[K==(const reverse_iterator<_IteratorL>& __x,
      |     [01;36m[K^~~~~~~~[m[K
[01m[K/usr/include/c++/9/bits/stl_iterator.h:363:5:[m[K [01;36m[Knote: [m[K  template argument deduction/substitution failed:
[01m[K/home/irobot/catkin_ws/src/swot/swot_manipulation/src/manipulation.cpp:768:79:[m[K [01;36m[Knote: [m[K  mismatched types ‘[01m[Kconst std::reverse_iterator<_Iterator>[m[K’ and ‘[01m[Kstd::array<double, 5>::value_type[m[K’ {aka ‘[01m[Kdouble[m[K’}
  768 |         if(workspace_dimensions_matching_object.workspace_dimensions[i][4] == [01;36m[Kws_name[m[K)
      |                                                                               [01;36m[K^~~~~~~[m[K
In file included from [01m[K/usr/include/c++/9/bits/stl_algobase.h:67[m[K,
                 from [01m[K/usr/include/c++/9/bits/char_traits.h:39[m[K,
                 from [01m[K/usr/include/c++/9/string:40[m[K,
                 from [01m[K/opt/ros/noetic/include/ros/platform.h:38[m[K,
                 from [01m[K/opt/ros/noetic/include/ros/time.h:53[m[K,
                 from [01m[K/opt/ros/noetic/include/ros/ros.h:38[m[K,
                 from [01m[K/home/irobot/catkin_ws/src/swot/swot_manipulation/include/swot_manipulation/manipulation.h:10[m[K,
                 from [01m[K/home/irobot/catkin_ws/src/swot/swot_manipulation/src/manipulation.cpp:8[m[K:
[01m[K/usr/include/c++/9/bits/stl_iterator.h:1136:5:[m[K [01;36m[Knote: [m[Kcandidate: ‘[01m[Ktemplate<class _IteratorL, class _IteratorR> constexpr bool std::operator==(const std::move_iterator<_IteratorL>&, const std::move_iterator<_IteratorR>&)[m[K’
 1136 |     [01;36m[Koperator[m[K==(const move_iterator<_IteratorL>& __x,
      |     [01;36m[K^~~~~~~~[m[K
[01m[K/usr/include/c++/9/bits/stl_iterator.h:1136:5:[m[K [01;36m[Knote: [m[K  template argument deduction/substitution failed:
[01m[K/home/irobot/catkin_ws/src/swot/swot_manipulation/src/manipulation.cpp:768:79:[m[K [01;36m[Knote: [m[K  mismatched types ‘[01m[Kconst std::move_iterator<_IteratorL>[m[K’ and ‘[01m[Kstd::array<double, 5>::value_type[m[K’ {aka ‘[01m[Kdouble[m[K’}
  768 |         if(workspace_dimensions_matching_object.workspace_dimensions[i][4] == [01;36m[Kws_name[m[K)
      |                                                                               [01;36m[K^~~~~~~[m[K
In file included from [01m[K/usr/include/c++/9/bits/stl_algobase.h:67[m[K,
                 from [01m[K/usr/include/c++/9/bits/char_traits.h:39[m[K,
                 from [01m[K/usr/include/c++/9/string:40[m[K,
                 from [01m[K/opt/ros/noetic/include/ros/platform.h:38[m[K,
                 from [01m[K/opt/ros/noetic/include/ros/time.h:53[m[K,
                 from [01m[K/opt/ros/noetic/include/ros/ros.h:38[m[K,
                 from [01m[K/home/irobot/catkin_ws/src/swot/swot_manipulation/include/swot_manipulation/manipulation.h:10[m[K,
                 from [01m[K/home/irobot/catkin_ws/src/swot/swot_manipulation/src/manipulation.cpp:8[m[K:
[01m[K/usr/include/c++/9/bits/stl_iterator.h:1142:5:[m[K [01;36m[Knote: [m[Kcandidate: ‘[01m[Ktemplate<class _Iterator> constexpr bool std::operator==(const std::move_iterator<_IteratorL>&, const std::move_iterator<_IteratorL>&)[m[K’
 1142 |     [01;36m[Koperator[m[K==(const move_iterator<_Iterator>& __x,
      |     [01;36m[K^~~~~~~~[m[K
[01m[K/usr/include/c++/9/bits/stl_iterator.h:1142:5:[m[K [01;36m[Knote: [m[K  template argument deduction/substitution failed:
[01m[K/home/irobot/catkin_ws/src/swot/swot_manipulation/src/manipulation.cpp:768:79:[m[K [01;36m[Knote: [m[K  mismatched types ‘[01m[Kconst std::move_iterator<_IteratorL>[m[K’ and ‘[01m[Kstd::array<double, 5>::value_type[m[K’ {aka ‘[01m[Kdouble[m[K’}
  768 |         if(workspace_dimensions_matching_object.workspace_dimensions[i][4] == [01;36m[Kws_name[m[K)
      |                                                                               [01;36m[K^~~~~~~[m[K
In file included from [01m[K/usr/include/c++/9/bits/char_traits.h:40[m[K,
                 from [01m[K/usr/include/c++/9/string:40[m[K,
                 from [01m[K/opt/ros/noetic/include/ros/platform.h:38[m[K,
                 from [01m[K/opt/ros/noetic/include/ros/time.h:53[m[K,
                 from [01m[K/opt/ros/noetic/include/ros/ros.h:38[m[K,
                 from [01m[K/home/irobot/catkin_ws/src/swot/swot_manipulation/include/swot_manipulation/manipulation.h:10[m[K,
                 from [01m[K/home/irobot/catkin_ws/src/swot/swot_manipulation/src/manipulation.cpp:8[m[K:
[01m[K/usr/include/c++/9/bits/postypes.h:222:5:[m[K [01;36m[Knote: [m[Kcandidate: ‘[01m[Ktemplate<class _StateT> bool std::operator==(const std::fpos<_StateT>&, const std::fpos<_StateT>&)[m[K’
  222 |     [01;36m[Koperator[m[K==(const fpos<_StateT>& __lhs, const fpos<_StateT>& __rhs)
      |     [01;36m[K^~~~~~~~[m[K
[01m[K/usr/include/c++/9/bits/postypes.h:222:5:[m[K [01;36m[Knote: [m[K  template argument deduction/substitution failed:
[01m[K/home/irobot/catkin_ws/src/swot/swot_manipulation/src/manipulation.cpp:768:79:[m[K [01;36m[Knote: [m[K  mismatched types ‘[01m[Kconst std::fpos<_StateT>[m[K’ and ‘[01m[Kstd::array<double, 5>::value_type[m[K’ {aka ‘[01m[Kdouble[m[K’}
  768 |         if(workspace_dimensions_matching_object.workspace_dimensions[i][4] == [01;36m[Kws_name[m[K)
      |                                                                               [01;36m[K^~~~~~~[m[K
In file included from [01m[K/usr/include/c++/9/string:41[m[K,
                 from [01m[K/opt/ros/noetic/include/ros/platform.h:38[m[K,
                 from [01m[K/opt/ros/noetic/include/ros/time.h:53[m[K,
                 from [01m[K/opt/ros/noetic/include/ros/ros.h:38[m[K,
                 from [01m[K/home/irobot/catkin_ws/src/swot/swot_manipulation/include/swot_manipulation/manipulation.h:10[m[K,
                 from [01m[K/home/irobot/catkin_ws/src/swot/swot_manipulation/src/manipulation.cpp:8[m[K:
[01m[K/usr/include/c++/9/bits/allocator.h:167:5:[m[K [01;36m[Knote: [m[Kcandidate: ‘[01m[Ktemplate<class _T1, class _T2> bool std::operator==(const std::allocator<_CharT>&, const std::allocator<_T2>&)[m[K’
  167 |     [01;36m[Koperator[m[K==(const allocator<_T1>&, const allocator<_T2>&)
      |     [01;36m[K^~~~~~~~[m[K
[01m[K/usr/include/c++/9/bits/allocator.h:167:5:[m[K [01;36m[Knote: [m[K  template argument deduction/substitution failed:
[01m[K/home/irobot/catkin_ws/src/swot/swot_manipulation/src/manipulation.cpp:768:79:[m[K [01;36m[Knote: [m[K  mismatched types ‘[01m[Kconst std::allocator<_CharT>[m[K’ and ‘[01m[Kstd::array<double, 5>::value_type[m[K’ {aka ‘[01m[Kdouble[m[K’}
  768 |         if(workspace_dimensions_matching_object.workspace_dimensions[i][4] == [01;36m[Kws_name[m[K)
      |                                                                               [01;36m[K^~~~~~~[m[K
In file included from [01m[K/usr/include/c++/9/bits/basic_string.h:48[m[K,
                 from [01m[K/usr/include/c++/9/string:55[m[K,
                 from [01m[K/opt/ros/noetic/include/ros/platform.h:38[m[K,
                 from [01m[K/opt/ros/noetic/include/ros/time.h:53[m[K,
                 from [01m[K/opt/ros/noetic/include/ros/ros.h:38[m[K,
                 from [01m[K/home/irobot/catkin_ws/src/swot/swot_manipulation/include/swot_manipulation/manipulation.h:10[m[K,
                 from [01m[K/home/irobot/catkin_ws/src/swot/swot_manipulation/src/manipulation.cpp:8[m[K:
[01m[K/usr/include/c++/9/string_view:471:5:[m[K [01;36m[Knote: [m[Kcandidate: ‘[01m[Ktemplate<class _CharT, class _Traits> constexpr bool std::operator==(std::basic_string_view<_CharT, _Traits>, std::basic_string_view<_CharT, _Traits>)[m[K’
  471 |     [01;36m[Koperator[m[K==(basic_string_view<_CharT, _Traits> __x,
      |     [01;36m[K^~~~~~~~[m[K
[01m[K/usr/include/c++/9/string_view:471:5:[m[K [01;36m[Knote: [m[K  template argument deduction/substitution failed:
[01m[K/home/irobot/catkin_ws/src/swot/swot_manipulation/src/manipulation.cpp:768:79:[m[K [01;36m[Knote: [m[K  mismatched types ‘[01m[Kstd::basic_string_view<_CharT, _Traits>[m[K’ and ‘[01m[Kdouble[m[K’
  768 |         if(workspace_dimensions_matching_object.workspace_dimensions[i][4] == [01;36m[Kws_name[m[K)
      |                                                                               [01;36m[K^~~~~~~[m[K
In file included from [01m[K/usr/include/c++/9/bits/basic_string.h:48[m[K,
                 from [01m[K/usr/include/c++/9/string:55[m[K,
                 from [01m[K/opt/ros/noetic/include/ros/platform.h:38[m[K,
                 from [01m[K/opt/ros/noetic/include/ros/time.h:53[m[K,
                 from [01m[K/opt/ros/noetic/include/ros/ros.h:38[m[K,
                 from [01m[K/home/irobot/catkin_ws/src/swot/swot_manipulation/include/swot_manipulation/manipulation.h:10[m[K,
                 from [01m[K/home/irobot/catkin_ws/src/swot/swot_manipulation/src/manipulation.cpp:8[m[K:
[01m[K/usr/include/c++/9/string_view:477:5:[m[K [01;36m[Knote: [m[Kcandidate: ‘[01m[Ktemplate<class _CharT, class _Traits> constexpr bool std::operator==(std::basic_string_view<_CharT, _Traits>, std::__detail::__idt<std::basic_string_view<_CharT, _Traits> >)[m[K’
  477 |     [01;36m[Koperator[m[K==(basic_string_view<_CharT, _Traits> __x,
      |     [01;36m[K^~~~~~~~[m[K
[01m[K/usr/include/c++/9/string_view:477:5:[m[K [01;36m[Knote: [m[K  template argument deduction/substitution failed:
[01m[K/home/irobot/catkin_ws/src/swot/swot_manipulation/src/manipulation.cpp:768:79:[m[K [01;36m[Knote: [m[K  mismatched types ‘[01m[Kstd::basic_string_view<_CharT, _Traits>[m[K’ and ‘[01m[Kdouble[m[K’
  768 |         if(workspace_dimensions_matching_object.workspace_dimensions[i][4] == [01;36m[Kws_name[m[K)
      |                                                                               [01;36m[K^~~~~~~[m[K
In file included from [01m[K/usr/include/c++/9/bits/basic_string.h:48[m[K,
                 from [01m[K/usr/include/c++/9/string:55[m[K,
                 from [01m[K/opt/ros/noetic/include/ros/platform.h:38[m[K,
                 from [01m[K/opt/ros/noetic/include/ros/time.h:53[m[K,
                 from [01m[K/opt/ros/noetic/include/ros/ros.h:38[m[K,
                 from [01m[K/home/irobot/catkin_ws/src/swot/swot_manipulation/include/swot_manipulation/manipulation.h:10[m[K,
                 from [01m[K/home/irobot/catkin_ws/src/swot/swot_manipulation/src/manipulation.cpp:8[m[K:
[01m[K/usr/include/c++/9/string_view:483:5:[m[K [01;36m[Knote: [m[Kcandidate: ‘[01m[Ktemplate<class _CharT, class _Traits> constexpr bool std::operator==(std::__detail::__idt<std::basic_string_view<_CharT, _Traits> >, std::basic_string_view<_CharT, _Traits>)[m[K’
  483 |     [01;36m[Koperator[m[K==(__detail::__idt<basic_string_view<_CharT, _Traits>> __x,
      |     [01;36m[K^~~~~~~~[m[K
[01m[K/usr/include/c++/9/string_view:483:5:[m[K [01;36m[Knote: [m[K  template argument deduction/substitution failed:
[01m[K/home/irobot/catkin_ws/src/swot/swot_manipulation/src/manipulation.cpp:768:79:[m[K [01;36m[Knote: [m[K  ‘[01m[Kstd::__cxx11::basic_string<char>[m[K’ is not derived from ‘[01m[Kstd::basic_string_view<_CharT, _Traits>[m[K’
  768 |         if(workspace_dimensions_matching_object.workspace_dimensions[i][4] == [01;36m[Kws_name[m[K)
      |                                                                               [01;36m[K^~~~~~~[m[K
In file included from [01m[K/usr/include/c++/9/string:55[m[K,
                 from [01m[K/opt/ros/noetic/include/ros/platform.h:38[m[K,
                 from [01m[K/opt/ros/noetic/include/ros/time.h:53[m[K,
                 from [01m[K/opt/ros/noetic/include/ros/ros.h:38[m[K,
                 from [01m[K/home/irobot/catkin_ws/src/swot/swot_manipulation/include/swot_manipulation/manipulation.h:10[m[K,
                 from [01m[K/home/irobot/catkin_ws/src/swot/swot_manipulation/src/manipulation.cpp:8[m[K:
[01m[K/usr/include/c++/9/bits/basic_string.h:6144:5:[m[K [01;36m[Knote: [m[Kcandidate: ‘[01m[Ktemplate<class _CharT, class _Traits, class _Alloc> bool std::operator==(const std::__cxx11::basic_string<_CharT, _Traits, _Allocator>&, const std::__cxx11::basic_string<_CharT, _Traits, _Allocator>&)[m[K’
 6144 |     [01;36m[Koperator[m[K==(const basic_string<_CharT, _Traits, _Alloc>& __lhs,
      |     [01;36m[K^~~~~~~~[m[K
[01m[K/usr/include/c++/9/bits/basic_string.h:6144:5:[m[K [01;36m[Knote: [m[K  template argument deduction/substitution failed:
[01m[K/home/irobot/catkin_ws/src/swot/swot_manipulation/src/manipulation.cpp:768:79:[m[K [01;36m[Knote: [m[K  mismatched types ‘[01m[Kconst std::__cxx11::basic_string<_CharT, _Traits, _Allocator>[m[K’ and ‘[01m[Kstd::array<double, 5>::value_type[m[K’ {aka ‘[01m[Kdouble[m[K’}
  768 |         if(workspace_dimensions_matching_object.workspace_dimensions[i][4] == [01;36m[Kws_name[m[K)
      |                                                                               [01;36m[K^~~~~~~[m[K
In file included from [01m[K/usr/include/c++/9/string:55[m[K,
                 from [01m[K/opt/ros/noetic/include/ros/platform.h:38[m[K,
                 from [01m[K/opt/ros/noetic/include/ros/time.h:53[m[K,
                 from [01m[K/opt/ros/noetic/include/ros/ros.h:38[m[K,
                 from [01m[K/home/irobot/catkin_ws/src/swot/swot_manipulation/include/swot_manipulation/manipulation.h:10[m[K,
                 from [01m[K/home/irobot/catkin_ws/src/swot/swot_manipulation/src/manipulation.cpp:8[m[K:
[01m[K/usr/include/c++/9/bits/basic_string.h:6152:5:[m[K [01;36m[Knote: [m[Kcandidate: ‘[01m[Ktemplate<class _CharT> typename __gnu_cxx::__enable_if<std::__is_char<_Tp>::__value, bool>::__type std::operator==(const std::__cxx11::basic_string<_CharT>&, const std::__cxx11::basic_string<_CharT>&)[m[K’
 6152 |     [01;36m[Koperator[m[K==(const basic_string<_CharT>& __lhs,
      |     [01;36m[K^~~~~~~~[m[K
[01m[K/usr/include/c++/9/bits/basic_string.h:6152:5:[m[K [01;36m[Knote: [m[K  template argument deduction/substitution failed:
[01m[K/home/irobot/catkin_ws/src/swot/swot_manipulation/src/manipulation.cpp:768:79:[m[K [01;36m[Knote: [m[K  mismatched types ‘[01m[Kconst std::__cxx11::basic_string<_CharT>[m[K’ and ‘[01m[Kstd::array<double, 5>::value_type[m[K’ {aka ‘[01m[Kdouble[m[K’}
  768 |         if(workspace_dimensions_matching_object.workspace_dimensions[i][4] == [01;36m[Kws_name[m[K)
      |                                                                               [01;36m[K^~~~~~~[m[K
In file included from [01m[K/usr/include/c++/9/string:55[m[K,
                 from [01m[K/opt/ros/noetic/include/ros/platform.h:38[m[K,
                 from [01m[K/opt/ros/noetic/include/ros/time.h:53[m[K,
                 from [01m[K/opt/ros/noetic/include/ros/ros.h:38[m[K,
                 from [01m[K/home/irobot/catkin_ws/src/swot/swot_manipulation/include/swot_manipulation/manipulation.h:10[m[K,
                 from [01m[K/home/irobot/catkin_ws/src/swot/swot_manipulation/src/manipulation.cpp:8[m[K:
[01m[K/usr/include/c++/9/bits/basic_string.h:6166:5:[m[K [01;36m[Knote: [m[Kcandidate: ‘[01m[Ktemplate<class _CharT, class _Traits, class _Alloc> bool std::operator==(const _CharT*, const std::__cxx11::basic_string<_CharT, _Traits, _Allocator>&)[m[K’
 6166 |     [01;36m[Koperator[m[K==(const _CharT* __lhs,
      |     [01;36m[K^~~~~~~~[m[K
[01m[K/usr/include/c++/9/bits/basic_string.h:6166:5:[m[K [01;36m[Knote: [m[K  template argument deduction/substitution failed:
[01m[K/home/irobot/catkin_ws/src/swot/swot_manipulation/src/manipulation.cpp:768:79:[m[K [01;36m[Knote: [m[K  mismatched types ‘[01m[Kconst _CharT*[m[K’ and ‘[01m[Kdouble[m[K’
  768 |         if(workspace_dimensions_matching_object.workspace_dimensions[i][4] == [01;36m[Kws_name[m[K)
      |                                                                               [01;36m[K^~~~~~~[m[K
In file included from [01m[K/usr/include/c++/9/string:55[m[K,
                 from [01m[K/opt/ros/noetic/include/ros/platform.h:38[m[K,
                 from [01m[K/opt/ros/noetic/include/ros/time.h:53[m[K,
                 from [01m[K/opt/ros/noetic/include/ros/ros.h:38[m[K,
                 from [01m[K/home/irobot/catkin_ws/src/swot/swot_manipulation/include/swot_manipulation/manipulation.h:10[m[K,
                 from [01m[K/home/irobot/catkin_ws/src/swot/swot_manipulation/src/manipulation.cpp:8[m[K:
[01m[K/usr/include/c++/9/bits/basic_string.h:6178:5:[m[K [01;36m[Knote: [m[Kcandidate: ‘[01m[Ktemplate<class _CharT, class _Traits, class _Alloc> bool std::operator==(const std::__cxx11::basic_string<_CharT, _Traits, _Allocator>&, const _CharT*)[m[K’
 6178 |     [01;36m[Koperator[m[K==(const basic_string<_CharT, _Traits, _Alloc>& __lhs,
      |     [01;36m[K^~~~~~~~[m[K
[01m[K/usr/include/c++/9/bits/basic_string.h:6178:5:[m[K [01;36m[Knote: [m[K  template argument deduction/substitution failed:
[01m[K/home/irobot/catkin_ws/src/swot/swot_manipulation/src/manipulation.cpp:768:79:[m[K [01;36m[Knote: [m[K  mismatched types ‘[01m[Kconst std::__cxx11::basic_string<_CharT, _Traits, _Allocator>[m[K’ and ‘[01m[Kstd::array<double, 5>::value_type[m[K’ {aka ‘[01m[Kdouble[m[K’}
  768 |         if(workspace_dimensions_matching_object.workspace_dimensions[i][4] == [01;36m[Kws_name[m[K)
      |                                                                               [01;36m[K^~~~~~~[m[K
In file included from [01m[K/usr/include/c++/9/bits/ios_base.h:46[m[K,
                 from [01m[K/usr/include/c++/9/ios:42[m[K,
                 from [01m[K/usr/include/c++/9/ostream:38[m[K,
                 from [01m[K/usr/include/c++/9/iostream:39[m[K,
                 from [01m[K/opt/ros/noetic/include/ros/time.h:54[m[K,
                 from [01m[K/opt/ros/noetic/include/ros/ros.h:38[m[K,
                 from [01m[K/home/irobot/catkin_ws/src/swot/swot_manipulation/include/swot_manipulation/manipulation.h:10[m[K,
                 from [01m[K/home/irobot/catkin_ws/src/swot/swot_manipulation/src/manipulation.cpp:8[m[K:
[01m[K/usr/include/c++/9/system_error:292:3:[m[K [01;36m[Knote: [m[Kcandidate: ‘[01m[Kbool std::operator==(const std::error_code&, const std::error_code&)[m[K’
  292 |   [01;36m[Koperator[m[K==(const error_code& __lhs, const error_code& __rhs) noexcept
      |   [01;36m[K^~~~~~~~[m[K
[01m[K/usr/include/c++/9/system_error:292:32:[m[K [01;36m[Knote: [m[K  no known conversion for argument 1 from ‘[01m[Kstd::array<double, 5>::value_type[m[K’ {aka ‘[01m[Kdouble[m[K’} to ‘[01m[Kconst std::error_code&[m[K’
  292 |   operator==([01;36m[Kconst error_code& __lhs[m[K, const error_code& __rhs) noexcept
      |              [01;36m[K~~~~~~~~~~~~~~~~~~^~~~~[m[K
[01m[K/usr/include/c++/9/system_error:297:3:[m[K [01;36m[Knote: [m[Kcandidate: ‘[01m[Kbool std::operator==(const std::error_code&, const std::error_condition&)[m[K’
  297 |   [01;36m[Koperator[m[K==(const error_code& __lhs, const error_condition& __rhs) noexcept
      |   [01;36m[K^~~~~~~~[m[K
[01m[K/usr/include/c++/9/system_error:297:32:[m[K [01;36m[Knote: [m[K  no known conversion for argument 1 from ‘[01m[Kstd::array<double, 5>::value_type[m[K’ {aka ‘[01m[Kdouble[m[K’} to ‘[01m[Kconst std::error_code&[m[K’
  297 |   operator==([01;36m[Kconst error_code& __lhs[m[K, const error_condition& __rhs) noexcept
      |              [01;36m[K~~~~~~~~~~~~~~~~~~^~~~~[m[K
[01m[K/usr/include/c++/9/system_error:304:3:[m[K [01;36m[Knote: [m[Kcandidate: ‘[01m[Kbool std::operator==(const std::error_condition&, const std::error_code&)[m[K’
  304 |   [01;36m[Koperator[m[K==(const error_condition& __lhs, const error_code& __rhs) noexcept
      |   [01;36m[K^~~~~~~~[m[K
[01m[K/usr/include/c++/9/system_error:304:37:[m[K [01;36m[Knote: [m[K  no known conversion for argument 1 from ‘[01m[Kstd::array<double, 5>::value_type[m[K’ {aka ‘[01m[Kdouble[m[K’} to ‘[01m[Kconst std::error_condition&[m[K’
  304 |   operator==([01;36m[Kconst error_condition& __lhs[m[K, const error_code& __rhs) noexcept
      |              [01;36m[K~~~~~~~~~~~~~~~~~~~~~~~^~~~~[m[K
[01m[K/usr/include/c++/9/system_error:311:3:[m[K [01;36m[Knote: [m[Kcandidate: ‘[01m[Kbool std::operator==(const std::error_condition&, const std::error_condition&)[m[K’
  311 |   [01;36m[Koperator[m[K==(const error_condition& __lhs,
      |   [01;36m[K^~~~~~~~[m[K
[01m[K/usr/include/c++/9/system_error:311:37:[m[K [01;36m[Knote: [m[K  no known conversion for argument 1 from ‘[01m[Kstd::array<double, 5>::value_type[m[K’ {aka ‘[01m[Kdouble[m[K’} to ‘[01m[Kconst std::error_condition&[m[K’
  311 |   operator==([01;36m[Kconst error_condition& __lhs[m[K,
      |              [01;36m[K~~~~~~~~~~~~~~~~~~~~~~~^~~~~[m[K
In file included from [01m[K/usr/include/c++/9/bits/locale_facets.h:48[m[K,
                 from [01m[K/usr/include/c++/9/bits/basic_ios.h:37[m[K,
                 from [01m[K/usr/include/c++/9/ios:44[m[K,
                 from [01m[K/usr/include/c++/9/ostream:38[m[K,
                 from [01m[K/usr/include/c++/9/iostream:39[m[K,
                 from [01m[K/opt/ros/noetic/include/ros/time.h:54[m[K,
                 from [01m[K/opt/ros/noetic/include/ros/ros.h:38[m[K,
                 from [01m[K/home/irobot/catkin_ws/src/swot/swot_manipulation/include/swot_manipulation/manipulation.h:10[m[K,
                 from [01m[K/home/irobot/catkin_ws/src/swot/swot_manipulation/src/manipulation.cpp:8[m[K:
[01m[K/usr/include/c++/9/bits/streambuf_iterator.h:208:5:[m[K [01;36m[Knote: [m[Kcandidate: ‘[01m[Ktemplate<class _CharT, class _Traits> bool std::operator==(const std::istreambuf_iterator<_CharT, _Traits>&, const std::istreambuf_iterator<_CharT, _Traits>&)[m[K’
  208 |     [01;36m[Koperator[m[K==(const istreambuf_iterator<_CharT, _Traits>& __a,
      |     [01;36m[K^~~~~~~~[m[K
[01m[K/usr/include/c++/9/bits/streambuf_iterator.h:208:5:[m[K [01;36m[Knote: [m[K  template argument deduction/substitution failed:
[01m[K/home/irobot/catkin_ws/src/swot/swot_manipulation/src/manipulation.cpp:768:79:[m[K [01;36m[Knote: [m[K  mismatched types ‘[01m[Kconst std::istreambuf_iterator<_CharT, _Traits>[m[K’ and ‘[01m[Kstd::array<double, 5>::value_type[m[K’ {aka ‘[01m[Kdouble[m[K’}
  768 |         if(workspace_dimensions_matching_object.workspace_dimensions[i][4] == [01;36m[Kws_name[m[K)
      |                                                                               [01;36m[K^~~~~~~[m[K
In file included from [01m[K/usr/include/c++/9/tuple:39[m[K,
                 from [01m[K/usr/include/c++/9/functional:54[m[K,
                 from [01m[K/usr/include/c++/9/pstl/glue_algorithm_defs.h:13[m[K,
                 from [01m[K/usr/include/c++/9/algorithm:71[m[K,
                 from [01m[K/usr/include/boost/math/tools/config.hpp:18[m[K,
                 from [01m[K/usr/include/boost/math/special_functions/round.hpp:13[m[K,
                 from [01m[K/opt/ros/noetic/include/ros/time.h:58[m[K,
                 from [01m[K/opt/ros/noetic/include/ros/ros.h:38[m[K,
                 from [01m[K/home/irobot/catkin_ws/src/swot/swot_manipulation/include/swot_manipulation/manipulation.h:10[m[K,
                 from [01m[K/home/irobot/catkin_ws/src/swot/swot_manipulation/src/manipulation.cpp:8[m[K:
[01m[K/usr/include/c++/9/array:252:5:[m[K [01;36m[Knote: [m[Kcandidate: ‘[01m[Ktemplate<class _Tp, long unsigned int _Nm> bool std::operator==(const std::array<_Tp, _Nm>&, const std::array<_Tp, _Nm>&)[m[K’
  252 |     [01;36m[Koperator[m[K==(const array<_Tp, _Nm>& __one, const array<_Tp, _Nm>& __two)
      |     [01;36m[K^~~~~~~~[m[K
[01m[K/usr/include/c++/9/array:252:5:[m[K [01;36m[Knote: [m[K  template argument deduction/substitution failed:
[01m[K/home/irobot/catkin_ws/src/swot/swot_manipulation/src/manipulation.cpp:768:79:[m[K [01;36m[Knote: [m[K  mismatched types ‘[01m[Kconst std::array<_Tp, _Nm>[m[K’ and ‘[01m[Kstd::array<double, 5>::value_type[m[K’ {aka ‘[01m[Kdouble[m[K’}
  768 |         if(workspace_dimensions_matching_object.workspace_dimensions[i][4] == [01;36m[Kws_name[m[K)
      |                                                                               [01;36m[K^~~~~~~[m[K
In file included from [01m[K/usr/include/c++/9/functional:54[m[K,
                 from [01m[K/usr/include/c++/9/pstl/glue_algorithm_defs.h:13[m[K,
                 from [01m[K/usr/include/c++/9/algorithm:71[m[K,
                 from [01m[K/usr/include/boost/math/tools/config.hpp:18[m[K,
                 from [01m[K/usr/include/boost/math/special_functions/round.hpp:13[m[K,
                 from [01m[K/opt/ros/noetic/include/ros/time.h:58[m[K,
                 from [01m[K/opt/ros/noetic/include/ros/ros.h:38[m[K,
                 from [01m[K/home/irobot/catkin_ws/src/swot/swot_manipulation/include/swot_manipulation/manipulation.h:10[m[K,
                 from [01m[K/home/irobot/catkin_ws/src/swot/swot_manipulation/src/manipulation.cpp:8[m[K:
[01m[K/usr/include/c++/9/tuple:1419:5:[m[K [01;36m[Knote: [m[Kcandidate: ‘[01m[Ktemplate<class ... _TElements, class ... _UElements> constexpr bool std::operator==(const std::tuple<_Tps ...>&, const std::tuple<_Elements ...>&)[m[K’
 1419 |     [01;36m[Koperator[m[K==(const tuple<_TElements...>& __t,
      |     [01;36m[K^~~~~~~~[m[K
[01m[K/usr/include/c++/9/tuple:1419:5:[m[K [01;36m[Knote: [m[K  template argument deduction/substitution failed:
[01m[K/home/irobot/catkin_ws/src/swot/swot_manipulation/src/manipulation.cpp:768:79:[m[K [01;36m[Knote: [m[K  mismatched types ‘[01m[Kconst std::tuple<_Tps ...>[m[K’ and ‘[01m[Kstd::array<double, 5>::value_type[m[K’ {aka ‘[01m[Kdouble[m[K’}
  768 |         if(workspace_dimensions_matching_object.workspace_dimensions[i][4] == [01;36m[Kws_name[m[K)
      |                                                                               [01;36m[K^~~~~~~[m[K
In file included from [01m[K/usr/include/c++/9/functional:59[m[K,
                 from [01m[K/usr/include/c++/9/pstl/glue_algorithm_defs.h:13[m[K,
                 from [01m[K/usr/include/c++/9/algorithm:71[m[K,
                 from [01m[K/usr/include/boost/math/tools/config.hpp:18[m[K,
                 from [01m[K/usr/include/boost/math/special_functions/round.hpp:13[m[K,
                 from [01m[K/opt/ros/noetic/include/ros/time.h:58[m[K,
                 from [01m[K/opt/ros/noetic/include/ros/ros.h:38[m[K,
                 from [01m[K/home/irobot/catkin_ws/src/swot/swot_manipulation/include/swot_manipulation/manipulation.h:10[m[K,
                 from [01m[K/home/irobot/catkin_ws/src/swot/swot_manipulation/src/manipulation.cpp:8[m[K:
[01m[K/usr/include/c++/9/bits/std_function.h:746:5:[m[K [01;36m[Knote: [m[Kcandidate: ‘[01m[Ktemplate<class _Res, class ... _Args> bool std::operator==(const std::function<_Res(_ArgTypes ...)>&, std::nullptr_t)[m[K’
  746 |     [01;36m[Koperator[m[K==(const function<_Res(_Args...)>& __f, nullptr_t) noexcept
      |     [01;36m[K^~~~~~~~[m[K
[01m[K/usr/include/c++/9/bits/std_function.h:746:5:[m[K [01;36m[Knote: [m[K  template argument deduction/substitution failed:
[01m[K/home/irobot/catkin_ws/src/swot/swot_manipulation/src/manipulation.cpp:768:79:[m[K [01;36m[Knote: [m[K  mismatched types ‘[01m[Kconst std::function<_Res(_ArgTypes ...)>[m[K’ and ‘[01m[Kstd::array<double, 5>::value_type[m[K’ {aka ‘[01m[Kdouble[m[K’}
  768 |         if(workspace_dimensions_matching_object.workspace_dimensions[i][4] == [01;36m[Kws_name[m[K)
      |                                                                               [01;36m[K^~~~~~~[m[K
In file included from [01m[K/usr/include/c++/9/functional:59[m[K,
                 from [01m[K/usr/include/c++/9/pstl/glue_algorithm_defs.h:13[m[K,
                 from [01m[K/usr/include/c++/9/algorithm:71[m[K,
                 from [01m[K/usr/include/boost/math/tools/config.hpp:18[m[K,
                 from [01m[K/usr/include/boost/math/special_functions/round.hpp:13[m[K,
                 from [01m[K/opt/ros/noetic/include/ros/time.h:58[m[K,
                 from [01m[K/opt/ros/noetic/include/ros/ros.h:38[m[K,
                 from [01m[K/home/irobot/catkin_ws/src/swot/swot_manipulation/include/swot_manipulation/manipulation.h:10[m[K,
                 from [01m[K/home/irobot/catkin_ws/src/swot/swot_manipulation/src/manipulation.cpp:8[m[K:
[01m[K/usr/include/c++/9/bits/std_function.h:752:5:[m[K [01;36m[Knote: [m[Kcandidate: ‘[01m[Ktemplate<class _Res, class ... _Args> bool std::operator==(std::nullptr_t, const std::function<_Res(_ArgTypes ...)>&)[m[K’
  752 |     [01;36m[Koperator[m[K==(nullptr_t, const function<_Res(_Args...)>& __f) noexcept
      |     [01;36m[K^~~~~~~~[m[K
[01m[K/usr/include/c++/9/bits/std_function.h:752:5:[m[K [01;36m[Knote: [m[K  template argument deduction/substitution failed:
[01m[K/home/irobot/catkin_ws/src/swot/swot_manipulation/src/manipulation.cpp:768:79:[m[K [01;36m[Knote: [m[K  ‘[01m[Kstd::string[m[K’ {aka ‘[01m[Kstd::__cxx11::basic_string<char>[m[K’} is not derived from ‘[01m[Kconst std::function<_Res(_ArgTypes ...)>[m[K’
  768 |         if(workspace_dimensions_matching_object.workspace_dimensions[i][4] == [01;36m[Kws_name[m[K)
      |                                                                               [01;36m[K^~~~~~~[m[K
In file included from [01m[K/usr/include/c++/9/bits/node_handle.h:39[m[K,
                 from [01m[K/usr/include/c++/9/bits/hashtable.h:37[m[K,
                 from [01m[K/usr/include/c++/9/unordered_map:46[m[K,
                 from [01m[K/usr/include/c++/9/functional:61[m[K,
                 from [01m[K/usr/include/c++/9/pstl/glue_algorithm_defs.h:13[m[K,
                 from [01m[K/usr/include/c++/9/algorithm:71[m[K,
                 from [01m[K/usr/include/boost/math/tools/config.hpp:18[m[K,
                 from [01m[K/usr/include/boost/math/special_functions/round.hpp:13[m[K,
                 from [01m[K/opt/ros/noetic/include/ros/time.h:58[m[K,
                 from [01m[K/opt/ros/noetic/include/ros/ros.h:38[m[K,
                 from [01m[K/home/irobot/catkin_ws/src/swot/swot_manipulation/include/swot_manipulation/manipulation.h:10[m[K,
                 from [01m[K/home/irobot/catkin_ws/src/swot/swot_manipulation/src/manipulation.cpp:8[m[K:
[01m[K/usr/include/c++/9/optional:983:5:[m[K [01;36m[Knote: [m[Kcandidate: ‘[01m[Ktemplate<class _Tp, class _Up> constexpr std::__optional_relop_t<decltype ((declval<_Tp>() == declval<_Up>()))> std::operator==(const std::optional<_Tp>&, const std::optional<_Up>&)[m[K’
  983 |     [01;36m[Koperator[m[K==(const optional<_Tp>& __lhs, const optional<_Up>& __rhs)
      |     [01;36m[K^~~~~~~~[m[K
[01m[K/usr/include/c++/9/optional:983:5:[m[K [01;36m[Knote: [m[K  template argument deduction/substitution failed:
[01m[K/home/irobot/catkin_ws/src/swot/swot_manipulation/src/manipulation.cpp:768:79:[m[K [01;36m[Knote: [m[K  mismatched types ‘[01m[Kconst std::optional<_Tp>[m[K’ and ‘[01m[Kstd::array<double, 5>::value_type[m[K’ {aka ‘[01m[Kdouble[m[K’}
  768 |         if(workspace_dimensions_matching_object.workspace_dimensions[i][4] == [01;36m[Kws_name[m[K)
      |                                                                               [01;36m[K^~~~~~~[m[K
In file included from [01m[K/usr/include/c++/9/bits/node_handle.h:39[m[K,
                 from [01m[K/usr/include/c++/9/bits/hashtable.h:37[m[K,
                 from [01m[K/usr/include/c++/9/unordered_map:46[m[K,
                 from [01m[K/usr/include/c++/9/functional:61[m[K,
                 from [01m[K/usr/include/c++/9/pstl/glue_algorithm_defs.h:13[m[K,
                 from [01m[K/usr/include/c++/9/algorithm:71[m[K,
                 from [01m[K/usr/include/boost/math/tools/config.hpp:18[m[K,
                 from [01m[K/usr/include/boost/math/special_functions/round.hpp:13[m[K,
                 from [01m[K/opt/ros/noetic/include/ros/time.h:58[m[K,
                 from [01m[K/opt/ros/noetic/include/ros/ros.h:38[m[K,
                 from [01m[K/home/irobot/catkin_ws/src/swot/swot_manipulation/include/swot_manipulation/manipulation.h:10[m[K,
                 from [01m[K/home/irobot/catkin_ws/src/swot/swot_manipulation/src/manipulation.cpp:8[m[K:
[01m[K/usr/include/c++/9/optional:1034:5:[m[K [01;36m[Knote: [m[Kcandidate: ‘[01m[Ktemplate<class _Tp> constexpr bool std::operator==(const std::optional<_Tp>&, std::nullopt_t)[m[K’
 1034 |     [01;36m[Koperator[m[K==(const optional<_Tp>& __lhs, nullopt_t) noexcept
      |     [01;36m[K^~~~~~~~[m[K
[01m[K/usr/include/c++/9/optional:1034:5:[m[K [01;36m[Knote: [m[K  template argument deduction/substitution failed:
[01m[K/home/irobot/catkin_ws/src/swot/swot_manipulation/src/manipulation.cpp:768:79:[m[K [01;36m[Knote: [m[K  mismatched types ‘[01m[Kconst std::optional<_Tp>[m[K’ and ‘[01m[Kstd::array<double, 5>::value_type[m[K’ {aka ‘[01m[Kdouble[m[K’}
  768 |         if(workspace_dimensions_matching_object.workspace_dimensions[i][4] == [01;36m[Kws_name[m[K)
      |                                                                               [01;36m[K^~~~~~~[m[K
In file included from [01m[K/usr/include/c++/9/bits/node_handle.h:39[m[K,
                 from [01m[K/usr/include/c++/9/bits/hashtable.h:37[m[K,
                 from [01m[K/usr/include/c++/9/unordered_map:46[m[K,
                 from [01m[K/usr/include/c++/9/functional:61[m[K,
                 from [01m[K/usr/include/c++/9/pstl/glue_algorithm_defs.h:13[m[K,
                 from [01m[K/usr/include/c++/9/algorithm:71[m[K,
                 from [01m[K/usr/include/boost/math/tools/config.hpp:18[m[K,
                 from [01m[K/usr/include/boost/math/special_functions/round.hpp:13[m[K,
                 from [01m[K/opt/ros/noetic/include/ros/time.h:58[m[K,
                 from [01m[K/opt/ros/noetic/include/ros/ros.h:38[m[K,
                 from [01m[K/home/irobot/catkin_ws/src/swot/swot_manipulation/include/swot_manipulation/manipulation.h:10[m[K,
                 from [01m[K/home/irobot/catkin_ws/src/swot/swot_manipulation/src/manipulation.cpp:8[m[K:
[01m[K/usr/include/c++/9/optional:1039:5:[m[K [01;36m[Knote: [m[Kcandidate: ‘[01m[Ktemplate<class _Tp> constexpr bool std::operator==(std::nullopt_t, const std::optional<_Tp>&)[m[K’
 1039 |     [01;36m[Koperator[m[K==(nullopt_t, const optional<_Tp>& __rhs) noexcept
      |     [01;36m[K^~~~~~~~[m[K
[01m[K/usr/include/c++/9/optional:1039:5:[m[K [01;36m[Knote: [m[K  template argument deduction/substitution failed:
[01m[K/home/irobot/catkin_ws/src/swot/swot_manipulation/src/manipulation.cpp:768:79:[m[K [01;36m[Knote: [m[K  ‘[01m[Kstd::string[m[K’ {aka ‘[01m[Kstd::__cxx11::basic_string<char>[m[K’} is not derived from ‘[01m[Kconst std::optional<_Tp>[m[K’
  768 |         if(workspace_dimensions_matching_object.workspace_dimensions[i][4] == [01;36m[Kws_name[m[K)
      |                                                                               [01;36m[K^~~~~~~[m[K
In file included from [01m[K/usr/include/c++/9/bits/node_handle.h:39[m[K,
                 from [01m[K/usr/include/c++/9/bits/hashtable.h:37[m[K,
                 from [01m[K/usr/include/c++/9/unordered_map:46[m[K,
                 from [01m[K/usr/include/c++/9/functional:61[m[K,
                 from [01m[K/usr/include/c++/9/pstl/glue_algorithm_defs.h:13[m[K,
                 from [01m[K/usr/include/c++/9/algorithm:71[m[K,
                 from [01m[K/usr/include/boost/math/tools/config.hpp:18[m[K,
                 from [01m[K/usr/include/boost/math/special_functions/round.hpp:13[m[K,
                 from [01m[K/opt/ros/noetic/include/ros/time.h:58[m[K,
                 from [01m[K/opt/ros/noetic/include/ros/ros.h:38[m[K,
                 from [01m[K/home/irobot/catkin_ws/src/swot/swot_manipulation/include/swot_manipulation/manipulation.h:10[m[K,
                 from [01m[K/home/irobot/catkin_ws/src/swot/swot_manipulation/src/manipulation.cpp:8[m[K:
[01m[K/usr/include/c++/9/optional:1095:5:[m[K [01;36m[Knote: [m[Kcandidate: ‘[01m[Ktemplate<class _Tp, class _Up> constexpr std::__optional_relop_t<decltype ((declval<_Tp>() == declval<_Up>()))> std::operator==(const std::optional<_Tp>&, const _Up&)[m[K’
 1095 |     [01;36m[Koperator[m[K==(const optional<_Tp>& __lhs, const _Up& __rhs)
      |     [01;36m[K^~~~~~~~[m[K
[01m[K/usr/include/c++/9/optional:1095:5:[m[K [01;36m[Knote: [m[K  template argument deduction/substitution failed:
[01m[K/home/irobot/catkin_ws/src/swot/swot_manipulation/src/manipulation.cpp:768:79:[m[K [01;36m[Knote: [m[K  mismatched types ‘[01m[Kconst std::optional<_Tp>[m[K’ and ‘[01m[Kstd::array<double, 5>::value_type[m[K’ {aka ‘[01m[Kdouble[m[K’}
  768 |         if(workspace_dimensions_matching_object.workspace_dimensions[i][4] == [01;36m[Kws_name[m[K)
      |                                                                               [01;36m[K^~~~~~~[m[K
In file included from [01m[K/usr/include/c++/9/bits/node_handle.h:39[m[K,
                 from [01m[K/usr/include/c++/9/bits/hashtable.h:37[m[K,
                 from [01m[K/usr/include/c++/9/unordered_map:46[m[K,
                 from [01m[K/usr/include/c++/9/functional:61[m[K,
                 from [01m[K/usr/include/c++/9/pstl/glue_algorithm_defs.h:13[m[K,
                 from [01m[K/usr/include/c++/9/algorithm:71[m[K,
                 from [01m[K/usr/include/boost/math/tools/config.hpp:18[m[K,
                 from [01m[K/usr/include/boost/math/special_functions/round.hpp:13[m[K,
                 from [01m[K/opt/ros/noetic/include/ros/time.h:58[m[K,
                 from [01m[K/opt/ros/noetic/include/ros/ros.h:38[m[K,
                 from [01m[K/home/irobot/catkin_ws/src/swot/swot_manipulation/include/swot_manipulation/manipulation.h:10[m[K,
                 from [01m[K/home/irobot/catkin_ws/src/swot/swot_manipulation/src/manipulation.cpp:8[m[K:
[01m[K/usr/include/c++/9/optional:1101:5:[m[K [01;36m[Knote: [m[Kcandidate: ‘[01m[Ktemplate<class _Tp, class _Up> constexpr std::__optional_relop_t<decltype ((declval<_Up>() == declval<_Tp>()))> std::operator==(const _Up&, const std::optional<_Tp>&)[m[K’
 1101 |     [01;36m[Koperator[m[K==(const _Up& __lhs, const optional<_Tp>& __rhs)
      |     [01;36m[K^~~~~~~~[m[K
[01m[K/usr/include/c++/9/optional:1101:5:[m[K [01;36m[Knote: [m[K  template argument deduction/substitution failed:
[01m[K/home/irobot/catkin_ws/src/swot/swot_manipulation/src/manipulation.cpp:768:79:[m[K [01;36m[Knote: [m[K  ‘[01m[Kstd::string[m[K’ {aka ‘[01m[Kstd::__cxx11::basic_string<char>[m[K’} is not derived from ‘[01m[Kconst std::optional<_Tp>[m[K’
  768 |         if(workspace_dimensions_matching_object.workspace_dimensions[i][4] == [01;36m[Kws_name[m[K)
      |                                                                               [01;36m[K^~~~~~~[m[K
In file included from [01m[K/usr/include/c++/9/unordered_map:47[m[K,
                 from [01m[K/usr/include/c++/9/functional:61[m[K,
                 from [01m[K/usr/include/c++/9/pstl/glue_algorithm_defs.h:13[m[K,
                 from [01m[K/usr/include/c++/9/algorithm:71[m[K,
                 from [01m[K/usr/include/boost/math/tools/config.hpp:18[m[K,
                 from [01m[K/usr/include/boost/math/special_functions/round.hpp:13[m[K,
                 from [01m[K/opt/ros/noetic/include/ros/time.h:58[m[K,
                 from [01m[K/opt/ros/noetic/include/ros/ros.h:38[m[K,
                 from [01m[K/home/irobot/catkin_ws/src/swot/swot_manipulation/include/swot_manipulation/manipulation.h:10[m[K,
                 from [01m[K/home/irobot/catkin_ws/src/swot/swot_manipulation/src/manipulation.cpp:8[m[K:
[01m[K/usr/include/c++/9/bits/unordered_map.h:2093:5:[m[K [01;36m[Knote: [m[Kcandidate: ‘[01m[Ktemplate<class _Key1, class _Tp1, class _Hash1, class _Pred1, class _Alloc1> bool std::operator==(const std::unordered_map<_Key1, _Tp1, _Hash1, _Pred1, _Alloc1>&, const std::unordered_map<_Key1, _Tp1, _Hash1, _Pred1, _Alloc1>&)[m[K’
 2093 |     [01;36m[Koperator[m[K==(const unordered_map<_Key, _Tp, _Hash, _Pred, _Alloc>& __x,
      |     [01;36m[K^~~~~~~~[m[K
[01m[K/usr/include/c++/9/bits/unordered_map.h:2093:5:[m[K [01;36m[Knote: [m[K  template argument deduction/substitution failed:
[01m[K/home/irobot/catkin_ws/src/swot/swot_manipulation/src/manipulation.cpp:768:79:[m[K [01;36m[Knote: [m[K  mismatched types ‘[01m[Kconst std::unordered_map<_Key1, _Tp1, _Hash1, _Pred1, _Alloc1>[m[K’ and ‘[01m[Kstd::array<double, 5>::value_type[m[K’ {aka ‘[01m[Kdouble[m[K’}
  768 |         if(workspace_dimensions_matching_object.workspace_dimensions[i][4] == [01;36m[Kws_name[m[K)
      |                                                                               [01;36m[K^~~~~~~[m[K
In file included from [01m[K/usr/include/c++/9/unordered_map:47[m[K,
                 from [01m[K/usr/include/c++/9/functional:61[m[K,
                 from [01m[K/usr/include/c++/9/pstl/glue_algorithm_defs.h:13[m[K,
                 from [01m[K/usr/include/c++/9/algorithm:71[m[K,
                 from [01m[K/usr/include/boost/math/tools/config.hpp:18[m[K,
                 from [01m[K/usr/include/boost/math/special_functions/round.hpp:13[m[K,
                 from [01m[K/opt/ros/noetic/include/ros/time.h:58[m[K,
                 from [01m[K/opt/ros/noetic/include/ros/ros.h:38[m[K,
                 from [01m[K/home/irobot/catkin_ws/src/swot/swot_manipulation/include/swot_manipulation/manipulation.h:10[m[K,
                 from [01m[K/home/irobot/catkin_ws/src/swot/swot_manipulation/src/manipulation.cpp:8[m[K:
[01m[K/usr/include/c++/9/bits/unordered_map.h:2105:5:[m[K [01;36m[Knote: [m[Kcandidate: ‘[01m[Ktemplate<class _Key1, class _Tp1, class _Hash1, class _Pred1, class _Alloc1> bool std::operator==(const std::unordered_multimap<_Key1, _Tp1, _Hash1, _Pred1, _Alloc1>&, const std::unordered_multimap<_Key1, _Tp1, _Hash1, _Pred1, _Alloc1>&)[m[K’
 2105 |     [01;36m[Koperator[m[K==(const unordered_multimap<_Key, _Tp, _Hash, _Pred, _Alloc>& __x,
      |     [01;36m[K^~~~~~~~[m[K
[01m[K/usr/include/c++/9/bits/unordered_map.h:2105:5:[m[K [01;36m[Knote: [m[K  template argument deduction/substitution failed:
[01m[K/home/irobot/catkin_ws/src/swot/swot_manipulation/src/manipulation.cpp:768:79:[m[K [01;36m[Knote: [m[K  mismatched types ‘[01m[Kconst std::unordered_multimap<_Key1, _Tp1, _Hash1, _Pred1, _Alloc1>[m[K’ and ‘[01m[Kstd::array<double, 5>::value_type[m[K’ {aka ‘[01m[Kdouble[m[K’}
  768 |         if(workspace_dimensions_matching_object.workspace_dimensions[i][4] == [01;36m[Kws_name[m[K)
      |                                                                               [01;36m[K^~~~~~~[m[K
In file included from [01m[K/usr/include/c++/9/vector:67[m[K,
                 from [01m[K/usr/include/c++/9/functional:62[m[K,
                 from [01m[K/usr/include/c++/9/pstl/glue_algorithm_defs.h:13[m[K,
                 from [01m[K/usr/include/c++/9/algorithm:71[m[K,
                 from [01m[K/usr/include/boost/math/tools/config.hpp:18[m[K,
                 from [01m[K/usr/include/boost/math/special_functions/round.hpp:13[m[K,
                 from [01m[K/opt/ros/noetic/include/ros/time.h:58[m[K,
                 from [01m[K/opt/ros/noetic/include/ros/ros.h:38[m[K,
                 from [01m[K/home/irobot/catkin_ws/src/swot/swot_manipulation/include/swot_manipulation/manipulation.h:10[m[K,
                 from [01m[K/home/irobot/catkin_ws/src/swot/swot_manipulation/src/manipulation.cpp:8[m[K:
[01m[K/usr/include/c++/9/bits/stl_vector.h:1888:5:[m[K [01;36m[Knote: [m[Kcandidate: ‘[01m[Ktemplate<class _Tp, class _Alloc> bool std::operator==(const std::vector<_Tp, _Alloc>&, const std::vector<_Tp, _Alloc>&)[m[K’
 1888 |     [01;36m[Koperator[m[K==(const vector<_Tp, _Alloc>& __x, const vector<_Tp, _Alloc>& __y)
      |     [01;36m[K^~~~~~~~[m[K
[01m[K/usr/include/c++/9/bits/stl_vector.h:1888:5:[m[K [01;36m[Knote: [m[K  template argument deduction/substitution failed:
[01m[K/home/irobot/catkin_ws/src/swot/swot_manipulation/src/manipulation.cpp:768:79:[m[K [01;36m[Knote: [m[K  mismatched types ‘[01m[Kconst std::vector<_Tp, _Alloc>[m[K’ and ‘[01m[Kstd::array<double, 5>::value_type[m[K’ {aka ‘[01m[Kdouble[m[K’}
  768 |         if(workspace_dimensions_matching_object.workspace_dimensions[i][4] == [01;36m[Kws_name[m[K)
      |                                                                               [01;36m[K^~~~~~~[m[K
In file included from [01m[K/usr/include/c++/9/bits/locale_conv.h:41[m[K,
                 from [01m[K/usr/include/c++/9/locale:43[m[K,
                 from [01m[K/usr/include/c++/9/iomanip:43[m[K,
                 from [01m[K/usr/include/boost/math/policies/error_handling.hpp:12[m[K,
                 from [01m[K/usr/include/boost/math/special_functions/round.hpp:14[m[K,
                 from [01m[K/opt/ros/noetic/include/ros/time.h:58[m[K,
                 from [01m[K/opt/ros/noetic/include/ros/ros.h:38[m[K,
                 from [01m[K/home/irobot/catkin_ws/src/swot/swot_manipulation/include/swot_manipulation/manipulation.h:10[m[K,
                 from [01m[K/home/irobot/catkin_ws/src/swot/swot_manipulation/src/manipulation.cpp:8[m[K:
[01m[K/usr/include/c++/9/bits/unique_ptr.h:715:5:[m[K [01;36m[Knote: [m[Kcandidate: ‘[01m[Ktemplate<class _Tp, class _Dp, class _Up, class _Ep> bool std::operator==(const std::unique_ptr<_Tp, _Dp>&, const std::unique_ptr<_Up, _Ep>&)[m[K’
  715 |     [01;36m[Koperator[m[K==(const unique_ptr<_Tp, _Dp>& __x,
      |     [01;36m[K^~~~~~~~[m[K
[01m[K/usr/include/c++/9/bits/unique_ptr.h:715:5:[m[K [01;36m[Knote: [m[K  template argument deduction/substitution failed:
[01m[K/home/irobot/catkin_ws/src/swot/swot_manipulation/src/manipulation.cpp:768:79:[m[K [01;36m[Knote: [m[K  mismatched types ‘[01m[Kconst std::unique_ptr<_Tp, _Dp>[m[K’ and ‘[01m[Kstd::array<double, 5>::value_type[m[K’ {aka ‘[01m[Kdouble[m[K’}
  768 |         if(workspace_dimensions_matching_object.workspace_dimensions[i][4] == [01;36m[Kws_name[m[K)
      |                                                                               [01;36m[K^~~~~~~[m[K
In file included from [01m[K/usr/include/c++/9/bits/locale_conv.h:41[m[K,
                 from [01m[K/usr/include/c++/9/locale:43[m[K,
                 from [01m[K/usr/include/c++/9/iomanip:43[m[K,
                 from [01m[K/usr/include/boost/math/policies/error_handling.hpp:12[m[K,
                 from [01m[K/usr/include/boost/math/special_functions/round.hpp:14[m[K,
                 from [01m[K/opt/ros/noetic/include/ros/time.h:58[m[K,
                 from [01m[K/opt/ros/noetic/include/ros/ros.h:38[m[K,
                 from [01m[K/home/irobot/catkin_ws/src/swot/swot_manipulation/include/swot_manipulation/manipulation.h:10[m[K,
                 from [01m[K/home/irobot/catkin_ws/src/swot/swot_manipulation/src/manipulation.cpp:8[m[K:
[01m[K/usr/include/c++/9/bits/unique_ptr.h:721:5:[m[K [01;36m[Knote: [m[Kcandidate: ‘[01m[Ktemplate<class _Tp, class _Dp> bool std::operator==(const std::unique_ptr<_Tp, _Dp>&, std::nullptr_t)[m[K’
  721 |     [01;36m[Koperator[m[K==(const unique_ptr<_Tp, _Dp>& __x, nullptr_t) noexcept
      |     [01;36m[K^~~~~~~~[m[K
[01m[K/usr/include/c++/9/bits/unique_ptr.h:721:5:[m[K [01;36m[Knote: [m[K  template argument deduction/substitution failed:
[01m[K/home/irobot/catkin_ws/src/swot/swot_manipulation/src/manipulation.cpp:768:79:[m[K [01;36m[Knote: [m[K  mismatched types ‘[01m[Kconst std::unique_ptr<_Tp, _Dp>[m[K’ and ‘[01m[Kstd::array<double, 5>::value_type[m[K’ {aka ‘[01m[Kdouble[m[K’}
  768 |         if(workspace_dimensions_matching_object.workspace_dimensions[i][4] == [01;36m[Kws_name[m[K)
      |                                                                               [01;36m[K^~~~~~~[m[K
In file included from [01m[K/usr/include/c++/9/bits/locale_conv.h:41[m[K,
                 from [01m[K/usr/include/c++/9/locale:43[m[K,
                 from [01m[K/usr/include/c++/9/iomanip:43[m[K,
                 from [01m[K/usr/include/boost/math/policies/error_handling.hpp:12[m[K,
                 from [01m[K/usr/include/boost/math/special_functions/round.hpp:14[m[K,
                 from [01m[K/opt/ros/noetic/include/ros/time.h:58[m[K,
                 from [01m[K/opt/ros/noetic/include/ros/ros.h:38[m[K,
                 from [01m[K/home/irobot/catkin_ws/src/swot/swot_manipulation/include/swot_manipulation/manipulation.h:10[m[K,
                 from [01m[K/home/irobot/catkin_ws/src/swot/swot_manipulation/src/manipulation.cpp:8[m[K:
[01m[K/usr/include/c++/9/bits/unique_ptr.h:726:5:[m[K [01;36m[Knote: [m[Kcandidate: ‘[01m[Ktemplate<class _Tp, class _Dp> bool std::operator==(std::nullptr_t, const std::unique_ptr<_Tp, _Dp>&)[m[K’
  726 |     [01;36m[Koperator[m[K==(nullptr_t, const unique_ptr<_Tp, _Dp>& __x) noexcept
      |     [01;36m[K^~~~~~~~[m[K
[01m[K/usr/include/c++/9/bits/unique_ptr.h:726:5:[m[K [01;36m[Knote: [m[K  template argument deduction/substitution failed:
[01m[K/home/irobot/catkin_ws/src/swot/swot_manipulation/src/manipulation.cpp:768:79:[m[K [01;36m[Knote: [m[K  ‘[01m[Kstd::string[m[K’ {aka ‘[01m[Kstd::__cxx11::basic_string<char>[m[K’} is not derived from ‘[01m[Kconst std::unique_ptr<_Tp, _Dp>[m[K’
  768 |         if(workspace_dimensions_matching_object.workspace_dimensions[i][4] == [01;36m[Kws_name[m[K)
      |                                                                               [01;36m[K^~~~~~~[m[K
In file included from [01m[K/usr/include/boost/config/no_tr1/complex.hpp:21[m[K,
                 from [01m[K/usr/include/boost/math/policies/error_handling.hpp:17[m[K,
                 from [01m[K/usr/include/boost/math/special_functions/round.hpp:14[m[K,
                 from [01m[K/opt/ros/noetic/include/ros/time.h:58[m[K,
                 from [01m[K/opt/ros/noetic/include/ros/ros.h:38[m[K,
                 from [01m[K/home/irobot/catkin_ws/src/swot/swot_manipulation/include/swot_manipulation/manipulation.h:10[m[K,
                 from [01m[K/home/irobot/catkin_ws/src/swot/swot_manipulation/src/manipulation.cpp:8[m[K:
[01m[K/usr/include/c++/9/complex:463:5:[m[K [01;36m[Knote: [m[Kcandidate: ‘[01m[Ktemplate<class _Tp> constexpr bool std::operator==(const std::complex<_Tp>&, const std::complex<_Tp>&)[m[K’
  463 |     [01;36m[Koperator[m[K==(const complex<_Tp>& __x, const complex<_Tp>& __y)
      |     [01;36m[K^~~~~~~~[m[K
[01m[K/usr/include/c++/9/complex:463:5:[m[K [01;36m[Knote: [m[K  template argument deduction/substitution failed:
[01m[K/home/irobot/catkin_ws/src/swot/swot_manipulation/src/manipulation.cpp:768:79:[m[K [01;36m[Knote: [m[K  mismatched types ‘[01m[Kconst std::complex<_Tp>[m[K’ and ‘[01m[Kstd::array<double, 5>::value_type[m[K’ {aka ‘[01m[Kdouble[m[K’}
  768 |         if(workspace_dimensions_matching_object.workspace_dimensions[i][4] == [01;36m[Kws_name[m[K)
      |                                                                               [01;36m[K^~~~~~~[m[K
In file included from [01m[K/usr/include/boost/config/no_tr1/complex.hpp:21[m[K,
                 from [01m[K/usr/include/boost/math/policies/error_handling.hpp:17[m[K,
                 from [01m[K/usr/include/boost/math/special_functions/round.hpp:14[m[K,
                 from [01m[K/opt/ros/noetic/include/ros/time.h:58[m[K,
                 from [01m[K/opt/ros/noetic/include/ros/ros.h:38[m[K,
                 from [01m[K/home/irobot/catkin_ws/src/swot/swot_manipulation/include/swot_manipulation/manipulation.h:10[m[K,
                 from [01m[K/home/irobot/catkin_ws/src/swot/swot_manipulation/src/manipulation.cpp:8[m[K:
[01m[K/usr/include/c++/9/complex:468:5:[m[K [01;36m[Knote: [m[Kcandidate: ‘[01m[Ktemplate<class _Tp> constexpr bool std::operator==(const std::complex<_Tp>&, const _Tp&)[m[K’
  468 |     [01;36m[Koperator[m[K==(const complex<_Tp>& __x, const _Tp& __y)
      |     [01;36m[K^~~~~~~~[m[K
[01m[K/usr/include/c++/9/complex:468:5:[m[K [01;36m[Knote: [m[K  template argument deduction/substitution failed:
[01m[K/home/irobot/catkin_ws/src/swot/swot_manipulation/src/manipulation.cpp:768:79:[m[K [01;36m[Knote: [m[K  mismatched types ‘[01m[Kconst std::complex<_Tp>[m[K’ and ‘[01m[Kstd::array<double, 5>::value_type[m[K’ {aka ‘[01m[Kdouble[m[K’}
  768 |         if(workspace_dimensions_matching_object.workspace_dimensions[i][4] == [01;36m[Kws_name[m[K)
      |                                                                               [01;36m[K^~~~~~~[m[K
In file included from [01m[K/usr/include/boost/config/no_tr1/complex.hpp:21[m[K,
                 from [01m[K/usr/include/boost/math/policies/error_handling.hpp:17[m[K,
                 from [01m[K/usr/include/boost/math/special_functions/round.hpp:14[m[K,
                 from [01m[K/opt/ros/noetic/include/ros/time.h:58[m[K,
                 from [01m[K/opt/ros/noetic/include/ros/ros.h:38[m[K,
                 from [01m[K/home/irobot/catkin_ws/src/swot/swot_manipulation/include/swot_manipulation/manipulation.h:10[m[K,
                 from [01m[K/home/irobot/catkin_ws/src/swot/swot_manipulation/src/manipulation.cpp:8[m[K:
[01m[K/usr/include/c++/9/complex:473:5:[m[K [01;36m[Knote: [m[Kcandidate: ‘[01m[Ktemplate<class _Tp> constexpr bool std::operator==(const _Tp&, const std::complex<_Tp>&)[m[K’
  473 |     [01;36m[Koperator[m[K==(const _Tp& __x, const complex<_Tp>& __y)
      |     [01;36m[K^~~~~~~~[m[K
[01m[K/usr/include/c++/9/complex:473:5:[m[K [01;36m[Knote: [m[K  template argument deduction/substitution failed:
[01m[K/home/irobot/catkin_ws/src/swot/swot_manipulation/src/manipulation.cpp:768:79:[m[K [01;36m[Knote: [m[K  ‘[01m[Kstd::string[m[K’ {aka ‘[01m[Kstd::__cxx11::basic_string<char>[m[K’} is not derived from ‘[01m[Kconst std::complex<_Tp>[m[K’
  768 |         if(workspace_dimensions_matching_object.workspace_dimensions[i][4] == [01;36m[Kws_name[m[K)
      |                                                                               [01;36m[K^~~~~~~[m[K
In file included from [01m[K/usr/include/c++/9/map:61[m[K,
                 from [01m[K/opt/ros/noetic/include/ros/console.h:42[m[K,
                 from [01m[K/opt/ros/noetic/include/ros/ros.h:40[m[K,
                 from [01m[K/home/irobot/catkin_ws/src/swot/swot_manipulation/include/swot_manipulation/manipulation.h:10[m[K,
                 from [01m[K/home/irobot/catkin_ws/src/swot/swot_manipulation/src/manipulation.cpp:8[m[K:
[01m[K/usr/include/c++/9/bits/stl_map.h:1455:5:[m[K [01;36m[Knote: [m[Kcandidate: ‘[01m[Ktemplate<class _Key, class _Tp, class _Compare, class _Alloc> bool std::operator==(const std::map<_Key, _Tp, _Compare, _Allocator>&, const std::map<_Key, _Tp, _Compare, _Allocator>&)[m[K’
 1455 |     [01;36m[Koperator[m[K==(const map<_Key, _Tp, _Compare, _Alloc>& __x,
      |     [01;36m[K^~~~~~~~[m[K
[01m[K/usr/include/c++/9/bits/stl_map.h:1455:5:[m[K [01;36m[Knote: [m[K  template argument deduction/substitution failed:
[01m[K/home/irobot/catkin_ws/src/swot/swot_manipulation/src/manipulation.cpp:768:79:[m[K [01;36m[Knote: [m[K  mismatched types ‘[01m[Kconst std::map<_Key, _Tp, _Compare, _Allocator>[m[K’ and ‘[01m[Kstd::array<double, 5>::value_type[m[K’ {aka ‘[01m[Kdouble[m[K’}
  768 |         if(workspace_dimensions_matching_object.workspace_dimensions[i][4] == [01;36m[Kws_name[m[K)
      |                                                                               [01;36m[K^~~~~~~[m[K
In file included from [01m[K/usr/include/c++/9/map:62[m[K,
                 from [01m[K/opt/ros/noetic/include/ros/console.h:42[m[K,
                 from [01m[K/opt/ros/noetic/include/ros/ros.h:40[m[K,
                 from [01m[K/home/irobot/catkin_ws/src/swot/swot_manipulation/include/swot_manipulation/manipulation.h:10[m[K,
                 from [01m[K/home/irobot/catkin_ws/src/swot/swot_manipulation/src/manipulation.cpp:8[m[K:
[01m[K/usr/include/c++/9/bits/stl_multimap.h:1119:5:[m[K [01;36m[Knote: [m[Kcandidate: ‘[01m[Ktemplate<class _Key, class _Tp, class _Compare, class _Alloc> bool std::operator==(const std::multimap<_Key, _Tp, _Compare, _Allocator>&, const std::multimap<_Key, _Tp, _Compare, _Allocator>&)[m[K’
 1119 |     [01;36m[Koperator[m[K==(const multimap<_Key, _Tp, _Compare, _Alloc>& __x,
      |     [01;36m[K^~~~~~~~[m[K
[01m[K/usr/include/c++/9/bits/stl_multimap.h:1119:5:[m[K [01;36m[Knote: [m[K  template argument deduction/substitution failed:
[01m[K/home/irobot/catkin_ws/src/swot/swot_manipulation/src/manipulation.cpp:768:79:[m[K [01;36m[Knote: [m[K  mismatched types ‘[01m[Kconst std::multimap<_Key, _Tp, _Compare, _Allocator>[m[K’ and ‘[01m[Kstd::array<double, 5>::value_type[m[K’ {aka ‘[01m[Kdouble[m[K’}
  768 |         if(workspace_dimensions_matching_object.workspace_dimensions[i][4] == [01;36m[Kws_name[m[K)
      |                                                                               [01;36m[K^~~~~~~[m[K
In file included from [01m[K/usr/include/c++/9/set:61[m[K,
                 from [01m[K/opt/ros/noetic/include/ros/forwards.h:34[m[K,
                 from [01m[K/opt/ros/noetic/include/ros/common.h:37[m[K,
                 from [01m[K/opt/ros/noetic/include/ros/ros.h:43[m[K,
                 from [01m[K/home/irobot/catkin_ws/src/swot/swot_manipulation/include/swot_manipulation/manipulation.h:10[m[K,
                 from [01m[K/home/irobot/catkin_ws/src/swot/swot_manipulation/src/manipulation.cpp:8[m[K:
[01m[K/usr/include/c++/9/bits/stl_set.h:979:5:[m[K [01;36m[Knote: [m[Kcandidate: ‘[01m[Ktemplate<class _Key, class _Compare, class _Alloc> bool std::operator==(const std::set<_Key, _Compare, _Allocator>&, const std::set<_Key, _Compare, _Allocator>&)[m[K’
  979 |     [01;36m[Koperator[m[K==(const set<_Key, _Compare, _Alloc>& __x,
      |     [01;36m[K^~~~~~~~[m[K
[01m[K/usr/include/c++/9/bits/stl_set.h:979:5:[m[K [01;36m[Knote: [m[K  template argument deduction/substitution failed:
[01m[K/home/irobot/catkin_ws/src/swot/swot_manipulation/src/manipulation.cpp:768:79:[m[K [01;36m[Knote: [m[K  mismatched types ‘[01m[Kconst std::set<_Key, _Compare, _Allocator>[m[K’ and ‘[01m[Kstd::array<double, 5>::value_type[m[K’ {aka ‘[01m[Kdouble[m[K’}
  768 |         if(workspace_dimensions_matching_object.workspace_dimensions[i][4] == [01;36m[Kws_name[m[K)
      |                                                                               [01;36m[K^~~~~~~[m[K
In file included from [01m[K/usr/include/c++/9/set:62[m[K,
                 from [01m[K/opt/ros/noetic/include/ros/forwards.h:34[m[K,
                 from [01m[K/opt/ros/noetic/include/ros/common.h:37[m[K,
                 from [01m[K/opt/ros/noetic/include/ros/ros.h:43[m[K,
                 from [01m[K/home/irobot/catkin_ws/src/swot/swot_manipulation/include/swot_manipulation/manipulation.h:10[m[K,
                 from [01m[K/home/irobot/catkin_ws/src/swot/swot_manipulation/src/manipulation.cpp:8[m[K:
[01m[K/usr/include/c++/9/bits/stl_multiset.h:964:5:[m[K [01;36m[Knote: [m[Kcandidate: ‘[01m[Ktemplate<class _Key, class _Compare, class _Alloc> bool std::operator==(const std::multiset<_Key, _Compare, _Allocator>&, const std::multiset<_Key, _Compare, _Allocator>&)[m[K’
  964 |     [01;36m[Koperator[m[K==(const multiset<_Key, _Compare, _Alloc>& __x,
      |     [01;36m[K^~~~~~~~[m[K
[01m[K/usr/include/c++/9/bits/stl_multiset.h:964:5:[m[K [01;36m[Knote: [m[K  template argument deduction/substitution failed:
[01m[K/home/irobot/catkin_ws/src/swot/swot_manipulation/src/manipulation.cpp:768:79:[m[K [01;36m[Knote: [m[K  mismatched types ‘[01m[Kconst std::multiset<_Key, _Compare, _Allocator>[m[K’ and ‘[01m[Kstd::array<double, 5>::value_type[m[K’ {aka ‘[01m[Kdouble[m[K’}
  768 |         if(workspace_dimensions_matching_object.workspace_dimensions[i][4] == [01;36m[Kws_name[m[K)
      |                                                                               [01;36m[K^~~~~~~[m[K
In file included from [01m[K/usr/include/c++/9/list:63[m[K,
                 from [01m[K/opt/ros/noetic/include/ros/forwards.h:35[m[K,
                 from [01m[K/opt/ros/noetic/include/ros/common.h:37[m[K,
                 from [01m[K/opt/ros/noetic/include/ros/ros.h:43[m[K,
                 from [01m[K/home/irobot/catkin_ws/src/swot/swot_manipulation/include/swot_manipulation/manipulation.h:10[m[K,
                 from [01m[K/home/irobot/catkin_ws/src/swot/swot_manipulation/src/manipulation.cpp:8[m[K:
[01m[K/usr/include/c++/9/bits/stl_list.h:1991:5:[m[K [01;36m[Knote: [m[Kcandidate: ‘[01m[Ktemplate<class _Tp, class _Alloc> bool std::operator==(const std::__cxx11::list<_Tp, _Alloc>&, const std::__cxx11::list<_Tp, _Alloc>&)[m[K’
 1991 |     [01;36m[Koperator[m[K==(const list<_Tp, _Alloc>& __x, const list<_Tp, _Alloc>& __y)
      |     [01;36m[K^~~~~~~~[m[K
[01m[K/usr/include/c++/9/bits/stl_list.h:1991:5:[m[K [01;36m[Knote: [m[K  template argument deduction/substitution failed:
[01m[K/home/irobot/catkin_ws/src/swot/swot_manipulation/src/manipulation.cpp:768:79:[m[K [01;36m[Knote: [m[K  mismatched types ‘[01m[Kconst std::__cxx11::list<_Tp, _Alloc>[m[K’ and ‘[01m[Kstd::array<double, 5>::value_type[m[K’ {aka ‘[01m[Kdouble[m[K’}
  768 |         if(workspace_dimensions_matching_object.workspace_dimensions[i][4] == [01;36m[Kws_name[m[K)
      |                                                                               [01;36m[K^~~~~~~[m[K
In file included from [01m[K/usr/include/c++/9/bits/shared_ptr.h:52[m[K,
                 from [01m[K/usr/include/c++/9/memory:81[m[K,
                 from [01m[K/usr/include/boost/config/no_tr1/memory.hpp:21[m[K,
                 from [01m[K/usr/include/boost/smart_ptr/shared_ptr.hpp:23[m[K,
                 from [01m[K/usr/include/boost/shared_ptr.hpp:17[m[K,
                 from [01m[K/opt/ros/noetic/include/ros/forwards.h:37[m[K,
                 from [01m[K/opt/ros/noetic/include/ros/common.h:37[m[K,
                 from [01m[K/opt/ros/noetic/include/ros/ros.h:43[m[K,
                 from [01m[K/home/irobot/catkin_ws/src/swot/swot_manipulation/include/swot_manipulation/manipulation.h:10[m[K,
                 from [01m[K/home/irobot/catkin_ws/src/swot/swot_manipulation/src/manipulation.cpp:8[m[K:
[01m[K/usr/include/c++/9/bits/shared_ptr_base.h:1412:5:[m[K [01;36m[Knote: [m[Kcandidate: ‘[01m[Ktemplate<class _Tp1, class _Tp2, __gnu_cxx::_Lock_policy _Lp> bool std::operator==(const std::__shared_ptr<_Tp1, _Lp>&, const std::__shared_ptr<_Tp2, _Lp>&)[m[K’
 1412 |     [01;36m[Koperator[m[K==(const __shared_ptr<_Tp1, _Lp>& __a,
      |     [01;36m[K^~~~~~~~[m[K
[01m[K/usr/include/c++/9/bits/shared_ptr_base.h:1412:5:[m[K [01;36m[Knote: [m[K  template argument deduction/substitution failed:
[01m[K/home/irobot/catkin_ws/src/swot/swot_manipulation/src/manipulation.cpp:768:79:[m[K [01;36m[Knote: [m[K  mismatched types ‘[01m[Kconst std::__shared_ptr<_Tp1, _Lp>[m[K’ and ‘[01m[Kstd::array<double, 5>::value_type[m[K’ {aka ‘[01m[Kdouble[m[K’}
  768 |         if(workspace_dimensions_matching_object.workspace_dimensions[i][4] == [01;36m[Kws_name[m[K)
      |                                                                               [01;36m[K^~~~~~~[m[K
In file included from [01m[K/usr/include/c++/9/bits/shared_ptr.h:52[m[K,
                 from [01m[K/usr/include/c++/9/memory:81[m[K,
                 from [01m[K/usr/include/boost/config/no_tr1/memory.hpp:21[m[K,
                 from [01m[K/usr/include/boost/smart_ptr/shared_ptr.hpp:23[m[K,
                 from [01m[K/usr/include/boost/shared_ptr.hpp:17[m[K,
                 from [01m[K/opt/ros/noetic/include/ros/forwards.h:37[m[K,
                 from [01m[K/opt/ros/noetic/include/ros/common.h:37[m[K,
                 from [01m[K/opt/ros/noetic/include/ros/ros.h:43[m[K,
                 from [01m[K/home/irobot/catkin_ws/src/swot/swot_manipulation/include/swot_manipulation/manipulation.h:10[m[K,
                 from [01m[K/home/irobot/catkin_ws/src/swot/swot_manipulation/src/manipulation.cpp:8[m[K:
[01m[K/usr/include/c++/9/bits/shared_ptr_base.h:1418:5:[m[K [01;36m[Knote: [m[Kcandidate: ‘[01m[Ktemplate<class _Tp, __gnu_cxx::_Lock_policy _Lp> bool std::operator==(const std::__shared_ptr<_Tp, _Lp>&, std::nullptr_t)[m[K’
 1418 |     [01;36m[Koperator[m[K==(const __shared_ptr<_Tp, _Lp>& __a, nullptr_t) noexcept
      |     [01;36m[K^~~~~~~~[m[K
[01m[K/usr/include/c++/9/bits/shared_ptr_base.h:1418:5:[m[K [01;36m[Knote: [m[K  template argument deduction/substitution failed:
[01m[K/home/irobot/catkin_ws/src/swot/swot_manipulation/src/manipulation.cpp:768:79:[m[K [01;36m[Knote: [m[K  mismatched types ‘[01m[Kconst std::__shared_ptr<_Tp, _Lp>[m[K’ and ‘[01m[Kstd::array<double, 5>::value_type[m[K’ {aka ‘[01m[Kdouble[m[K’}
  768 |         if(workspace_dimensions_matching_object.workspace_dimensions[i][4] == [01;36m[Kws_name[m[K)
      |                                                                               [01;36m[K^~~~~~~[m[K
In file included from [01m[K/usr/include/c++/9/bits/shared_ptr.h:52[m[K,
                 from [01m[K/usr/include/c++/9/memory:81[m[K,
                 from [01m[K/usr/include/boost/config/no_tr1/memory.hpp:21[m[K,
                 from [01m[K/usr/include/boost/smart_ptr/shared_ptr.hpp:23[m[K,
                 from [01m[K/usr/include/boost/shared_ptr.hpp:17[m[K,
                 from [01m[K/opt/ros/noetic/include/ros/forwards.h:37[m[K,
                 from [01m[K/opt/ros/noetic/include/ros/common.h:37[m[K,
                 from [01m[K/opt/ros/noetic/include/ros/ros.h:43[m[K,
                 from [01m[K/home/irobot/catkin_ws/src/swot/swot_manipulation/include/swot_manipulation/manipulation.h:10[m[K,
                 from [01m[K/home/irobot/catkin_ws/src/swot/swot_manipulation/src/manipulation.cpp:8[m[K:
[01m[K/usr/include/c++/9/bits/shared_ptr_base.h:1423:5:[m[K [01;36m[Knote: [m[Kcandidate: ‘[01m[Ktemplate<class _Tp, __gnu_cxx::_Lock_policy _Lp> bool std::operator==(std::nullptr_t, const std::__shared_ptr<_Tp, _Lp>&)[m[K’
 1423 |     [01;36m[Koperator[m[K==(nullptr_t, const __shared_ptr<_Tp, _Lp>& __a) noexcept
      |     [01;36m[K^~~~~~~~[m[K
[01m[K/usr/include/c++/9/bits/shared_ptr_base.h:1423:5:[m[K [01;36m[Knote: [m[K  template argument deduction/substitution failed:
[01m[K/home/irobot/catkin_ws/src/swot/swot_manipulation/src/manipulation.cpp:768:79:[m[K [01;36m[Knote: [m[K  ‘[01m[Kstd::string[m[K’ {aka ‘[01m[Kstd::__cxx11::basic_string<char>[m[K’} is not derived from ‘[01m[Kconst std::__shared_ptr<_Tp, _Lp>[m[K’
  768 |         if(workspace_dimensions_matching_object.workspace_dimensions[i][4] == [01;36m[Kws_name[m[K)
      |                                                                               [01;36m[K^~~~~~~[m[K
In file included from [01m[K/usr/include/c++/9/memory:81[m[K,
                 from [01m[K/usr/include/boost/config/no_tr1/memory.hpp:21[m[K,
                 from [01m[K/usr/include/boost/smart_ptr/shared_ptr.hpp:23[m[K,
                 from [01m[K/usr/include/boost/shared_ptr.hpp:17[m[K,
                 from [01m[K/opt/ros/noetic/include/ros/forwards.h:37[m[K,
                 from [01m[K/opt/ros/noetic/include/ros/common.h:37[m[K,
                 from [01m[K/opt/ros/noetic/include/ros/ros.h:43[m[K,
                 from [01m[K/home/irobot/catkin_ws/src/swot/swot_manipulation/include/swot_manipulation/manipulation.h:10[m[K,
                 from [01m[K/home/irobot/catkin_ws/src/swot/swot_manipulation/src/manipulation.cpp:8[m[K:
[01m[K/usr/include/c++/9/bits/shared_ptr.h:383:5:[m[K [01;36m[Knote: [m[Kcandidate: ‘[01m[Ktemplate<class _Tp, class _Up> bool std::operator==(const std::shared_ptr<_Tp>&, const std::shared_ptr<_Tp>&)[m[K’
  383 |     [01;36m[Koperator[m[K==(const shared_ptr<_Tp>& __a, const shared_ptr<_Up>& __b) noexcept
      |     [01;36m[K^~~~~~~~[m[K
[01m[K/usr/include/c++/9/bits/shared_ptr.h:383:5:[m[K [01;36m[Knote: [m[K  template argument deduction/substitution failed:
[01m[K/home/irobot/catkin_ws/src/swot/swot_manipulation/src/manipulation.cpp:768:79:[m[K [01;36m[Knote: [m[K  mismatched types ‘[01m[Kconst std::shared_ptr<_Tp>[m[K’ and ‘[01m[Kstd::array<double, 5>::value_type[m[K’ {aka ‘[01m[Kdouble[m[K’}
  768 |         if(workspace_dimensions_matching_object.workspace_dimensions[i][4] == [01;36m[Kws_name[m[K)
      |                                                                               [01;36m[K^~~~~~~[m[K
In file included from [01m[K/usr/include/c++/9/memory:81[m[K,
                 from [01m[K/usr/include/boost/config/no_tr1/memory.hpp:21[m[K,
                 from [01m[K/usr/include/boost/smart_ptr/shared_ptr.hpp:23[m[K,
                 from [01m[K/usr/include/boost/shared_ptr.hpp:17[m[K,
                 from [01m[K/opt/ros/noetic/include/ros/forwards.h:37[m[K,
                 from [01m[K/opt/ros/noetic/include/ros/common.h:37[m[K,
                 from [01m[K/opt/ros/noetic/include/ros/ros.h:43[m[K,
                 from [01m[K/home/irobot/catkin_ws/src/swot/swot_manipulation/include/swot_manipulation/manipulation.h:10[m[K,
                 from [01m[K/home/irobot/catkin_ws/src/swot/swot_manipulation/src/manipulation.cpp:8[m[K:
[01m[K/usr/include/c++/9/bits/shared_ptr.h:388:5:[m[K [01;36m[Knote: [m[Kcandidate: ‘[01m[Ktemplate<class _Tp> bool std::operator==(const std::shared_ptr<_Tp>&, std::nullptr_t)[m[K’
  388 |     [01;36m[Koperator[m[K==(const shared_ptr<_Tp>& __a, nullptr_t) noexcept
      |     [01;36m[K^~~~~~~~[m[K
[01m[K/usr/include/c++/9/bits/shared_ptr.h:388:5:[m[K [01;36m[Knote: [m[K  template argument deduction/substitution failed:
[01m[K/home/irobot/catkin_ws/src/swot/swot_manipulation/src/manipulation.cpp:768:79:[m[K [01;36m[Knote: [m[K  mismatched types ‘[01m[Kconst std::shared_ptr<_Tp>[m[K’ and ‘[01m[Kstd::array<double, 5>::value_type[m[K’ {aka ‘[01m[Kdouble[m[K’}
  768 |         if(workspace_dimensions_matching_object.workspace_dimensions[i][4] == [01;36m[Kws_name[m[K)
      |                                                                               [01;36m[K^~~~~~~[m[K
In file included from [01m[K/usr/include/c++/9/memory:81[m[K,
                 from [01m[K/usr/include/boost/config/no_tr1/memory.hpp:21[m[K,
                 from [01m[K/usr/include/boost/smart_ptr/shared_ptr.hpp:23[m[K,
                 from [01m[K/usr/include/boost/shared_ptr.hpp:17[m[K,
                 from [01m[K/opt/ros/noetic/include/ros/forwards.h:37[m[K,
                 from [01m[K/opt/ros/noetic/include/ros/common.h:37[m[K,
                 from [01m[K/opt/ros/noetic/include/ros/ros.h:43[m[K,
                 from [01m[K/home/irobot/catkin_ws/src/swot/swot_manipulation/include/swot_manipulation/manipulation.h:10[m[K,
                 from [01m[K/home/irobot/catkin_ws/src/swot/swot_manipulation/src/manipulation.cpp:8[m[K:
[01m[K/usr/include/c++/9/bits/shared_ptr.h:393:5:[m[K [01;36m[Knote: [m[Kcandidate: ‘[01m[Ktemplate<class _Tp> bool std::operator==(std::nullptr_t, const std::shared_ptr<_Tp>&)[m[K’
  393 |     [01;36m[Koperator[m[K==(nullptr_t, const shared_ptr<_Tp>& __a) noexcept
      |     [01;36m[K^~~~~~~~[m[K
[01m[K/usr/include/c++/9/bits/shared_ptr.h:393:5:[m[K [01;36m[Knote: [m[K  template argument deduction/substitution failed:
[01m[K/home/irobot/catkin_ws/src/swot/swot_manipulation/src/manipulation.cpp:768:79:[m[K [01;36m[Knote: [m[K  ‘[01m[Kstd::string[m[K’ {aka ‘[01m[Kstd::__cxx11::basic_string<char>[m[K’} is not derived from ‘[01m[Kconst std::shared_ptr<_Tp>[m[K’
  768 |         if(workspace_dimensions_matching_object.workspace_dimensions[i][4] == [01;36m[Kws_name[m[K)
      |                                                                               [01;36m[K^~~~~~~[m[K
In file included from [01m[K/usr/include/c++/9/iterator:66[m[K,
                 from [01m[K/usr/include/boost/detail/iterator.hpp:11[m[K,
                 from [01m[K/usr/include/boost/array.hpp:50[m[K,
                 from [01m[K/opt/ros/noetic/include/ros/message.h:38[m[K,
                 from [01m[K/opt/ros/noetic/include/ros/publisher.h:33[m[K,
                 from [01m[K/opt/ros/noetic/include/ros/node_handle.h:32[m[K,
                 from [01m[K/opt/ros/noetic/include/ros/ros.h:45[m[K,
                 from [01m[K/home/irobot/catkin_ws/src/swot/swot_manipulation/include/swot_manipulation/manipulation.h:10[m[K,
                 from [01m[K/home/irobot/catkin_ws/src/swot/swot_manipulation/src/manipulation.cpp:8[m[K:
[01m[K/usr/include/c++/9/bits/stream_iterator.h:134:5:[m[K [01;36m[Knote: [m[Kcandidate: ‘[01m[Ktemplate<class _Tp, class _CharT, class _Traits, class _Dist> bool std::operator==(const std::istream_iterator<_Tp, _CharT, _Traits, _Dist>&, const std::istream_iterator<_Tp, _CharT, _Traits, _Dist>&)[m[K’
  134 |     [01;36m[Koperator[m[K==(const istream_iterator<_Tp, _CharT, _Traits, _Dist>& __x,
      |     [01;36m[K^~~~~~~~[m[K
[01m[K/usr/include/c++/9/bits/stream_iterator.h:134:5:[m[K [01;36m[Knote: [m[K  template argument deduction/substitution failed:
[01m[K/home/irobot/catkin_ws/src/swot/swot_manipulation/src/manipulation.cpp:768:79:[m[K [01;36m[Knote: [m[K  mismatched types ‘[01m[Kconst std::istream_iterator<_Tp, _CharT, _Traits, _Dist>[m[K’ and ‘[01m[Kstd::array<double, 5>::value_type[m[K’ {aka ‘[01m[Kdouble[m[K’}
  768 |         if(workspace_dimensions_matching_object.workspace_dimensions[i][4] == [01;36m[Kws_name[m[K)
      |                                                                               [01;36m[K^~~~~~~[m[K
In file included from [01m[K/usr/include/c++/9/deque:67[m[K,
                 from [01m[K/opt/ros/noetic/include/ros/callback_queue.h:49[m[K,
                 from [01m[K/opt/ros/noetic/include/tf2_ros/transform_listener.h:38[m[K,
                 from [01m[K/home/irobot/catkin_ws/src/swot/swot_manipulation/include/swot_manipulation/manipulation.h:20[m[K,
                 from [01m[K/home/irobot/catkin_ws/src/swot/swot_manipulation/src/manipulation.cpp:8[m[K:
[01m[K/usr/include/c++/9/bits/stl_deque.h:286:5:[m[K [01;36m[Knote: [m[Kcandidate: ‘[01m[Ktemplate<class _Tp, class _Ref, class _Ptr> bool std::operator==(const std::_Deque_iterator<_Tp, _Ref, _Ptr>&, const std::_Deque_iterator<_Tp, _Ref, _Ptr>&)[m[K’
  286 |     [01;36m[Koperator[m[K==(const _Deque_iterator<_Tp, _Ref, _Ptr>& __x,
      |     [01;36m[K^~~~~~~~[m[K
[01m[K/usr/include/c++/9/bits/stl_deque.h:286:5:[m[K [01;36m[Knote: [m[K  template argument deduction/substitution failed:
[01m[K/home/irobot/catkin_ws/src/swot/swot_manipulation/src/manipulation.cpp:768:79:[m[K [01;36m[Knote: [m[K  mismatched types ‘[01m[Kconst std::_Deque_iterator<_Tp, _Ref, _Ptr>[m[K’ and ‘[01m[Kstd::array<double, 5>::value_type[m[K’ {aka ‘[01m[Kdouble[m[K’}
  768 |         if(workspace_dimensions_matching_object.workspace_dimensions[i][4] == [01;36m[Kws_name[m[K)
      |                                                                               [01;36m[K^~~~~~~[m[K
In file included from [01m[K/usr/include/c++/9/deque:67[m[K,
                 from [01m[K/opt/ros/noetic/include/ros/callback_queue.h:49[m[K,
                 from [01m[K/opt/ros/noetic/include/tf2_ros/transform_listener.h:38[m[K,
                 from [01m[K/home/irobot/catkin_ws/src/swot/swot_manipulation/include/swot_manipulation/manipulation.h:20[m[K,
                 from [01m[K/home/irobot/catkin_ws/src/swot/swot_manipulation/src/manipulation.cpp:8[m[K:
[01m[K/usr/include/c++/9/bits/stl_deque.h:293:5:[m[K [01;36m[Knote: [m[Kcandidate: ‘[01m[Ktemplate<class _Tp, class _RefL, class _PtrL, class _RefR, class _PtrR> bool std::operator==(const std::_Deque_iterator<_Tp, _Ref, _Ptr>&, const std::_Deque_iterator<_Tp, _RefR, _PtrR>&)[m[K’
  293 |     [01;36m[Koperator[m[K==(const _Deque_iterator<_Tp, _RefL, _PtrL>& __x,
      |     [01;36m[K^~~~~~~~[m[K
[01m[K/usr/include/c++/9/bits/stl_deque.h:293:5:[m[K [01;36m[Knote: [m[K  template argument deduction/substitution failed:
[01m[K/home/irobot/catkin_ws/src/swot/swot_manipulation/src/manipulation.cpp:768:79:[m[K [01;36m[Knote: [m[K  mismatched types ‘[01m[Kconst std::_Deque_iterator<_Tp, _Ref, _Ptr>[m[K’ and ‘[01m[Kstd::array<double, 5>::value_type[m[K’ {aka ‘[01m[Kdouble[m[K’}
  768 |         if(workspace_dimensions_matching_object.workspace_dimensions[i][4] == [01;36m[Kws_name[m[K)
      |                                                                               [01;36m[K^~~~~~~[m[K
In file included from [01m[K/usr/include/c++/9/deque:67[m[K,
                 from [01m[K/opt/ros/noetic/include/ros/callback_queue.h:49[m[K,
                 from [01m[K/opt/ros/noetic/include/tf2_ros/transform_listener.h:38[m[K,
                 from [01m[K/home/irobot/catkin_ws/src/swot/swot_manipulation/include/swot_manipulation/manipulation.h:20[m[K,
                 from [01m[K/home/irobot/catkin_ws/src/swot/swot_manipulation/src/manipulation.cpp:8[m[K:
[01m[K/usr/include/c++/9/bits/stl_deque.h:2312:5:[m[K [01;36m[Knote: [m[Kcandidate: ‘[01m[Ktemplate<class _Tp, class _Alloc> bool std::operator==(const std::deque<_Tp, _Alloc>&, const std::deque<_Tp, _Alloc>&)[m[K’
 2312 |     [01;36m[Koperator[m[K==(const deque<_Tp, _Alloc>& __x,
      |     [01;36m[K^~~~~~~~[m[K
[01m[K/usr/include/c++/9/bits/stl_deque.h:2312:5:[m[K [01;36m[Knote: [m[K  template argument deduction/substitution failed:
[01m[K/home/irobot/catkin_ws/src/swot/swot_manipulation/src/manipulation.cpp:768:79:[m[K [01;36m[Knote: [m[K  mismatched types ‘[01m[Kconst std::deque<_Tp, _Alloc>[m[K’ and ‘[01m[Kstd::array<double, 5>::value_type[m[K’ {aka ‘[01m[Kdouble[m[K’}
  768 |         if(workspace_dimensions_matching_object.workspace_dimensions[i][4] == [01;36m[Kws_name[m[K)
      |                                                                               [01;36m[K^~~~~~~[m[K
In file included from [01m[K/usr/include/boost/container_hash/hash.hpp:114[m[K,
                 from [01m[K/usr/include/boost/functional/hash.hpp:6[m[K,
                 from [01m[K/usr/include/boost/unordered/unordered_map.hpp:18[m[K,
                 from [01m[K/usr/include/boost/unordered_map.hpp:17[m[K,
                 from [01m[K/opt/ros/noetic/include/tf2/buffer_core.h:49[m[K,
                 from [01m[K/opt/ros/noetic/include/tf2_ros/buffer_interface.h:35[m[K,
                 from [01m[K/opt/ros/noetic/include/tf2_ros/buffer.h:35[m[K,
                 from [01m[K/opt/ros/noetic/include/tf2_ros/transform_listener.h:40[m[K,
                 from [01m[K/home/irobot/catkin_ws/src/swot/swot_manipulation/include/swot_manipulation/manipulation.h:20[m[K,
                 from [01m[K/home/irobot/catkin_ws/src/swot/swot_manipulation/src/manipulation.cpp:8[m[K:
[01m[K/usr/include/c++/9/variant:1186:3:[m[K [01;36m[Knote: [m[Kcandidate: ‘[01m[Ktemplate<class ... _Types> constexpr bool std::operator==(const std::variant<_Types ...>&, const std::variant<_Types ...>&)[m[K’
 1186 |   [01;36m[K_VARIANT_RELATION_FUNCTION_TEMPLATE[m[K(==, equal)
      |   [01;36m[K^~~~~~~~~~~~~~~~~~~~~~~~~~~~~~~~~~~[m[K
[01m[K/usr/include/c++/9/variant:1186:3:[m[K [01;36m[Knote: [m[K  template argument deduction/substitution failed:
[01m[K/home/irobot/catkin_ws/src/swot/swot_manipulation/src/manipulation.cpp:768:79:[m[K [01;36m[Knote: [m[K  mismatched types ‘[01m[Kconst std::variant<_Types ...>[m[K’ and ‘[01m[Kstd::array<double, 5>::value_type[m[K’ {aka ‘[01m[Kdouble[m[K’}
  768 |         if(workspace_dimensions_matching_object.workspace_dimensions[i][4] == [01;36m[Kws_name[m[K)
      |                                                                               [01;36m[K^~~~~~~[m[K
In file included from [01m[K/usr/include/boost/container_hash/hash.hpp:114[m[K,
                 from [01m[K/usr/include/boost/functional/hash.hpp:6[m[K,
                 from [01m[K/usr/include/boost/unordered/unordered_map.hpp:18[m[K,
                 from [01m[K/usr/include/boost/unordered_map.hpp:17[m[K,
                 from [01m[K/opt/ros/noetic/include/tf2/buffer_core.h:49[m[K,
                 from [01m[K/opt/ros/noetic/include/tf2_ros/buffer_interface.h:35[m[K,
                 from [01m[K/opt/ros/noetic/include/tf2_ros/buffer.h:35[m[K,
                 from [01m[K/opt/ros/noetic/include/tf2_ros/transform_listener.h:40[m[K,
                 from [01m[K/home/irobot/catkin_ws/src/swot/swot_manipulation/include/swot_manipulation/manipulation.h:20[m[K,
                 from [01m[K/home/irobot/catkin_ws/src/swot/swot_manipulation/src/manipulation.cpp:8[m[K:
[01m[K/usr/include/c++/9/variant:1186:3:[m[K [01;36m[Knote: [m[Kcandidate: ‘[01m[Kconstexpr bool std::operator==(std::monostate, std::monostate)[m[K’
 1186 |   [01;36m[K_VARIANT_RELATION_FUNCTION_TEMPLATE[m[K(==, equal)
      |   [01;36m[K^~~~~~~~~~~~~~~~~~~~~~~~~~~~~~~~~~~[m[K
[01m[K/usr/include/c++/9/variant:1186:3:[m[K [01;36m[Knote: [m[K  no known conversion for argument 1 from ‘[01m[Kstd::array<double, 5>::value_type[m[K’ {aka ‘[01m[Kdouble[m[K’} to ‘[01m[Kstd::monostate[m[K’
 1186 |   [01;36m[K_VARIANT_RELATION_FUNCTION_TEMPLATE[m[K(==, equal)
      |   [01;36m[K^~~~~~~~~~~~~~~~~~~~~~~~~~~~~~~~~~~[m[K
In file included from [01m[K/usr/include/c++/9/unordered_set:47[m[K,
                 from [01m[K/home/irobot/catkin_ws/src/BehaviorTree.CPP/include/behaviortree_cpp/bt_factory.h:23[m[K,
                 from [01m[K/home/irobot/catkin_ws/src/swot/swot_manipulation/include/swot_manipulation/manipulation.h:27[m[K,
                 from [01m[K/home/irobot/catkin_ws/src/swot/swot_manipulation/src/manipulation.cpp:8[m[K:
[01m[K/usr/include/c++/9/bits/unordered_set.h:1705:5:[m[K [01;36m[Knote: [m[Kcandidate: ‘[01m[Ktemplate<class _Value1, class _Hash1, class _Pred1, class _Alloc1> bool std::operator==(const std::unordered_set<_Value1, _Hash1, _Pred1, _Alloc1>&, const std::unordered_set<_Value1, _Hash1, _Pred1, _Alloc1>&)[m[K’
 1705 |     [01;36m[Koperator[m[K==(const unordered_set<_Value, _Hash, _Pred, _Alloc>& __x,
      |     [01;36m[K^~~~~~~~[m[K
[01m[K/usr/include/c++/9/bits/unordered_set.h:1705:5:[m[K [01;36m[Knote: [m[K  template argument deduction/substitution failed:
[01m[K/home/irobot/catkin_ws/src/swot/swot_manipulation/src/manipulation.cpp:768:79:[m[K [01;36m[Knote: [m[K  mismatched types ‘[01m[Kconst std::unordered_set<_Value1, _Hash1, _Pred1, _Alloc1>[m[K’ and ‘[01m[Kstd::array<double, 5>::value_type[m[K’ {aka ‘[01m[Kdouble[m[K’}
  768 |         if(workspace_dimensions_matching_object.workspace_dimensions[i][4] == [01;36m[Kws_name[m[K)
      |                                                                               [01;36m[K^~~~~~~[m[K
In file included from [01m[K/usr/include/c++/9/unordered_set:47[m[K,
                 from [01m[K/home/irobot/catkin_ws/src/BehaviorTree.CPP/include/behaviortree_cpp/bt_factory.h:23[m[K,
                 from [01m[K/home/irobot/catkin_ws/src/swot/swot_manipulation/include/swot_manipulation/manipulation.h:27[m[K,
                 from [01m[K/home/irobot/catkin_ws/src/swot/swot_manipulation/src/manipulation.cpp:8[m[K:
[01m[K/usr/include/c++/9/bits/unordered_set.h:1717:5:[m[K [01;36m[Knote: [m[Kcandidate: ‘[01m[Ktemplate<class _Value1, class _Hash1, class _Pred1, class _Alloc1> bool std::operator==(const std::unordered_multiset<_Value1, _Hash1, _Pred1, _Alloc1>&, const std::unordered_multiset<_Value1, _Hash1, _Pred1, _Alloc1>&)[m[K’
 1717 |     [01;36m[Koperator[m[K==(const unordered_multiset<_Value, _Hash, _Pred, _Alloc>& __x,
      |     [01;36m[K^~~~~~~~[m[K
[01m[K/usr/include/c++/9/bits/unordered_set.h:1717:5:[m[K [01;36m[Knote: [m[K  template argument deduction/substitution failed:
[01m[K/home/irobot/catkin_ws/src/swot/swot_manipulation/src/manipulation.cpp:768:79:[m[K [01;36m[Knote: [m[K  mismatched types ‘[01m[Kconst std::unordered_multiset<_Value1, _Hash1, _Pred1, _Alloc1>[m[K’ and ‘[01m[Kstd::array<double, 5>::value_type[m[K’ {aka ‘[01m[Kdouble[m[K’}
  768 |         if(workspace_dimensions_matching_object.workspace_dimensions[i][4] == [01;36m[Kws_name[m[K)
      |                                                                               [01;36m[K^~~~~~~[m[K
In file included from [01m[K/home/irobot/catkin_ws/src/BehaviorTree.CPP/include/behaviortree_cpp/action_node.h:18[m[K,
                 from [01m[K/home/irobot/catkin_ws/src/BehaviorTree.CPP/include/behaviortree_cpp/behavior_tree.h:27[m[K,
                 from [01m[K/home/irobot/catkin_ws/src/BehaviorTree.CPP/include/behaviortree_cpp/bt_factory.h:27[m[K,
                 from [01m[K/home/irobot/catkin_ws/src/swot/swot_manipulation/include/swot_manipulation/manipulation.h:27[m[K,
                 from [01m[K/home/irobot/catkin_ws/src/swot/swot_manipulation/src/manipulation.cpp:8[m[K:
[01m[K/usr/include/c++/9/thread:276:3:[m[K [01;36m[Knote: [m[Kcandidate: ‘[01m[Kbool std::operator==(std::thread::id, std::thread::id)[m[K’
  276 |   [01;36m[Koperator[m[K==(thread::id __x, thread::id __y) noexcept
      |   [01;36m[K^~~~~~~~[m[K
[01m[K/usr/include/c++/9/thread:276:25:[m[K [01;36m[Knote: [m[K  no known conversion for argument 1 from ‘[01m[Kstd::array<double, 5>::value_type[m[K’ {aka ‘[01m[Kdouble[m[K’} to ‘[01m[Kstd::thread::id[m[K’
  276 |   operator==([01;36m[Kthread::id __x[m[K, thread::id __y) noexcept
      |              [01;36m[K~~~~~~~~~~~^~~[m[K
In file included from [01m[K/usr/include/c++/9/queue:64[m[K,
                 from [01m[K/home/irobot/catkin_ws/src/BehaviorTree.CPP/include/behaviortree_cpp/utils/timer_queue.h:7[m[K,
                 from [01m[K/home/irobot/catkin_ws/src/BehaviorTree.CPP/include/behaviortree_cpp/actions/test_node.h:17[m[K,
                 from [01m[K/home/irobot/catkin_ws/src/BehaviorTree.CPP/include/behaviortree_cpp/behavior_tree.h:42[m[K,
                 from [01m[K/home/irobot/catkin_ws/src/BehaviorTree.CPP/include/behaviortree_cpp/bt_factory.h:27[m[K,
                 from [01m[K/home/irobot/catkin_ws/src/swot/swot_manipulation/include/swot_manipulation/manipulation.h:27[m[K,
                 from [01m[K/home/irobot/catkin_ws/src/swot/swot_manipulation/src/manipulation.cpp:8[m[K:
[01m[K/usr/include/c++/9/bits/stl_queue.h:338:5:[m[K [01;36m[Knote: [m[Kcandidate: ‘[01m[Ktemplate<class _Tp, class _Seq> bool std::operator==(const std::queue<_Tp, _Seq>&, const std::queue<_Tp, _Seq>&)[m[K’
  338 |     [01;36m[Koperator[m[K==(const queue<_Tp, _Seq>& __x, const queue<_Tp, _Seq>& __y)
      |     [01;36m[K^~~~~~~~[m[K
[01m[K/usr/include/c++/9/bits/stl_queue.h:338:5:[m[K [01;36m[Knote: [m[K  template argument deduction/substitution failed:
[01m[K/home/irobot/catkin_ws/src/swot/swot_manipulation/src/manipulation.cpp:768:79:[m[K [01;36m[Knote: [m[K  mismatched types ‘[01m[Kconst std::queue<_Tp, _Seq>[m[K’ and ‘[01m[Kstd::array<double, 5>::value_type[m[K’ {aka ‘[01m[Kdouble[m[K’}
  768 |         if(workspace_dimensions_matching_object.workspace_dimensions[i][4] == [01;36m[Kws_name[m[K)
      |                                                                               [01;36m[K^~~~~~~[m[K
In file included from [01m[K/usr/include/c++/9/string:41[m[K,
                 from [01m[K/opt/ros/noetic/include/ros/platform.h:38[m[K,
                 from [01m[K/opt/ros/noetic/include/ros/time.h:53[m[K,
                 from [01m[K/opt/ros/noetic/include/ros/ros.h:38[m[K,
                 from [01m[K/home/irobot/catkin_ws/src/swot/swot_manipulation/include/swot_manipulation/manipulation.h:10[m[K,
                 from [01m[K/home/irobot/catkin_ws/src/swot/swot_manipulation/src/manipulation.cpp:8[m[K:
[01m[K/usr/include/c++/9/bits/allocator.h:155:7:[m[K [01;36m[Knote: [m[Kcandidate: ‘[01m[Kbool std::operator==(const std::allocator<char>&, const std::allocator<char>&)[m[K’
  155 |       [01;36m[Koperator[m[K==(const allocator&, const allocator&) _GLIBCXX_NOTHROW
      |       [01;36m[K^~~~~~~~[m[K
[01m[K/usr/include/c++/9/bits/allocator.h:155:18:[m[K [01;36m[Knote: [m[K  no known conversion for argument 1 from ‘[01m[Kstd::array<double, 5>::value_type[m[K’ {aka ‘[01m[Kdouble[m[K’} to ‘[01m[Kconst std::allocator<char>&[m[K’
  155 |       operator==([01;36m[Kconst allocator&[m[K, const allocator&) _GLIBCXX_NOTHROW
      |                  [01;36m[K^~~~~~~~~~~~~~~~[m[K
In file included from [01m[K/usr/include/c++/9/bits/stl_algobase.h:67[m[K,
                 from [01m[K/usr/include/c++/9/bits/char_traits.h:39[m[K,
                 from [01m[K/usr/include/c++/9/string:40[m[K,
                 from [01m[K/opt/ros/noetic/include/ros/platform.h:38[m[K,
                 from [01m[K/opt/ros/noetic/include/ros/time.h:53[m[K,
                 from [01m[K/opt/ros/noetic/include/ros/ros.h:38[m[K,
                 from [01m[K/home/irobot/catkin_ws/src/swot/swot_manipulation/include/swot_manipulation/manipulation.h:10[m[K,
                 from [01m[K/home/irobot/catkin_ws/src/swot/swot_manipulation/src/manipulation.cpp:8[m[K:
[01m[K/usr/include/c++/9/bits/stl_iterator.h:883:5:[m[K [01;36m[Knote: [m[Kcandidate: ‘[01m[Ktemplate<class _IteratorL, class _IteratorR, class _Container> bool __gnu_cxx::operator==(const __gnu_cxx::__normal_iterator<_IteratorL, _Container>&, const __gnu_cxx::__normal_iterator<_IteratorR, _Container>&)[m[K’
  883 |     [01;36m[Koperator[m[K==(const __normal_iterator<_IteratorL, _Container>& __lhs,
      |     [01;36m[K^~~~~~~~[m[K
[01m[K/usr/include/c++/9/bits/stl_iterator.h:883:5:[m[K [01;36m[Knote: [m[K  template argument deduction/substitution failed:
[01m[K/home/irobot/catkin_ws/src/swot/swot_manipulation/src/manipulation.cpp:768:79:[m[K [01;36m[Knote: [m[K  mismatched types ‘[01m[Kconst __gnu_cxx::__normal_iterator<_IteratorL, _Container>[m[K’ and ‘[01m[Kstd::array<double, 5>::value_type[m[K’ {aka ‘[01m[Kdouble[m[K’}
  768 |         if(workspace_dimensions_matching_object.workspace_dimensions[i][4] == [01;36m[Kws_name[m[K)
      |                                                                               [01;36m[K^~~~~~~[m[K
In file included from [01m[K/usr/include/c++/9/bits/stl_algobase.h:67[m[K,
                 from [01m[K/usr/include/c++/9/bits/char_traits.h:39[m[K,
                 from [01m[K/usr/include/c++/9/string:40[m[K,
                 from [01m[K/opt/ros/noetic/include/ros/platform.h:38[m[K,
                 from [01m[K/opt/ros/noetic/include/ros/time.h:53[m[K,
                 from [01m[K/opt/ros/noetic/include/ros/ros.h:38[m[K,
                 from [01m[K/home/irobot/catkin_ws/src/swot/swot_manipulation/include/swot_manipulation/manipulation.h:10[m[K,
                 from [01m[K/home/irobot/catkin_ws/src/swot/swot_manipulation/src/manipulation.cpp:8[m[K:
[01m[K/usr/include/c++/9/bits/stl_iterator.h:890:5:[m[K [01;36m[Knote: [m[Kcandidate: ‘[01m[Ktemplate<class _Iterator, class _Container> bool __gnu_cxx::operator==(const __gnu_cxx::__normal_iterator<_Iterator, _Container>&, const __gnu_cxx::__normal_iterator<_Iterator, _Container>&)[m[K’
  890 |     [01;36m[Koperator[m[K==(const __normal_iterator<_Iterator, _Container>& __lhs,
      |     [01;36m[K^~~~~~~~[m[K
[01m[K/usr/include/c++/9/bits/stl_iterator.h:890:5:[m[K [01;36m[Knote: [m[K  template argument deduction/substitution failed:
[01m[K/home/irobot/catkin_ws/src/swot/swot_manipulation/src/manipulation.cpp:768:79:[m[K [01;36m[Knote: [m[K  mismatched types ‘[01m[Kconst __gnu_cxx::__normal_iterator<_Iterator, _Container>[m[K’ and ‘[01m[Kstd::array<double, 5>::value_type[m[K’ {aka ‘[01m[Kdouble[m[K’}
  768 |         if(workspace_dimensions_matching_object.workspace_dimensions[i][4] == [01;36m[Kws_name[m[K)
      |                                                                               [01;36m[K^~~~~~~[m[K
In file included from [01m[K/usr/include/x86_64-linux-gnu/c++/9/bits/c++allocator.h:33[m[K,
                 from [01m[K/usr/include/c++/9/bits/allocator.h:46[m[K,
                 from [01m[K/usr/include/c++/9/string:41[m[K,
                 from [01m[K/opt/ros/noetic/include/ros/platform.h:38[m[K,
                 from [01m[K/opt/ros/noetic/include/ros/time.h:53[m[K,
                 from [01m[K/opt/ros/noetic/include/ros/ros.h:38[m[K,
                 from [01m[K/home/irobot/catkin_ws/src/swot/swot_manipulation/include/swot_manipulation/manipulation.h:10[m[K,
                 from [01m[K/home/irobot/catkin_ws/src/swot/swot_manipulation/src/manipulation.cpp:8[m[K:
[01m[K/usr/include/c++/9/ext/new_allocator.h:166:2:[m[K [01;36m[Knote: [m[Kcandidate: ‘[01m[Ktemplate<class _Up> bool __gnu_cxx::operator==(const __gnu_cxx::new_allocator<char>&, const __gnu_cxx::new_allocator<_Tp>&)[m[K’
  166 |  [01;36m[Koperator[m[K==(const new_allocator&, const new_allocator<_Up>&)
      |  [01;36m[K^~~~~~~~[m[K
[01m[K/usr/include/c++/9/ext/new_allocator.h:166:2:[m[K [01;36m[Knote: [m[K  template argument deduction/substitution failed:
[01m[K/home/irobot/catkin_ws/src/swot/swot_manipulation/src/manipulation.cpp:768:79:[m[K [01;36m[Knote: [m[K  ‘[01m[Kstd::string[m[K’ {aka ‘[01m[Kstd::__cxx11::basic_string<char>[m[K’} is not derived from ‘[01m[Kconst __gnu_cxx::new_allocator<_Tp>[m[K’
  768 |         if(workspace_dimensions_matching_object.workspace_dimensions[i][4] == [01;36m[Kws_name[m[K)
      |                                                                               [01;36m[K^~~~~~~[m[K
[01m[K/home/irobot/catkin_ws/src/swot/swot_manipulation/src/manipulation.cpp:[m[K In member function ‘[01m[Kint Manipulation::index_height(std::string)[m[K’:
[01m[K/home/irobot/catkin_ws/src/swot/swot_manipulation/src/manipulation.cpp:780:76:[m[K [01;31m[Kerror: [m[Kno match for ‘[01m[Koperator==[m[K’ (operand types are ‘[01m[Kstd::array<double, 5>::value_type[m[K’ {aka ‘[01m[Kdouble[m[K’} and ‘[01m[Kstd::string[m[K’ {aka ‘[01m[Kstd::__cxx11::basic_string<char>[m[K’})
  780 |         if(workspace_dimensions_matching_object.workspace_dimensions[i][4] == obj_name)
In file included from [01m[K/usr/include/c++/9/bits/stl_algobase.h:64[m[K,
                 from [01m[K/usr/include/c++/9/bits/char_traits.h:39[m[K,
                 from [01m[K/usr/include/c++/9/string:40[m[K,
                 from [01m[K/opt/ros/noetic/include/ros/platform.h:38[m[K,
                 from [01m[K/opt/ros/noetic/include/ros/time.h:53[m[K,
                 from [01m[K/opt/ros/noetic/include/ros/ros.h:38[m[K,
                 from [01m[K/home/irobot/catkin_ws/src/swot/swot_manipulation/include/swot_manipulation/manipulation.h:10[m[K,
                 from [01m[K/home/irobot/catkin_ws/src/swot/swot_manipulation/src/manipulation.cpp:8[m[K:
[01m[K/usr/include/c++/9/bits/stl_pair.h:448:5:[m[K [01;36m[Knote: [m[Kcandidate: ‘[01m[Ktemplate<class _T1, class _T2> constexpr bool std::operator==(const std::pair<_T1, _T2>&, const std::pair<_T1, _T2>&)[m[K’
  448 |     [01;36m[Koperator[m[K==(const pair<_T1, _T2>& __x, const pair<_T1, _T2>& __y)
      |     [01;36m[K^~~~~~~~[m[K
[01m[K/usr/include/c++/9/bits/stl_pair.h:448:5:[m[K [01;36m[Knote: [m[K  template argument deduction/substitution failed:
[01m[K/home/irobot/catkin_ws/src/swot/swot_manipulation/src/manipulation.cpp:780:79:[m[K [01;36m[Knote: [m[K  mismatched types ‘[01m[Kconst std::pair<_T1, _T2>[m[K’ and ‘[01m[Kstd::array<double, 5>::value_type[m[K’ {aka ‘[01m[Kdouble[m[K’}
  780 |         if(workspace_dimensions_matching_object.workspace_dimensions[i][4] == [01;36m[Kobj_name[m[K)
      |                                                                               [01;36m[K^~~~~~~~[m[K
In file included from [01m[K/usr/include/c++/9/bits/stl_algobase.h:67[m[K,
                 from [01m[K/usr/include/c++/9/bits/char_traits.h:39[m[K,
                 from [01m[K/usr/include/c++/9/string:40[m[K,
                 from [01m[K/opt/ros/noetic/include/ros/platform.h:38[m[K,
                 from [01m[K/opt/ros/noetic/include/ros/time.h:53[m[K,
                 from [01m[K/opt/ros/noetic/include/ros/ros.h:38[m[K,
                 from [01m[K/home/irobot/catkin_ws/src/swot/swot_manipulation/include/swot_manipulation/manipulation.h:10[m[K,
                 from [01m[K/home/irobot/catkin_ws/src/swot/swot_manipulation/src/manipulation.cpp:8[m[K:
[01m[K/usr/include/c++/9/bits/stl_iterator.h:325:5:[m[K [01;36m[Knote: [m[Kcandidate: ‘[01m[Ktemplate<class _Iterator> constexpr bool std::operator==(const std::reverse_iterator<_Iterator>&, const std::reverse_iterator<_Iterator>&)[m[K’
  325 |     [01;36m[Koperator[m[K==(const reverse_iterator<_Iterator>& __x,
      |     [01;36m[K^~~~~~~~[m[K
[01m[K/usr/include/c++/9/bits/stl_iterator.h:325:5:[m[K [01;36m[Knote: [m[K  template argument deduction/substitution failed:
[01m[K/home/irobot/catkin_ws/src/swot/swot_manipulation/src/manipulation.cpp:780:79:[m[K [01;36m[Knote: [m[K  mismatched types ‘[01m[Kconst std::reverse_iterator<_Iterator>[m[K’ and ‘[01m[Kstd::array<double, 5>::value_type[m[K’ {aka ‘[01m[Kdouble[m[K’}
  780 |         if(workspace_dimensions_matching_object.workspace_dimensions[i][4] == [01;36m[Kobj_name[m[K)
      |                                                                               [01;36m[K^~~~~~~~[m[K
In file included from [01m[K/usr/include/c++/9/bits/stl_algobase.h:67[m[K,
                 from [01m[K/usr/include/c++/9/bits/char_traits.h:39[m[K,
                 from [01m[K/usr/include/c++/9/string:40[m[K,
                 from [01m[K/opt/ros/noetic/include/ros/platform.h:38[m[K,
                 from [01m[K/opt/ros/noetic/include/ros/time.h:53[m[K,
                 from [01m[K/opt/ros/noetic/include/ros/ros.h:38[m[K,
                 from [01m[K/home/irobot/catkin_ws/src/swot/swot_manipulation/include/swot_manipulation/manipulation.h:10[m[K,
                 from [01m[K/home/irobot/catkin_ws/src/swot/swot_manipulation/src/manipulation.cpp:8[m[K:
[01m[K/usr/include/c++/9/bits/stl_iterator.h:363:5:[m[K [01;36m[Knote: [m[Kcandidate: ‘[01m[Ktemplate<class _IteratorL, class _IteratorR> constexpr bool std::operator==(const std::reverse_iterator<_Iterator>&, const std::reverse_iterator<_IteratorR>&)[m[K’
  363 |     [01;36m[Koperator[m[K==(const reverse_iterator<_IteratorL>& __x,
      |     [01;36m[K^~~~~~~~[m[K
[01m[K/usr/include/c++/9/bits/stl_iterator.h:363:5:[m[K [01;36m[Knote: [m[K  template argument deduction/substitution failed:
[01m[K/home/irobot/catkin_ws/src/swot/swot_manipulation/src/manipulation.cpp:780:79:[m[K [01;36m[Knote: [m[K  mismatched types ‘[01m[Kconst std::reverse_iterator<_Iterator>[m[K’ and ‘[01m[Kstd::array<double, 5>::value_type[m[K’ {aka ‘[01m[Kdouble[m[K’}
  780 |         if(workspace_dimensions_matching_object.workspace_dimensions[i][4] == [01;36m[Kobj_name[m[K)
      |                                                                               [01;36m[K^~~~~~~~[m[K
In file included from [01m[K/usr/include/c++/9/bits/stl_algobase.h:67[m[K,
                 from [01m[K/usr/include/c++/9/bits/char_traits.h:39[m[K,
                 from [01m[K/usr/include/c++/9/string:40[m[K,
                 from [01m[K/opt/ros/noetic/include/ros/platform.h:38[m[K,
                 from [01m[K/opt/ros/noetic/include/ros/time.h:53[m[K,
                 from [01m[K/opt/ros/noetic/include/ros/ros.h:38[m[K,
                 from [01m[K/home/irobot/catkin_ws/src/swot/swot_manipulation/include/swot_manipulation/manipulation.h:10[m[K,
                 from [01m[K/home/irobot/catkin_ws/src/swot/swot_manipulation/src/manipulation.cpp:8[m[K:
[01m[K/usr/include/c++/9/bits/stl_iterator.h:1136:5:[m[K [01;36m[Knote: [m[Kcandidate: ‘[01m[Ktemplate<class _IteratorL, class _IteratorR> constexpr bool std::operator==(const std::move_iterator<_IteratorL>&, const std::move_iterator<_IteratorR>&)[m[K’
 1136 |     [01;36m[Koperator[m[K==(const move_iterator<_IteratorL>& __x,
      |     [01;36m[K^~~~~~~~[m[K
[01m[K/usr/include/c++/9/bits/stl_iterator.h:1136:5:[m[K [01;36m[Knote: [m[K  template argument deduction/substitution failed:
[01m[K/home/irobot/catkin_ws/src/swot/swot_manipulation/src/manipulation.cpp:780:79:[m[K [01;36m[Knote: [m[K  mismatched types ‘[01m[Kconst std::move_iterator<_IteratorL>[m[K’ and ‘[01m[Kstd::array<double, 5>::value_type[m[K’ {aka ‘[01m[Kdouble[m[K’}
  780 |         if(workspace_dimensions_matching_object.workspace_dimensions[i][4] == [01;36m[Kobj_name[m[K)
      |                                                                               [01;36m[K^~~~~~~~[m[K
In file included from [01m[K/usr/include/c++/9/bits/stl_algobase.h:67[m[K,
                 from [01m[K/usr/include/c++/9/bits/char_traits.h:39[m[K,
                 from [01m[K/usr/include/c++/9/string:40[m[K,
                 from [01m[K/opt/ros/noetic/include/ros/platform.h:38[m[K,
                 from [01m[K/opt/ros/noetic/include/ros/time.h:53[m[K,
                 from [01m[K/opt/ros/noetic/include/ros/ros.h:38[m[K,
                 from [01m[K/home/irobot/catkin_ws/src/swot/swot_manipulation/include/swot_manipulation/manipulation.h:10[m[K,
                 from [01m[K/home/irobot/catkin_ws/src/swot/swot_manipulation/src/manipulation.cpp:8[m[K:
[01m[K/usr/include/c++/9/bits/stl_iterator.h:1142:5:[m[K [01;36m[Knote: [m[Kcandidate: ‘[01m[Ktemplate<class _Iterator> constexpr bool std::operator==(const std::move_iterator<_IteratorL>&, const std::move_iterator<_IteratorL>&)[m[K’
 1142 |     [01;36m[Koperator[m[K==(const move_iterator<_Iterator>& __x,
      |     [01;36m[K^~~~~~~~[m[K
[01m[K/usr/include/c++/9/bits/stl_iterator.h:1142:5:[m[K [01;36m[Knote: [m[K  template argument deduction/substitution failed:
[01m[K/home/irobot/catkin_ws/src/swot/swot_manipulation/src/manipulation.cpp:780:79:[m[K [01;36m[Knote: [m[K  mismatched types ‘[01m[Kconst std::move_iterator<_IteratorL>[m[K’ and ‘[01m[Kstd::array<double, 5>::value_type[m[K’ {aka ‘[01m[Kdouble[m[K’}
  780 |         if(workspace_dimensions_matching_object.workspace_dimensions[i][4] == [01;36m[Kobj_name[m[K)
      |                                                                               [01;36m[K^~~~~~~~[m[K
In file included from [01m[K/usr/include/c++/9/bits/char_traits.h:40[m[K,
                 from [01m[K/usr/include/c++/9/string:40[m[K,
                 from [01m[K/opt/ros/noetic/include/ros/platform.h:38[m[K,
                 from [01m[K/opt/ros/noetic/include/ros/time.h:53[m[K,
                 from [01m[K/opt/ros/noetic/include/ros/ros.h:38[m[K,
                 from [01m[K/home/irobot/catkin_ws/src/swot/swot_manipulation/include/swot_manipulation/manipulation.h:10[m[K,
                 from [01m[K/home/irobot/catkin_ws/src/swot/swot_manipulation/src/manipulation.cpp:8[m[K:
[01m[K/usr/include/c++/9/bits/postypes.h:222:5:[m[K [01;36m[Knote: [m[Kcandidate: ‘[01m[Ktemplate<class _StateT> bool std::operator==(const std::fpos<_StateT>&, const std::fpos<_StateT>&)[m[K’
  222 |     [01;36m[Koperator[m[K==(const fpos<_StateT>& __lhs, const fpos<_StateT>& __rhs)
      |     [01;36m[K^~~~~~~~[m[K
[01m[K/usr/include/c++/9/bits/postypes.h:222:5:[m[K [01;36m[Knote: [m[K  template argument deduction/substitution failed:
[01m[K/home/irobot/catkin_ws/src/swot/swot_manipulation/src/manipulation.cpp:780:79:[m[K [01;36m[Knote: [m[K  mismatched types ‘[01m[Kconst std::fpos<_StateT>[m[K’ and ‘[01m[Kstd::array<double, 5>::value_type[m[K’ {aka ‘[01m[Kdouble[m[K’}
  780 |         if(workspace_dimensions_matching_object.workspace_dimensions[i][4] == [01;36m[Kobj_name[m[K)
      |                                                                               [01;36m[K^~~~~~~~[m[K
In file included from [01m[K/usr/include/c++/9/string:41[m[K,
                 from [01m[K/opt/ros/noetic/include/ros/platform.h:38[m[K,
                 from [01m[K/opt/ros/noetic/include/ros/time.h:53[m[K,
                 from [01m[K/opt/ros/noetic/include/ros/ros.h:38[m[K,
                 from [01m[K/home/irobot/catkin_ws/src/swot/swot_manipulation/include/swot_manipulation/manipulation.h:10[m[K,
                 from [01m[K/home/irobot/catkin_ws/src/swot/swot_manipulation/src/manipulation.cpp:8[m[K:
[01m[K/usr/include/c++/9/bits/allocator.h:167:5:[m[K [01;36m[Knote: [m[Kcandidate: ‘[01m[Ktemplate<class _T1, class _T2> bool std::operator==(const std::allocator<_CharT>&, const std::allocator<_T2>&)[m[K’
  167 |     [01;36m[Koperator[m[K==(const allocator<_T1>&, const allocator<_T2>&)
      |     [01;36m[K^~~~~~~~[m[K
[01m[K/usr/include/c++/9/bits/allocator.h:167:5:[m[K [01;36m[Knote: [m[K  template argument deduction/substitution failed:
[01m[K/home/irobot/catkin_ws/src/swot/swot_manipulation/src/manipulation.cpp:780:79:[m[K [01;36m[Knote: [m[K  mismatched types ‘[01m[Kconst std::allocator<_CharT>[m[K’ and ‘[01m[Kstd::array<double, 5>::value_type[m[K’ {aka ‘[01m[Kdouble[m[K’}
  780 |         if(workspace_dimensions_matching_object.workspace_dimensions[i][4] == [01;36m[Kobj_name[m[K)
      |                                                                               [01;36m[K^~~~~~~~[m[K
In file included from [01m[K/usr/include/c++/9/bits/basic_string.h:48[m[K,
                 from [01m[K/usr/include/c++/9/string:55[m[K,
                 from [01m[K/opt/ros/noetic/include/ros/platform.h:38[m[K,
                 from [01m[K/opt/ros/noetic/include/ros/time.h:53[m[K,
                 from [01m[K/opt/ros/noetic/include/ros/ros.h:38[m[K,
                 from [01m[K/home/irobot/catkin_ws/src/swot/swot_manipulation/include/swot_manipulation/manipulation.h:10[m[K,
                 from [01m[K/home/irobot/catkin_ws/src/swot/swot_manipulation/src/manipulation.cpp:8[m[K:
[01m[K/usr/include/c++/9/string_view:471:5:[m[K [01;36m[Knote: [m[Kcandidate: ‘[01m[Ktemplate<class _CharT, class _Traits> constexpr bool std::operator==(std::basic_string_view<_CharT, _Traits>, std::basic_string_view<_CharT, _Traits>)[m[K’
  471 |     [01;36m[Koperator[m[K==(basic_string_view<_CharT, _Traits> __x,
      |     [01;36m[K^~~~~~~~[m[K
[01m[K/usr/include/c++/9/string_view:471:5:[m[K [01;36m[Knote: [m[K  template argument deduction/substitution failed:
[01m[K/home/irobot/catkin_ws/src/swot/swot_manipulation/src/manipulation.cpp:780:79:[m[K [01;36m[Knote: [m[K  mismatched types ‘[01m[Kstd::basic_string_view<_CharT, _Traits>[m[K’ and ‘[01m[Kdouble[m[K’
  780 |         if(workspace_dimensions_matching_object.workspace_dimensions[i][4] == [01;36m[Kobj_name[m[K)
      |                                                                               [01;36m[K^~~~~~~~[m[K
In file included from [01m[K/usr/include/c++/9/bits/basic_string.h:48[m[K,
                 from [01m[K/usr/include/c++/9/string:55[m[K,
                 from [01m[K/opt/ros/noetic/include/ros/platform.h:38[m[K,
                 from [01m[K/opt/ros/noetic/include/ros/time.h:53[m[K,
                 from [01m[K/opt/ros/noetic/include/ros/ros.h:38[m[K,
                 from [01m[K/home/irobot/catkin_ws/src/swot/swot_manipulation/include/swot_manipulation/manipulation.h:10[m[K,
                 from [01m[K/home/irobot/catkin_ws/src/swot/swot_manipulation/src/manipulation.cpp:8[m[K:
[01m[K/usr/include/c++/9/string_view:477:5:[m[K [01;36m[Knote: [m[Kcandidate: ‘[01m[Ktemplate<class _CharT, class _Traits> constexpr bool std::operator==(std::basic_string_view<_CharT, _Traits>, std::__detail::__idt<std::basic_string_view<_CharT, _Traits> >)[m[K’
  477 |     [01;36m[Koperator[m[K==(basic_string_view<_CharT, _Traits> __x,
      |     [01;36m[K^~~~~~~~[m[K
[01m[K/usr/include/c++/9/string_view:477:5:[m[K [01;36m[Knote: [m[K  template argument deduction/substitution failed:
[01m[K/home/irobot/catkin_ws/src/swot/swot_manipulation/src/manipulation.cpp:780:79:[m[K [01;36m[Knote: [m[K  mismatched types ‘[01m[Kstd::basic_string_view<_CharT, _Traits>[m[K’ and ‘[01m[Kdouble[m[K’
  780 |         if(workspace_dimensions_matching_object.workspace_dimensions[i][4] == [01;36m[Kobj_name[m[K)
      |                                                                               [01;36m[K^~~~~~~~[m[K
In file included from [01m[K/usr/include/c++/9/bits/basic_string.h:48[m[K,
                 from [01m[K/usr/include/c++/9/string:55[m[K,
                 from [01m[K/opt/ros/noetic/include/ros/platform.h:38[m[K,
                 from [01m[K/opt/ros/noetic/include/ros/time.h:53[m[K,
                 from [01m[K/opt/ros/noetic/include/ros/ros.h:38[m[K,
                 from [01m[K/home/irobot/catkin_ws/src/swot/swot_manipulation/include/swot_manipulation/manipulation.h:10[m[K,
                 from [01m[K/home/irobot/catkin_ws/src/swot/swot_manipulation/src/manipulation.cpp:8[m[K:
[01m[K/usr/include/c++/9/string_view:483:5:[m[K [01;36m[Knote: [m[Kcandidate: ‘[01m[Ktemplate<class _CharT, class _Traits> constexpr bool std::operator==(std::__detail::__idt<std::basic_string_view<_CharT, _Traits> >, std::basic_string_view<_CharT, _Traits>)[m[K’
  483 |     [01;36m[Koperator[m[K==(__detail::__idt<basic_string_view<_CharT, _Traits>> __x,
      |     [01;36m[K^~~~~~~~[m[K
[01m[K/usr/include/c++/9/string_view:483:5:[m[K [01;36m[Knote: [m[K  template argument deduction/substitution failed:
[01m[K/home/irobot/catkin_ws/src/swot/swot_manipulation/src/manipulation.cpp:780:79:[m[K [01;36m[Knote: [m[K  ‘[01m[Kstd::__cxx11::basic_string<char>[m[K’ is not derived from ‘[01m[Kstd::basic_string_view<_CharT, _Traits>[m[K’
  780 |         if(workspace_dimensions_matching_object.workspace_dimensions[i][4] == [01;36m[Kobj_name[m[K)
      |                                                                               [01;36m[K^~~~~~~~[m[K
In file included from [01m[K/usr/include/c++/9/string:55[m[K,
                 from [01m[K/opt/ros/noetic/include/ros/platform.h:38[m[K,
                 from [01m[K/opt/ros/noetic/include/ros/time.h:53[m[K,
                 from [01m[K/opt/ros/noetic/include/ros/ros.h:38[m[K,
                 from [01m[K/home/irobot/catkin_ws/src/swot/swot_manipulation/include/swot_manipulation/manipulation.h:10[m[K,
                 from [01m[K/home/irobot/catkin_ws/src/swot/swot_manipulation/src/manipulation.cpp:8[m[K:
[01m[K/usr/include/c++/9/bits/basic_string.h:6144:5:[m[K [01;36m[Knote: [m[Kcandidate: ‘[01m[Ktemplate<class _CharT, class _Traits, class _Alloc> bool std::operator==(const std::__cxx11::basic_string<_CharT, _Traits, _Allocator>&, const std::__cxx11::basic_string<_CharT, _Traits, _Allocator>&)[m[K’
 6144 |     [01;36m[Koperator[m[K==(const basic_string<_CharT, _Traits, _Alloc>& __lhs,
      |     [01;36m[K^~~~~~~~[m[K
[01m[K/usr/include/c++/9/bits/basic_string.h:6144:5:[m[K [01;36m[Knote: [m[K  template argument deduction/substitution failed:
[01m[K/home/irobot/catkin_ws/src/swot/swot_manipulation/src/manipulation.cpp:780:79:[m[K [01;36m[Knote: [m[K  mismatched types ‘[01m[Kconst std::__cxx11::basic_string<_CharT, _Traits, _Allocator>[m[K’ and ‘[01m[Kstd::array<double, 5>::value_type[m[K’ {aka ‘[01m[Kdouble[m[K’}
  780 |         if(workspace_dimensions_matching_object.workspace_dimensions[i][4] == [01;36m[Kobj_name[m[K)
      |                                                                               [01;36m[K^~~~~~~~[m[K
In file included from [01m[K/usr/include/c++/9/string:55[m[K,
                 from [01m[K/opt/ros/noetic/include/ros/platform.h:38[m[K,
                 from [01m[K/opt/ros/noetic/include/ros/time.h:53[m[K,
                 from [01m[K/opt/ros/noetic/include/ros/ros.h:38[m[K,
                 from [01m[K/home/irobot/catkin_ws/src/swot/swot_manipulation/include/swot_manipulation/manipulation.h:10[m[K,
                 from [01m[K/home/irobot/catkin_ws/src/swot/swot_manipulation/src/manipulation.cpp:8[m[K:
[01m[K/usr/include/c++/9/bits/basic_string.h:6152:5:[m[K [01;36m[Knote: [m[Kcandidate: ‘[01m[Ktemplate<class _CharT> typename __gnu_cxx::__enable_if<std::__is_char<_Tp>::__value, bool>::__type std::operator==(const std::__cxx11::basic_string<_CharT>&, const std::__cxx11::basic_string<_CharT>&)[m[K’
 6152 |     [01;36m[Koperator[m[K==(const basic_string<_CharT>& __lhs,
      |     [01;36m[K^~~~~~~~[m[K
[01m[K/usr/include/c++/9/bits/basic_string.h:6152:5:[m[K [01;36m[Knote: [m[K  template argument deduction/substitution failed:
[01m[K/home/irobot/catkin_ws/src/swot/swot_manipulation/src/manipulation.cpp:780:79:[m[K [01;36m[Knote: [m[K  mismatched types ‘[01m[Kconst std::__cxx11::basic_string<_CharT>[m[K’ and ‘[01m[Kstd::array<double, 5>::value_type[m[K’ {aka ‘[01m[Kdouble[m[K’}
  780 |         if(workspace_dimensions_matching_object.workspace_dimensions[i][4] == [01;36m[Kobj_name[m[K)
      |                                                                               [01;36m[K^~~~~~~~[m[K
In file included from [01m[K/usr/include/c++/9/string:55[m[K,
                 from [01m[K/opt/ros/noetic/include/ros/platform.h:38[m[K,
                 from [01m[K/opt/ros/noetic/include/ros/time.h:53[m[K,
                 from [01m[K/opt/ros/noetic/include/ros/ros.h:38[m[K,
                 from [01m[K/home/irobot/catkin_ws/src/swot/swot_manipulation/include/swot_manipulation/manipulation.h:10[m[K,
                 from [01m[K/home/irobot/catkin_ws/src/swot/swot_manipulation/src/manipulation.cpp:8[m[K:
[01m[K/usr/include/c++/9/bits/basic_string.h:6166:5:[m[K [01;36m[Knote: [m[Kcandidate: ‘[01m[Ktemplate<class _CharT, class _Traits, class _Alloc> bool std::operator==(const _CharT*, const std::__cxx11::basic_string<_CharT, _Traits, _Allocator>&)[m[K’
 6166 |     [01;36m[Koperator[m[K==(const _CharT* __lhs,
      |     [01;36m[K^~~~~~~~[m[K
[01m[K/usr/include/c++/9/bits/basic_string.h:6166:5:[m[K [01;36m[Knote: [m[K  template argument deduction/substitution failed:
[01m[K/home/irobot/catkin_ws/src/swot/swot_manipulation/src/manipulation.cpp:780:79:[m[K [01;36m[Knote: [m[K  mismatched types ‘[01m[Kconst _CharT*[m[K’ and ‘[01m[Kdouble[m[K’
  780 |         if(workspace_dimensions_matching_object.workspace_dimensions[i][4] == [01;36m[Kobj_name[m[K)
      |                                                                               [01;36m[K^~~~~~~~[m[K
In file included from [01m[K/usr/include/c++/9/string:55[m[K,
                 from [01m[K/opt/ros/noetic/include/ros/platform.h:38[m[K,
                 from [01m[K/opt/ros/noetic/include/ros/time.h:53[m[K,
                 from [01m[K/opt/ros/noetic/include/ros/ros.h:38[m[K,
                 from [01m[K/home/irobot/catkin_ws/src/swot/swot_manipulation/include/swot_manipulation/manipulation.h:10[m[K,
                 from [01m[K/home/irobot/catkin_ws/src/swot/swot_manipulation/src/manipulation.cpp:8[m[K:
[01m[K/usr/include/c++/9/bits/basic_string.h:6178:5:[m[K [01;36m[Knote: [m[Kcandidate: ‘[01m[Ktemplate<class _CharT, class _Traits, class _Alloc> bool std::operator==(const std::__cxx11::basic_string<_CharT, _Traits, _Allocator>&, const _CharT*)[m[K’
 6178 |     [01;36m[Koperator[m[K==(const basic_string<_CharT, _Traits, _Alloc>& __lhs,
      |     [01;36m[K^~~~~~~~[m[K
[01m[K/usr/include/c++/9/bits/basic_string.h:6178:5:[m[K [01;36m[Knote: [m[K  template argument deduction/substitution failed:
[01m[K/home/irobot/catkin_ws/src/swot/swot_manipulation/src/manipulation.cpp:780:79:[m[K [01;36m[Knote: [m[K  mismatched types ‘[01m[Kconst std::__cxx11::basic_string<_CharT, _Traits, _Allocator>[m[K’ and ‘[01m[Kstd::array<double, 5>::value_type[m[K’ {aka ‘[01m[Kdouble[m[K’}
  780 |         if(workspace_dimensions_matching_object.workspace_dimensions[i][4] == [01;36m[Kobj_name[m[K)
      |                                                                               [01;36m[K^~~~~~~~[m[K
In file included from [01m[K/usr/include/c++/9/bits/ios_base.h:46[m[K,
                 from [01m[K/usr/include/c++/9/ios:42[m[K,
                 from [01m[K/usr/include/c++/9/ostream:38[m[K,
                 from [01m[K/usr/include/c++/9/iostream:39[m[K,
                 from [01m[K/opt/ros/noetic/include/ros/time.h:54[m[K,
                 from [01m[K/opt/ros/noetic/include/ros/ros.h:38[m[K,
                 from [01m[K/home/irobot/catkin_ws/src/swot/swot_manipulation/include/swot_manipulation/manipulation.h:10[m[K,
                 from [01m[K/home/irobot/catkin_ws/src/swot/swot_manipulation/src/manipulation.cpp:8[m[K:
[01m[K/usr/include/c++/9/system_error:292:3:[m[K [01;36m[Knote: [m[Kcandidate: ‘[01m[Kbool std::operator==(const std::error_code&, const std::error_code&)[m[K’
  292 |   [01;36m[Koperator[m[K==(const error_code& __lhs, const error_code& __rhs) noexcept
      |   [01;36m[K^~~~~~~~[m[K
[01m[K/usr/include/c++/9/system_error:292:32:[m[K [01;36m[Knote: [m[K  no known conversion for argument 1 from ‘[01m[Kstd::array<double, 5>::value_type[m[K’ {aka ‘[01m[Kdouble[m[K’} to ‘[01m[Kconst std::error_code&[m[K’
  292 |   operator==([01;36m[Kconst error_code& __lhs[m[K, const error_code& __rhs) noexcept
      |              [01;36m[K~~~~~~~~~~~~~~~~~~^~~~~[m[K
[01m[K/usr/include/c++/9/system_error:297:3:[m[K [01;36m[Knote: [m[Kcandidate: ‘[01m[Kbool std::operator==(const std::error_code&, const std::error_condition&)[m[K’
  297 |   [01;36m[Koperator[m[K==(const error_code& __lhs, const error_condition& __rhs) noexcept
      |   [01;36m[K^~~~~~~~[m[K
[01m[K/usr/include/c++/9/system_error:297:32:[m[K [01;36m[Knote: [m[K  no known conversion for argument 1 from ‘[01m[Kstd::array<double, 5>::value_type[m[K’ {aka ‘[01m[Kdouble[m[K’} to ‘[01m[Kconst std::error_code&[m[K’
  297 |   operator==([01;36m[Kconst error_code& __lhs[m[K, const error_condition& __rhs) noexcept
      |              [01;36m[K~~~~~~~~~~~~~~~~~~^~~~~[m[K
[01m[K/usr/include/c++/9/system_error:304:3:[m[K [01;36m[Knote: [m[Kcandidate: ‘[01m[Kbool std::operator==(const std::error_condition&, const std::error_code&)[m[K’
  304 |   [01;36m[Koperator[m[K==(const error_condition& __lhs, const error_code& __rhs) noexcept
      |   [01;36m[K^~~~~~~~[m[K
[01m[K/usr/include/c++/9/system_error:304:37:[m[K [01;36m[Knote: [m[K  no known conversion for argument 1 from ‘[01m[Kstd::array<double, 5>::value_type[m[K’ {aka ‘[01m[Kdouble[m[K’} to ‘[01m[Kconst std::error_condition&[m[K’
  304 |   operator==([01;36m[Kconst error_condition& __lhs[m[K, const error_code& __rhs) noexcept
      |              [01;36m[K~~~~~~~~~~~~~~~~~~~~~~~^~~~~[m[K
[01m[K/usr/include/c++/9/system_error:311:3:[m[K [01;36m[Knote: [m[Kcandidate: ‘[01m[Kbool std::operator==(const std::error_condition&, const std::error_condition&)[m[K’
  311 |   [01;36m[Koperator[m[K==(const error_condition& __lhs,
      |   [01;36m[K^~~~~~~~[m[K
[01m[K/usr/include/c++/9/system_error:311:37:[m[K [01;36m[Knote: [m[K  no known conversion for argument 1 from ‘[01m[Kstd::array<double, 5>::value_type[m[K’ {aka ‘[01m[Kdouble[m[K’} to ‘[01m[Kconst std::error_condition&[m[K’
  311 |   operator==([01;36m[Kconst error_condition& __lhs[m[K,
      |              [01;36m[K~~~~~~~~~~~~~~~~~~~~~~~^~~~~[m[K
In file included from [01m[K/usr/include/c++/9/bits/locale_facets.h:48[m[K,
                 from [01m[K/usr/include/c++/9/bits/basic_ios.h:37[m[K,
                 from [01m[K/usr/include/c++/9/ios:44[m[K,
                 from [01m[K/usr/include/c++/9/ostream:38[m[K,
                 from [01m[K/usr/include/c++/9/iostream:39[m[K,
                 from [01m[K/opt/ros/noetic/include/ros/time.h:54[m[K,
                 from [01m[K/opt/ros/noetic/include/ros/ros.h:38[m[K,
                 from [01m[K/home/irobot/catkin_ws/src/swot/swot_manipulation/include/swot_manipulation/manipulation.h:10[m[K,
                 from [01m[K/home/irobot/catkin_ws/src/swot/swot_manipulation/src/manipulation.cpp:8[m[K:
[01m[K/usr/include/c++/9/bits/streambuf_iterator.h:208:5:[m[K [01;36m[Knote: [m[Kcandidate: ‘[01m[Ktemplate<class _CharT, class _Traits> bool std::operator==(const std::istreambuf_iterator<_CharT, _Traits>&, const std::istreambuf_iterator<_CharT, _Traits>&)[m[K’
  208 |     [01;36m[Koperator[m[K==(const istreambuf_iterator<_CharT, _Traits>& __a,
      |     [01;36m[K^~~~~~~~[m[K
[01m[K/usr/include/c++/9/bits/streambuf_iterator.h:208:5:[m[K [01;36m[Knote: [m[K  template argument deduction/substitution failed:
[01m[K/home/irobot/catkin_ws/src/swot/swot_manipulation/src/manipulation.cpp:780:79:[m[K [01;36m[Knote: [m[K  mismatched types ‘[01m[Kconst std::istreambuf_iterator<_CharT, _Traits>[m[K’ and ‘[01m[Kstd::array<double, 5>::value_type[m[K’ {aka ‘[01m[Kdouble[m[K’}
  780 |         if(workspace_dimensions_matching_object.workspace_dimensions[i][4] == [01;36m[Kobj_name[m[K)
      |                                                                               [01;36m[K^~~~~~~~[m[K
In file included from [01m[K/usr/include/c++/9/tuple:39[m[K,
                 from [01m[K/usr/include/c++/9/functional:54[m[K,
                 from [01m[K/usr/include/c++/9/pstl/glue_algorithm_defs.h:13[m[K,
                 from [01m[K/usr/include/c++/9/algorithm:71[m[K,
                 from [01m[K/usr/include/boost/math/tools/config.hpp:18[m[K,
                 from [01m[K/usr/include/boost/math/special_functions/round.hpp:13[m[K,
                 from [01m[K/opt/ros/noetic/include/ros/time.h:58[m[K,
                 from [01m[K/opt/ros/noetic/include/ros/ros.h:38[m[K,
                 from [01m[K/home/irobot/catkin_ws/src/swot/swot_manipulation/include/swot_manipulation/manipulation.h:10[m[K,
                 from [01m[K/home/irobot/catkin_ws/src/swot/swot_manipulation/src/manipulation.cpp:8[m[K:
[01m[K/usr/include/c++/9/array:252:5:[m[K [01;36m[Knote: [m[Kcandidate: ‘[01m[Ktemplate<class _Tp, long unsigned int _Nm> bool std::operator==(const std::array<_Tp, _Nm>&, const std::array<_Tp, _Nm>&)[m[K’
  252 |     [01;36m[Koperator[m[K==(const array<_Tp, _Nm>& __one, const array<_Tp, _Nm>& __two)
      |     [01;36m[K^~~~~~~~[m[K
[01m[K/usr/include/c++/9/array:252:5:[m[K [01;36m[Knote: [m[K  template argument deduction/substitution failed:
[01m[K/home/irobot/catkin_ws/src/swot/swot_manipulation/src/manipulation.cpp:780:79:[m[K [01;36m[Knote: [m[K  mismatched types ‘[01m[Kconst std::array<_Tp, _Nm>[m[K’ and ‘[01m[Kstd::array<double, 5>::value_type[m[K’ {aka ‘[01m[Kdouble[m[K’}
  780 |         if(workspace_dimensions_matching_object.workspace_dimensions[i][4] == [01;36m[Kobj_name[m[K)
      |                                                                               [01;36m[K^~~~~~~~[m[K
In file included from [01m[K/usr/include/c++/9/functional:54[m[K,
                 from [01m[K/usr/include/c++/9/pstl/glue_algorithm_defs.h:13[m[K,
                 from [01m[K/usr/include/c++/9/algorithm:71[m[K,
                 from [01m[K/usr/include/boost/math/tools/config.hpp:18[m[K,
                 from [01m[K/usr/include/boost/math/special_functions/round.hpp:13[m[K,
                 from [01m[K/opt/ros/noetic/include/ros/time.h:58[m[K,
                 from [01m[K/opt/ros/noetic/include/ros/ros.h:38[m[K,
                 from [01m[K/home/irobot/catkin_ws/src/swot/swot_manipulation/include/swot_manipulation/manipulation.h:10[m[K,
                 from [01m[K/home/irobot/catkin_ws/src/swot/swot_manipulation/src/manipulation.cpp:8[m[K:
[01m[K/usr/include/c++/9/tuple:1419:5:[m[K [01;36m[Knote: [m[Kcandidate: ‘[01m[Ktemplate<class ... _TElements, class ... _UElements> constexpr bool std::operator==(const std::tuple<_Tps ...>&, const std::tuple<_Elements ...>&)[m[K’
 1419 |     [01;36m[Koperator[m[K==(const tuple<_TElements...>& __t,
      |     [01;36m[K^~~~~~~~[m[K
[01m[K/usr/include/c++/9/tuple:1419:5:[m[K [01;36m[Knote: [m[K  template argument deduction/substitution failed:
[01m[K/home/irobot/catkin_ws/src/swot/swot_manipulation/src/manipulation.cpp:780:79:[m[K [01;36m[Knote: [m[K  mismatched types ‘[01m[Kconst std::tuple<_Tps ...>[m[K’ and ‘[01m[Kstd::array<double, 5>::value_type[m[K’ {aka ‘[01m[Kdouble[m[K’}
  780 |         if(workspace_dimensions_matching_object.workspace_dimensions[i][4] == [01;36m[Kobj_name[m[K)
      |                                                                               [01;36m[K^~~~~~~~[m[K
In file included from [01m[K/usr/include/c++/9/functional:59[m[K,
                 from [01m[K/usr/include/c++/9/pstl/glue_algorithm_defs.h:13[m[K,
                 from [01m[K/usr/include/c++/9/algorithm:71[m[K,
                 from [01m[K/usr/include/boost/math/tools/config.hpp:18[m[K,
                 from [01m[K/usr/include/boost/math/special_functions/round.hpp:13[m[K,
                 from [01m[K/opt/ros/noetic/include/ros/time.h:58[m[K,
                 from [01m[K/opt/ros/noetic/include/ros/ros.h:38[m[K,
                 from [01m[K/home/irobot/catkin_ws/src/swot/swot_manipulation/include/swot_manipulation/manipulation.h:10[m[K,
                 from [01m[K/home/irobot/catkin_ws/src/swot/swot_manipulation/src/manipulation.cpp:8[m[K:
[01m[K/usr/include/c++/9/bits/std_function.h:746:5:[m[K [01;36m[Knote: [m[Kcandidate: ‘[01m[Ktemplate<class _Res, class ... _Args> bool std::operator==(const std::function<_Res(_ArgTypes ...)>&, std::nullptr_t)[m[K’
  746 |     [01;36m[Koperator[m[K==(const function<_Res(_Args...)>& __f, nullptr_t) noexcept
      |     [01;36m[K^~~~~~~~[m[K
[01m[K/usr/include/c++/9/bits/std_function.h:746:5:[m[K [01;36m[Knote: [m[K  template argument deduction/substitution failed:
[01m[K/home/irobot/catkin_ws/src/swot/swot_manipulation/src/manipulation.cpp:780:79:[m[K [01;36m[Knote: [m[K  mismatched types ‘[01m[Kconst std::function<_Res(_ArgTypes ...)>[m[K’ and ‘[01m[Kstd::array<double, 5>::value_type[m[K’ {aka ‘[01m[Kdouble[m[K’}
  780 |         if(workspace_dimensions_matching_object.workspace_dimensions[i][4] == [01;36m[Kobj_name[m[K)
      |                                                                               [01;36m[K^~~~~~~~[m[K
In file included from [01m[K/usr/include/c++/9/functional:59[m[K,
                 from [01m[K/usr/include/c++/9/pstl/glue_algorithm_defs.h:13[m[K,
                 from [01m[K/usr/include/c++/9/algorithm:71[m[K,
                 from [01m[K/usr/include/boost/math/tools/config.hpp:18[m[K,
                 from [01m[K/usr/include/boost/math/special_functions/round.hpp:13[m[K,
                 from [01m[K/opt/ros/noetic/include/ros/time.h:58[m[K,
                 from [01m[K/opt/ros/noetic/include/ros/ros.h:38[m[K,
                 from [01m[K/home/irobot/catkin_ws/src/swot/swot_manipulation/include/swot_manipulation/manipulation.h:10[m[K,
                 from [01m[K/home/irobot/catkin_ws/src/swot/swot_manipulation/src/manipulation.cpp:8[m[K:
[01m[K/usr/include/c++/9/bits/std_function.h:752:5:[m[K [01;36m[Knote: [m[Kcandidate: ‘[01m[Ktemplate<class _Res, class ... _Args> bool std::operator==(std::nullptr_t, const std::function<_Res(_ArgTypes ...)>&)[m[K’
  752 |     [01;36m[Koperator[m[K==(nullptr_t, const function<_Res(_Args...)>& __f) noexcept
      |     [01;36m[K^~~~~~~~[m[K
[01m[K/usr/include/c++/9/bits/std_function.h:752:5:[m[K [01;36m[Knote: [m[K  template argument deduction/substitution failed:
[01m[K/home/irobot/catkin_ws/src/swot/swot_manipulation/src/manipulation.cpp:780:79:[m[K [01;36m[Knote: [m[K  ‘[01m[Kstd::string[m[K’ {aka ‘[01m[Kstd::__cxx11::basic_string<char>[m[K’} is not derived from ‘[01m[Kconst std::function<_Res(_ArgTypes ...)>[m[K’
  780 |         if(workspace_dimensions_matching_object.workspace_dimensions[i][4] == [01;36m[Kobj_name[m[K)
      |                                                                               [01;36m[K^~~~~~~~[m[K
In file included from [01m[K/usr/include/c++/9/bits/node_handle.h:39[m[K,
                 from [01m[K/usr/include/c++/9/bits/hashtable.h:37[m[K,
                 from [01m[K/usr/include/c++/9/unordered_map:46[m[K,
                 from [01m[K/usr/include/c++/9/functional:61[m[K,
                 from [01m[K/usr/include/c++/9/pstl/glue_algorithm_defs.h:13[m[K,
                 from [01m[K/usr/include/c++/9/algorithm:71[m[K,
                 from [01m[K/usr/include/boost/math/tools/config.hpp:18[m[K,
                 from [01m[K/usr/include/boost/math/special_functions/round.hpp:13[m[K,
                 from [01m[K/opt/ros/noetic/include/ros/time.h:58[m[K,
                 from [01m[K/opt/ros/noetic/include/ros/ros.h:38[m[K,
                 from [01m[K/home/irobot/catkin_ws/src/swot/swot_manipulation/include/swot_manipulation/manipulation.h:10[m[K,
                 from [01m[K/home/irobot/catkin_ws/src/swot/swot_manipulation/src/manipulation.cpp:8[m[K:
[01m[K/usr/include/c++/9/optional:983:5:[m[K [01;36m[Knote: [m[Kcandidate: ‘[01m[Ktemplate<class _Tp, class _Up> constexpr std::__optional_relop_t<decltype ((declval<_Tp>() == declval<_Up>()))> std::operator==(const std::optional<_Tp>&, const std::optional<_Up>&)[m[K’
  983 |     [01;36m[Koperator[m[K==(const optional<_Tp>& __lhs, const optional<_Up>& __rhs)
      |     [01;36m[K^~~~~~~~[m[K
[01m[K/usr/include/c++/9/optional:983:5:[m[K [01;36m[Knote: [m[K  template argument deduction/substitution failed:
[01m[K/home/irobot/catkin_ws/src/swot/swot_manipulation/src/manipulation.cpp:780:79:[m[K [01;36m[Knote: [m[K  mismatched types ‘[01m[Kconst std::optional<_Tp>[m[K’ and ‘[01m[Kstd::array<double, 5>::value_type[m[K’ {aka ‘[01m[Kdouble[m[K’}
  780 |         if(workspace_dimensions_matching_object.workspace_dimensions[i][4] == [01;36m[Kobj_name[m[K)
      |                                                                               [01;36m[K^~~~~~~~[m[K
In file included from [01m[K/usr/include/c++/9/bits/node_handle.h:39[m[K,
                 from [01m[K/usr/include/c++/9/bits/hashtable.h:37[m[K,
                 from [01m[K/usr/include/c++/9/unordered_map:46[m[K,
                 from [01m[K/usr/include/c++/9/functional:61[m[K,
                 from [01m[K/usr/include/c++/9/pstl/glue_algorithm_defs.h:13[m[K,
                 from [01m[K/usr/include/c++/9/algorithm:71[m[K,
                 from [01m[K/usr/include/boost/math/tools/config.hpp:18[m[K,
                 from [01m[K/usr/include/boost/math/special_functions/round.hpp:13[m[K,
                 from [01m[K/opt/ros/noetic/include/ros/time.h:58[m[K,
                 from [01m[K/opt/ros/noetic/include/ros/ros.h:38[m[K,
                 from [01m[K/home/irobot/catkin_ws/src/swot/swot_manipulation/include/swot_manipulation/manipulation.h:10[m[K,
                 from [01m[K/home/irobot/catkin_ws/src/swot/swot_manipulation/src/manipulation.cpp:8[m[K:
[01m[K/usr/include/c++/9/optional:1034:5:[m[K [01;36m[Knote: [m[Kcandidate: ‘[01m[Ktemplate<class _Tp> constexpr bool std::operator==(const std::optional<_Tp>&, std::nullopt_t)[m[K’
 1034 |     [01;36m[Koperator[m[K==(const optional<_Tp>& __lhs, nullopt_t) noexcept
      |     [01;36m[K^~~~~~~~[m[K
[01m[K/usr/include/c++/9/optional:1034:5:[m[K [01;36m[Knote: [m[K  template argument deduction/substitution failed:
[01m[K/home/irobot/catkin_ws/src/swot/swot_manipulation/src/manipulation.cpp:780:79:[m[K [01;36m[Knote: [m[K  mismatched types ‘[01m[Kconst std::optional<_Tp>[m[K’ and ‘[01m[Kstd::array<double, 5>::value_type[m[K’ {aka ‘[01m[Kdouble[m[K’}
  780 |         if(workspace_dimensions_matching_object.workspace_dimensions[i][4] == [01;36m[Kobj_name[m[K)
      |                                                                               [01;36m[K^~~~~~~~[m[K
In file included from [01m[K/usr/include/c++/9/bits/node_handle.h:39[m[K,
                 from [01m[K/usr/include/c++/9/bits/hashtable.h:37[m[K,
                 from [01m[K/usr/include/c++/9/unordered_map:46[m[K,
                 from [01m[K/usr/include/c++/9/functional:61[m[K,
                 from [01m[K/usr/include/c++/9/pstl/glue_algorithm_defs.h:13[m[K,
                 from [01m[K/usr/include/c++/9/algorithm:71[m[K,
                 from [01m[K/usr/include/boost/math/tools/config.hpp:18[m[K,
                 from [01m[K/usr/include/boost/math/special_functions/round.hpp:13[m[K,
                 from [01m[K/opt/ros/noetic/include/ros/time.h:58[m[K,
                 from [01m[K/opt/ros/noetic/include/ros/ros.h:38[m[K,
                 from [01m[K/home/irobot/catkin_ws/src/swot/swot_manipulation/include/swot_manipulation/manipulation.h:10[m[K,
                 from [01m[K/home/irobot/catkin_ws/src/swot/swot_manipulation/src/manipulation.cpp:8[m[K:
[01m[K/usr/include/c++/9/optional:1039:5:[m[K [01;36m[Knote: [m[Kcandidate: ‘[01m[Ktemplate<class _Tp> constexpr bool std::operator==(std::nullopt_t, const std::optional<_Tp>&)[m[K’
 1039 |     [01;36m[Koperator[m[K==(nullopt_t, const optional<_Tp>& __rhs) noexcept
      |     [01;36m[K^~~~~~~~[m[K
[01m[K/usr/include/c++/9/optional:1039:5:[m[K [01;36m[Knote: [m[K  template argument deduction/substitution failed:
[01m[K/home/irobot/catkin_ws/src/swot/swot_manipulation/src/manipulation.cpp:780:79:[m[K [01;36m[Knote: [m[K  ‘[01m[Kstd::string[m[K’ {aka ‘[01m[Kstd::__cxx11::basic_string<char>[m[K’} is not derived from ‘[01m[Kconst std::optional<_Tp>[m[K’
  780 |         if(workspace_dimensions_matching_object.workspace_dimensions[i][4] == [01;36m[Kobj_name[m[K)
      |                                                                               [01;36m[K^~~~~~~~[m[K
In file included from [01m[K/usr/include/c++/9/bits/node_handle.h:39[m[K,
                 from [01m[K/usr/include/c++/9/bits/hashtable.h:37[m[K,
                 from [01m[K/usr/include/c++/9/unordered_map:46[m[K,
                 from [01m[K/usr/include/c++/9/functional:61[m[K,
                 from [01m[K/usr/include/c++/9/pstl/glue_algorithm_defs.h:13[m[K,
                 from [01m[K/usr/include/c++/9/algorithm:71[m[K,
                 from [01m[K/usr/include/boost/math/tools/config.hpp:18[m[K,
                 from [01m[K/usr/include/boost/math/special_functions/round.hpp:13[m[K,
                 from [01m[K/opt/ros/noetic/include/ros/time.h:58[m[K,
                 from [01m[K/opt/ros/noetic/include/ros/ros.h:38[m[K,
                 from [01m[K/home/irobot/catkin_ws/src/swot/swot_manipulation/include/swot_manipulation/manipulation.h:10[m[K,
                 from [01m[K/home/irobot/catkin_ws/src/swot/swot_manipulation/src/manipulation.cpp:8[m[K:
[01m[K/usr/include/c++/9/optional:1095:5:[m[K [01;36m[Knote: [m[Kcandidate: ‘[01m[Ktemplate<class _Tp, class _Up> constexpr std::__optional_relop_t<decltype ((declval<_Tp>() == declval<_Up>()))> std::operator==(const std::optional<_Tp>&, const _Up&)[m[K’
 1095 |     [01;36m[Koperator[m[K==(const optional<_Tp>& __lhs, const _Up& __rhs)
      |     [01;36m[K^~~~~~~~[m[K
[01m[K/usr/include/c++/9/optional:1095:5:[m[K [01;36m[Knote: [m[K  template argument deduction/substitution failed:
[01m[K/home/irobot/catkin_ws/src/swot/swot_manipulation/src/manipulation.cpp:780:79:[m[K [01;36m[Knote: [m[K  mismatched types ‘[01m[Kconst std::optional<_Tp>[m[K’ and ‘[01m[Kstd::array<double, 5>::value_type[m[K’ {aka ‘[01m[Kdouble[m[K’}
  780 |         if(workspace_dimensions_matching_object.workspace_dimensions[i][4] == [01;36m[Kobj_name[m[K)
      |                                                                               [01;36m[K^~~~~~~~[m[K
In file included from [01m[K/usr/include/c++/9/bits/node_handle.h:39[m[K,
                 from [01m[K/usr/include/c++/9/bits/hashtable.h:37[m[K,
                 from [01m[K/usr/include/c++/9/unordered_map:46[m[K,
                 from [01m[K/usr/include/c++/9/functional:61[m[K,
                 from [01m[K/usr/include/c++/9/pstl/glue_algorithm_defs.h:13[m[K,
                 from [01m[K/usr/include/c++/9/algorithm:71[m[K,
                 from [01m[K/usr/include/boost/math/tools/config.hpp:18[m[K,
                 from [01m[K/usr/include/boost/math/special_functions/round.hpp:13[m[K,
                 from [01m[K/opt/ros/noetic/include/ros/time.h:58[m[K,
                 from [01m[K/opt/ros/noetic/include/ros/ros.h:38[m[K,
                 from [01m[K/home/irobot/catkin_ws/src/swot/swot_manipulation/include/swot_manipulation/manipulation.h:10[m[K,
                 from [01m[K/home/irobot/catkin_ws/src/swot/swot_manipulation/src/manipulation.cpp:8[m[K:
[01m[K/usr/include/c++/9/optional:1101:5:[m[K [01;36m[Knote: [m[Kcandidate: ‘[01m[Ktemplate<class _Tp, class _Up> constexpr std::__optional_relop_t<decltype ((declval<_Up>() == declval<_Tp>()))> std::operator==(const _Up&, const std::optional<_Tp>&)[m[K’
 1101 |     [01;36m[Koperator[m[K==(const _Up& __lhs, const optional<_Tp>& __rhs)
      |     [01;36m[K^~~~~~~~[m[K
[01m[K/usr/include/c++/9/optional:1101:5:[m[K [01;36m[Knote: [m[K  template argument deduction/substitution failed:
[01m[K/home/irobot/catkin_ws/src/swot/swot_manipulation/src/manipulation.cpp:780:79:[m[K [01;36m[Knote: [m[K  ‘[01m[Kstd::string[m[K’ {aka ‘[01m[Kstd::__cxx11::basic_string<char>[m[K’} is not derived from ‘[01m[Kconst std::optional<_Tp>[m[K’
  780 |         if(workspace_dimensions_matching_object.workspace_dimensions[i][4] == [01;36m[Kobj_name[m[K)
      |                                                                               [01;36m[K^~~~~~~~[m[K
In file included from [01m[K/usr/include/c++/9/unordered_map:47[m[K,
                 from [01m[K/usr/include/c++/9/functional:61[m[K,
                 from [01m[K/usr/include/c++/9/pstl/glue_algorithm_defs.h:13[m[K,
                 from [01m[K/usr/include/c++/9/algorithm:71[m[K,
                 from [01m[K/usr/include/boost/math/tools/config.hpp:18[m[K,
                 from [01m[K/usr/include/boost/math/special_functions/round.hpp:13[m[K,
                 from [01m[K/opt/ros/noetic/include/ros/time.h:58[m[K,
                 from [01m[K/opt/ros/noetic/include/ros/ros.h:38[m[K,
                 from [01m[K/home/irobot/catkin_ws/src/swot/swot_manipulation/include/swot_manipulation/manipulation.h:10[m[K,
                 from [01m[K/home/irobot/catkin_ws/src/swot/swot_manipulation/src/manipulation.cpp:8[m[K:
[01m[K/usr/include/c++/9/bits/unordered_map.h:2093:5:[m[K [01;36m[Knote: [m[Kcandidate: ‘[01m[Ktemplate<class _Key1, class _Tp1, class _Hash1, class _Pred1, class _Alloc1> bool std::operator==(const std::unordered_map<_Key1, _Tp1, _Hash1, _Pred1, _Alloc1>&, const std::unordered_map<_Key1, _Tp1, _Hash1, _Pred1, _Alloc1>&)[m[K’
 2093 |     [01;36m[Koperator[m[K==(const unordered_map<_Key, _Tp, _Hash, _Pred, _Alloc>& __x,
      |     [01;36m[K^~~~~~~~[m[K
[01m[K/usr/include/c++/9/bits/unordered_map.h:2093:5:[m[K [01;36m[Knote: [m[K  template argument deduction/substitution failed:
[01m[K/home/irobot/catkin_ws/src/swot/swot_manipulation/src/manipulation.cpp:780:79:[m[K [01;36m[Knote: [m[K  mismatched types ‘[01m[Kconst std::unordered_map<_Key1, _Tp1, _Hash1, _Pred1, _Alloc1>[m[K’ and ‘[01m[Kstd::array<double, 5>::value_type[m[K’ {aka ‘[01m[Kdouble[m[K’}
  780 |         if(workspace_dimensions_matching_object.workspace_dimensions[i][4] == [01;36m[Kobj_name[m[K)
      |                                                                               [01;36m[K^~~~~~~~[m[K
In file included from [01m[K/usr/include/c++/9/unordered_map:47[m[K,
                 from [01m[K/usr/include/c++/9/functional:61[m[K,
                 from [01m[K/usr/include/c++/9/pstl/glue_algorithm_defs.h:13[m[K,
                 from [01m[K/usr/include/c++/9/algorithm:71[m[K,
                 from [01m[K/usr/include/boost/math/tools/config.hpp:18[m[K,
                 from [01m[K/usr/include/boost/math/special_functions/round.hpp:13[m[K,
                 from [01m[K/opt/ros/noetic/include/ros/time.h:58[m[K,
                 from [01m[K/opt/ros/noetic/include/ros/ros.h:38[m[K,
                 from [01m[K/home/irobot/catkin_ws/src/swot/swot_manipulation/include/swot_manipulation/manipulation.h:10[m[K,
                 from [01m[K/home/irobot/catkin_ws/src/swot/swot_manipulation/src/manipulation.cpp:8[m[K:
[01m[K/usr/include/c++/9/bits/unordered_map.h:2105:5:[m[K [01;36m[Knote: [m[Kcandidate: ‘[01m[Ktemplate<class _Key1, class _Tp1, class _Hash1, class _Pred1, class _Alloc1> bool std::operator==(const std::unordered_multimap<_Key1, _Tp1, _Hash1, _Pred1, _Alloc1>&, const std::unordered_multimap<_Key1, _Tp1, _Hash1, _Pred1, _Alloc1>&)[m[K’
 2105 |     [01;36m[Koperator[m[K==(const unordered_multimap<_Key, _Tp, _Hash, _Pred, _Alloc>& __x,
      |     [01;36m[K^~~~~~~~[m[K
[01m[K/usr/include/c++/9/bits/unordered_map.h:2105:5:[m[K [01;36m[Knote: [m[K  template argument deduction/substitution failed:
[01m[K/home/irobot/catkin_ws/src/swot/swot_manipulation/src/manipulation.cpp:780:79:[m[K [01;36m[Knote: [m[K  mismatched types ‘[01m[Kconst std::unordered_multimap<_Key1, _Tp1, _Hash1, _Pred1, _Alloc1>[m[K’ and ‘[01m[Kstd::array<double, 5>::value_type[m[K’ {aka ‘[01m[Kdouble[m[K’}
  780 |         if(workspace_dimensions_matching_object.workspace_dimensions[i][4] == [01;36m[Kobj_name[m[K)
      |                                                                               [01;36m[K^~~~~~~~[m[K
In file included from [01m[K/usr/include/c++/9/vector:67[m[K,
                 from [01m[K/usr/include/c++/9/functional:62[m[K,
                 from [01m[K/usr/include/c++/9/pstl/glue_algorithm_defs.h:13[m[K,
                 from [01m[K/usr/include/c++/9/algorithm:71[m[K,
                 from [01m[K/usr/include/boost/math/tools/config.hpp:18[m[K,
                 from [01m[K/usr/include/boost/math/special_functions/round.hpp:13[m[K,
                 from [01m[K/opt/ros/noetic/include/ros/time.h:58[m[K,
                 from [01m[K/opt/ros/noetic/include/ros/ros.h:38[m[K,
                 from [01m[K/home/irobot/catkin_ws/src/swot/swot_manipulation/include/swot_manipulation/manipulation.h:10[m[K,
                 from [01m[K/home/irobot/catkin_ws/src/swot/swot_manipulation/src/manipulation.cpp:8[m[K:
[01m[K/usr/include/c++/9/bits/stl_vector.h:1888:5:[m[K [01;36m[Knote: [m[Kcandidate: ‘[01m[Ktemplate<class _Tp, class _Alloc> bool std::operator==(const std::vector<_Tp, _Alloc>&, const std::vector<_Tp, _Alloc>&)[m[K’
 1888 |     [01;36m[Koperator[m[K==(const vector<_Tp, _Alloc>& __x, const vector<_Tp, _Alloc>& __y)
      |     [01;36m[K^~~~~~~~[m[K
[01m[K/usr/include/c++/9/bits/stl_vector.h:1888:5:[m[K [01;36m[Knote: [m[K  template argument deduction/substitution failed:
[01m[K/home/irobot/catkin_ws/src/swot/swot_manipulation/src/manipulation.cpp:780:79:[m[K [01;36m[Knote: [m[K  mismatched types ‘[01m[Kconst std::vector<_Tp, _Alloc>[m[K’ and ‘[01m[Kstd::array<double, 5>::value_type[m[K’ {aka ‘[01m[Kdouble[m[K’}
  780 |         if(workspace_dimensions_matching_object.workspace_dimensions[i][4] == [01;36m[Kobj_name[m[K)
      |                                                                               [01;36m[K^~~~~~~~[m[K
In file included from [01m[K/usr/include/c++/9/bits/locale_conv.h:41[m[K,
                 from [01m[K/usr/include/c++/9/locale:43[m[K,
                 from [01m[K/usr/include/c++/9/iomanip:43[m[K,
                 from [01m[K/usr/include/boost/math/policies/error_handling.hpp:12[m[K,
                 from [01m[K/usr/include/boost/math/special_functions/round.hpp:14[m[K,
                 from [01m[K/opt/ros/noetic/include/ros/time.h:58[m[K,
                 from [01m[K/opt/ros/noetic/include/ros/ros.h:38[m[K,
                 from [01m[K/home/irobot/catkin_ws/src/swot/swot_manipulation/include/swot_manipulation/manipulation.h:10[m[K,
                 from [01m[K/home/irobot/catkin_ws/src/swot/swot_manipulation/src/manipulation.cpp:8[m[K:
[01m[K/usr/include/c++/9/bits/unique_ptr.h:715:5:[m[K [01;36m[Knote: [m[Kcandidate: ‘[01m[Ktemplate<class _Tp, class _Dp, class _Up, class _Ep> bool std::operator==(const std::unique_ptr<_Tp, _Dp>&, const std::unique_ptr<_Up, _Ep>&)[m[K’
  715 |     [01;36m[Koperator[m[K==(const unique_ptr<_Tp, _Dp>& __x,
      |     [01;36m[K^~~~~~~~[m[K
[01m[K/usr/include/c++/9/bits/unique_ptr.h:715:5:[m[K [01;36m[Knote: [m[K  template argument deduction/substitution failed:
[01m[K/home/irobot/catkin_ws/src/swot/swot_manipulation/src/manipulation.cpp:780:79:[m[K [01;36m[Knote: [m[K  mismatched types ‘[01m[Kconst std::unique_ptr<_Tp, _Dp>[m[K’ and ‘[01m[Kstd::array<double, 5>::value_type[m[K’ {aka ‘[01m[Kdouble[m[K’}
  780 |         if(workspace_dimensions_matching_object.workspace_dimensions[i][4] == [01;36m[Kobj_name[m[K)
      |                                                                               [01;36m[K^~~~~~~~[m[K
In file included from [01m[K/usr/include/c++/9/bits/locale_conv.h:41[m[K,
                 from [01m[K/usr/include/c++/9/locale:43[m[K,
                 from [01m[K/usr/include/c++/9/iomanip:43[m[K,
                 from [01m[K/usr/include/boost/math/policies/error_handling.hpp:12[m[K,
                 from [01m[K/usr/include/boost/math/special_functions/round.hpp:14[m[K,
                 from [01m[K/opt/ros/noetic/include/ros/time.h:58[m[K,
                 from [01m[K/opt/ros/noetic/include/ros/ros.h:38[m[K,
                 from [01m[K/home/irobot/catkin_ws/src/swot/swot_manipulation/include/swot_manipulation/manipulation.h:10[m[K,
                 from [01m[K/home/irobot/catkin_ws/src/swot/swot_manipulation/src/manipulation.cpp:8[m[K:
[01m[K/usr/include/c++/9/bits/unique_ptr.h:721:5:[m[K [01;36m[Knote: [m[Kcandidate: ‘[01m[Ktemplate<class _Tp, class _Dp> bool std::operator==(const std::unique_ptr<_Tp, _Dp>&, std::nullptr_t)[m[K’
  721 |     [01;36m[Koperator[m[K==(const unique_ptr<_Tp, _Dp>& __x, nullptr_t) noexcept
      |     [01;36m[K^~~~~~~~[m[K
[01m[K/usr/include/c++/9/bits/unique_ptr.h:721:5:[m[K [01;36m[Knote: [m[K  template argument deduction/substitution failed:
[01m[K/home/irobot/catkin_ws/src/swot/swot_manipulation/src/manipulation.cpp:780:79:[m[K [01;36m[Knote: [m[K  mismatched types ‘[01m[Kconst std::unique_ptr<_Tp, _Dp>[m[K’ and ‘[01m[Kstd::array<double, 5>::value_type[m[K’ {aka ‘[01m[Kdouble[m[K’}
  780 |         if(workspace_dimensions_matching_object.workspace_dimensions[i][4] == [01;36m[Kobj_name[m[K)
      |                                                                               [01;36m[K^~~~~~~~[m[K
In file included from [01m[K/usr/include/c++/9/bits/locale_conv.h:41[m[K,
                 from [01m[K/usr/include/c++/9/locale:43[m[K,
                 from [01m[K/usr/include/c++/9/iomanip:43[m[K,
                 from [01m[K/usr/include/boost/math/policies/error_handling.hpp:12[m[K,
                 from [01m[K/usr/include/boost/math/special_functions/round.hpp:14[m[K,
                 from [01m[K/opt/ros/noetic/include/ros/time.h:58[m[K,
                 from [01m[K/opt/ros/noetic/include/ros/ros.h:38[m[K,
                 from [01m[K/home/irobot/catkin_ws/src/swot/swot_manipulation/include/swot_manipulation/manipulation.h:10[m[K,
                 from [01m[K/home/irobot/catkin_ws/src/swot/swot_manipulation/src/manipulation.cpp:8[m[K:
[01m[K/usr/include/c++/9/bits/unique_ptr.h:726:5:[m[K [01;36m[Knote: [m[Kcandidate: ‘[01m[Ktemplate<class _Tp, class _Dp> bool std::operator==(std::nullptr_t, const std::unique_ptr<_Tp, _Dp>&)[m[K’
  726 |     [01;36m[Koperator[m[K==(nullptr_t, const unique_ptr<_Tp, _Dp>& __x) noexcept
      |     [01;36m[K^~~~~~~~[m[K
[01m[K/usr/include/c++/9/bits/unique_ptr.h:726:5:[m[K [01;36m[Knote: [m[K  template argument deduction/substitution failed:
[01m[K/home/irobot/catkin_ws/src/swot/swot_manipulation/src/manipulation.cpp:780:79:[m[K [01;36m[Knote: [m[K  ‘[01m[Kstd::string[m[K’ {aka ‘[01m[Kstd::__cxx11::basic_string<char>[m[K’} is not derived from ‘[01m[Kconst std::unique_ptr<_Tp, _Dp>[m[K’
  780 |         if(workspace_dimensions_matching_object.workspace_dimensions[i][4] == [01;36m[Kobj_name[m[K)
      |                                                                               [01;36m[K^~~~~~~~[m[K
In file included from [01m[K/usr/include/boost/config/no_tr1/complex.hpp:21[m[K,
                 from [01m[K/usr/include/boost/math/policies/error_handling.hpp:17[m[K,
                 from [01m[K/usr/include/boost/math/special_functions/round.hpp:14[m[K,
                 from [01m[K/opt/ros/noetic/include/ros/time.h:58[m[K,
                 from [01m[K/opt/ros/noetic/include/ros/ros.h:38[m[K,
                 from [01m[K/home/irobot/catkin_ws/src/swot/swot_manipulation/include/swot_manipulation/manipulation.h:10[m[K,
                 from [01m[K/home/irobot/catkin_ws/src/swot/swot_manipulation/src/manipulation.cpp:8[m[K:
[01m[K/usr/include/c++/9/complex:463:5:[m[K [01;36m[Knote: [m[Kcandidate: ‘[01m[Ktemplate<class _Tp> constexpr bool std::operator==(const std::complex<_Tp>&, const std::complex<_Tp>&)[m[K’
  463 |     [01;36m[Koperator[m[K==(const complex<_Tp>& __x, const complex<_Tp>& __y)
      |     [01;36m[K^~~~~~~~[m[K
[01m[K/usr/include/c++/9/complex:463:5:[m[K [01;36m[Knote: [m[K  template argument deduction/substitution failed:
[01m[K/home/irobot/catkin_ws/src/swot/swot_manipulation/src/manipulation.cpp:780:79:[m[K [01;36m[Knote: [m[K  mismatched types ‘[01m[Kconst std::complex<_Tp>[m[K’ and ‘[01m[Kstd::array<double, 5>::value_type[m[K’ {aka ‘[01m[Kdouble[m[K’}
  780 |         if(workspace_dimensions_matching_object.workspace_dimensions[i][4] == [01;36m[Kobj_name[m[K)
      |                                                                               [01;36m[K^~~~~~~~[m[K
In file included from [01m[K/usr/include/boost/config/no_tr1/complex.hpp:21[m[K,
                 from [01m[K/usr/include/boost/math/policies/error_handling.hpp:17[m[K,
                 from [01m[K/usr/include/boost/math/special_functions/round.hpp:14[m[K,
                 from [01m[K/opt/ros/noetic/include/ros/time.h:58[m[K,
                 from [01m[K/opt/ros/noetic/include/ros/ros.h:38[m[K,
                 from [01m[K/home/irobot/catkin_ws/src/swot/swot_manipulation/include/swot_manipulation/manipulation.h:10[m[K,
                 from [01m[K/home/irobot/catkin_ws/src/swot/swot_manipulation/src/manipulation.cpp:8[m[K:
[01m[K/usr/include/c++/9/complex:468:5:[m[K [01;36m[Knote: [m[Kcandidate: ‘[01m[Ktemplate<class _Tp> constexpr bool std::operator==(const std::complex<_Tp>&, const _Tp&)[m[K’
  468 |     [01;36m[Koperator[m[K==(const complex<_Tp>& __x, const _Tp& __y)
      |     [01;36m[K^~~~~~~~[m[K
[01m[K/usr/include/c++/9/complex:468:5:[m[K [01;36m[Knote: [m[K  template argument deduction/substitution failed:
[01m[K/home/irobot/catkin_ws/src/swot/swot_manipulation/src/manipulation.cpp:780:79:[m[K [01;36m[Knote: [m[K  mismatched types ‘[01m[Kconst std::complex<_Tp>[m[K’ and ‘[01m[Kstd::array<double, 5>::value_type[m[K’ {aka ‘[01m[Kdouble[m[K’}
  780 |         if(workspace_dimensions_matching_object.workspace_dimensions[i][4] == [01;36m[Kobj_name[m[K)
      |                                                                               [01;36m[K^~~~~~~~[m[K
In file included from [01m[K/usr/include/boost/config/no_tr1/complex.hpp:21[m[K,
                 from [01m[K/usr/include/boost/math/policies/error_handling.hpp:17[m[K,
                 from [01m[K/usr/include/boost/math/special_functions/round.hpp:14[m[K,
                 from [01m[K/opt/ros/noetic/include/ros/time.h:58[m[K,
                 from [01m[K/opt/ros/noetic/include/ros/ros.h:38[m[K,
                 from [01m[K/home/irobot/catkin_ws/src/swot/swot_manipulation/include/swot_manipulation/manipulation.h:10[m[K,
                 from [01m[K/home/irobot/catkin_ws/src/swot/swot_manipulation/src/manipulation.cpp:8[m[K:
[01m[K/usr/include/c++/9/complex:473:5:[m[K [01;36m[Knote: [m[Kcandidate: ‘[01m[Ktemplate<class _Tp> constexpr bool std::operator==(const _Tp&, const std::complex<_Tp>&)[m[K’
  473 |     [01;36m[Koperator[m[K==(const _Tp& __x, const complex<_Tp>& __y)
      |     [01;36m[K^~~~~~~~[m[K
[01m[K/usr/include/c++/9/complex:473:5:[m[K [01;36m[Knote: [m[K  template argument deduction/substitution failed:
[01m[K/home/irobot/catkin_ws/src/swot/swot_manipulation/src/manipulation.cpp:780:79:[m[K [01;36m[Knote: [m[K  ‘[01m[Kstd::string[m[K’ {aka ‘[01m[Kstd::__cxx11::basic_string<char>[m[K’} is not derived from ‘[01m[Kconst std::complex<_Tp>[m[K’
  780 |         if(workspace_dimensions_matching_object.workspace_dimensions[i][4] == [01;36m[Kobj_name[m[K)
      |                                                                               [01;36m[K^~~~~~~~[m[K
In file included from [01m[K/usr/include/c++/9/map:61[m[K,
                 from [01m[K/opt/ros/noetic/include/ros/console.h:42[m[K,
                 from [01m[K/opt/ros/noetic/include/ros/ros.h:40[m[K,
                 from [01m[K/home/irobot/catkin_ws/src/swot/swot_manipulation/include/swot_manipulation/manipulation.h:10[m[K,
                 from [01m[K/home/irobot/catkin_ws/src/swot/swot_manipulation/src/manipulation.cpp:8[m[K:
[01m[K/usr/include/c++/9/bits/stl_map.h:1455:5:[m[K [01;36m[Knote: [m[Kcandidate: ‘[01m[Ktemplate<class _Key, class _Tp, class _Compare, class _Alloc> bool std::operator==(const std::map<_Key, _Tp, _Compare, _Allocator>&, const std::map<_Key, _Tp, _Compare, _Allocator>&)[m[K’
 1455 |     [01;36m[Koperator[m[K==(const map<_Key, _Tp, _Compare, _Alloc>& __x,
      |     [01;36m[K^~~~~~~~[m[K
[01m[K/usr/include/c++/9/bits/stl_map.h:1455:5:[m[K [01;36m[Knote: [m[K  template argument deduction/substitution failed:
[01m[K/home/irobot/catkin_ws/src/swot/swot_manipulation/src/manipulation.cpp:780:79:[m[K [01;36m[Knote: [m[K  mismatched types ‘[01m[Kconst std::map<_Key, _Tp, _Compare, _Allocator>[m[K’ and ‘[01m[Kstd::array<double, 5>::value_type[m[K’ {aka ‘[01m[Kdouble[m[K’}
  780 |         if(workspace_dimensions_matching_object.workspace_dimensions[i][4] == [01;36m[Kobj_name[m[K)
      |                                                                               [01;36m[K^~~~~~~~[m[K
In file included from [01m[K/usr/include/c++/9/map:62[m[K,
                 from [01m[K/opt/ros/noetic/include/ros/console.h:42[m[K,
                 from [01m[K/opt/ros/noetic/include/ros/ros.h:40[m[K,
                 from [01m[K/home/irobot/catkin_ws/src/swot/swot_manipulation/include/swot_manipulation/manipulation.h:10[m[K,
                 from [01m[K/home/irobot/catkin_ws/src/swot/swot_manipulation/src/manipulation.cpp:8[m[K:
[01m[K/usr/include/c++/9/bits/stl_multimap.h:1119:5:[m[K [01;36m[Knote: [m[Kcandidate: ‘[01m[Ktemplate<class _Key, class _Tp, class _Compare, class _Alloc> bool std::operator==(const std::multimap<_Key, _Tp, _Compare, _Allocator>&, const std::multimap<_Key, _Tp, _Compare, _Allocator>&)[m[K’
 1119 |     [01;36m[Koperator[m[K==(const multimap<_Key, _Tp, _Compare, _Alloc>& __x,
      |     [01;36m[K^~~~~~~~[m[K
[01m[K/usr/include/c++/9/bits/stl_multimap.h:1119:5:[m[K [01;36m[Knote: [m[K  template argument deduction/substitution failed:
[01m[K/home/irobot/catkin_ws/src/swot/swot_manipulation/src/manipulation.cpp:780:79:[m[K [01;36m[Knote: [m[K  mismatched types ‘[01m[Kconst std::multimap<_Key, _Tp, _Compare, _Allocator>[m[K’ and ‘[01m[Kstd::array<double, 5>::value_type[m[K’ {aka ‘[01m[Kdouble[m[K’}
  780 |         if(workspace_dimensions_matching_object.workspace_dimensions[i][4] == [01;36m[Kobj_name[m[K)
      |                                                                               [01;36m[K^~~~~~~~[m[K
In file included from [01m[K/usr/include/c++/9/set:61[m[K,
                 from [01m[K/opt/ros/noetic/include/ros/forwards.h:34[m[K,
                 from [01m[K/opt/ros/noetic/include/ros/common.h:37[m[K,
                 from [01m[K/opt/ros/noetic/include/ros/ros.h:43[m[K,
                 from [01m[K/home/irobot/catkin_ws/src/swot/swot_manipulation/include/swot_manipulation/manipulation.h:10[m[K,
                 from [01m[K/home/irobot/catkin_ws/src/swot/swot_manipulation/src/manipulation.cpp:8[m[K:
[01m[K/usr/include/c++/9/bits/stl_set.h:979:5:[m[K [01;36m[Knote: [m[Kcandidate: ‘[01m[Ktemplate<class _Key, class _Compare, class _Alloc> bool std::operator==(const std::set<_Key, _Compare, _Allocator>&, const std::set<_Key, _Compare, _Allocator>&)[m[K’
  979 |     [01;36m[Koperator[m[K==(const set<_Key, _Compare, _Alloc>& __x,
      |     [01;36m[K^~~~~~~~[m[K
[01m[K/usr/include/c++/9/bits/stl_set.h:979:5:[m[K [01;36m[Knote: [m[K  template argument deduction/substitution failed:
[01m[K/home/irobot/catkin_ws/src/swot/swot_manipulation/src/manipulation.cpp:780:79:[m[K [01;36m[Knote: [m[K  mismatched types ‘[01m[Kconst std::set<_Key, _Compare, _Allocator>[m[K’ and ‘[01m[Kstd::array<double, 5>::value_type[m[K’ {aka ‘[01m[Kdouble[m[K’}
  780 |         if(workspace_dimensions_matching_object.workspace_dimensions[i][4] == [01;36m[Kobj_name[m[K)
      |                                                                               [01;36m[K^~~~~~~~[m[K
In file included from [01m[K/usr/include/c++/9/set:62[m[K,
                 from [01m[K/opt/ros/noetic/include/ros/forwards.h:34[m[K,
                 from [01m[K/opt/ros/noetic/include/ros/common.h:37[m[K,
                 from [01m[K/opt/ros/noetic/include/ros/ros.h:43[m[K,
                 from [01m[K/home/irobot/catkin_ws/src/swot/swot_manipulation/include/swot_manipulation/manipulation.h:10[m[K,
                 from [01m[K/home/irobot/catkin_ws/src/swot/swot_manipulation/src/manipulation.cpp:8[m[K:
[01m[K/usr/include/c++/9/bits/stl_multiset.h:964:5:[m[K [01;36m[Knote: [m[Kcandidate: ‘[01m[Ktemplate<class _Key, class _Compare, class _Alloc> bool std::operator==(const std::multiset<_Key, _Compare, _Allocator>&, const std::multiset<_Key, _Compare, _Allocator>&)[m[K’
  964 |     [01;36m[Koperator[m[K==(const multiset<_Key, _Compare, _Alloc>& __x,
      |     [01;36m[K^~~~~~~~[m[K
[01m[K/usr/include/c++/9/bits/stl_multiset.h:964:5:[m[K [01;36m[Knote: [m[K  template argument deduction/substitution failed:
[01m[K/home/irobot/catkin_ws/src/swot/swot_manipulation/src/manipulation.cpp:780:79:[m[K [01;36m[Knote: [m[K  mismatched types ‘[01m[Kconst std::multiset<_Key, _Compare, _Allocator>[m[K’ and ‘[01m[Kstd::array<double, 5>::value_type[m[K’ {aka ‘[01m[Kdouble[m[K’}
  780 |         if(workspace_dimensions_matching_object.workspace_dimensions[i][4] == [01;36m[Kobj_name[m[K)
      |                                                                               [01;36m[K^~~~~~~~[m[K
In file included from [01m[K/usr/include/c++/9/list:63[m[K,
                 from [01m[K/opt/ros/noetic/include/ros/forwards.h:35[m[K,
                 from [01m[K/opt/ros/noetic/include/ros/common.h:37[m[K,
                 from [01m[K/opt/ros/noetic/include/ros/ros.h:43[m[K,
                 from [01m[K/home/irobot/catkin_ws/src/swot/swot_manipulation/include/swot_manipulation/manipulation.h:10[m[K,
                 from [01m[K/home/irobot/catkin_ws/src/swot/swot_manipulation/src/manipulation.cpp:8[m[K:
[01m[K/usr/include/c++/9/bits/stl_list.h:1991:5:[m[K [01;36m[Knote: [m[Kcandidate: ‘[01m[Ktemplate<class _Tp, class _Alloc> bool std::operator==(const std::__cxx11::list<_Tp, _Alloc>&, const std::__cxx11::list<_Tp, _Alloc>&)[m[K’
 1991 |     [01;36m[Koperator[m[K==(const list<_Tp, _Alloc>& __x, const list<_Tp, _Alloc>& __y)
      |     [01;36m[K^~~~~~~~[m[K
[01m[K/usr/include/c++/9/bits/stl_list.h:1991:5:[m[K [01;36m[Knote: [m[K  template argument deduction/substitution failed:
[01m[K/home/irobot/catkin_ws/src/swot/swot_manipulation/src/manipulation.cpp:780:79:[m[K [01;36m[Knote: [m[K  mismatched types ‘[01m[Kconst std::__cxx11::list<_Tp, _Alloc>[m[K’ and ‘[01m[Kstd::array<double, 5>::value_type[m[K’ {aka ‘[01m[Kdouble[m[K’}
  780 |         if(workspace_dimensions_matching_object.workspace_dimensions[i][4] == [01;36m[Kobj_name[m[K)
      |                                                                               [01;36m[K^~~~~~~~[m[K
In file included from [01m[K/usr/include/c++/9/bits/shared_ptr.h:52[m[K,
                 from [01m[K/usr/include/c++/9/memory:81[m[K,
                 from [01m[K/usr/include/boost/config/no_tr1/memory.hpp:21[m[K,
                 from [01m[K/usr/include/boost/smart_ptr/shared_ptr.hpp:23[m[K,
                 from [01m[K/usr/include/boost/shared_ptr.hpp:17[m[K,
                 from [01m[K/opt/ros/noetic/include/ros/forwards.h:37[m[K,
                 from [01m[K/opt/ros/noetic/include/ros/common.h:37[m[K,
                 from [01m[K/opt/ros/noetic/include/ros/ros.h:43[m[K,
                 from [01m[K/home/irobot/catkin_ws/src/swot/swot_manipulation/include/swot_manipulation/manipulation.h:10[m[K,
                 from [01m[K/home/irobot/catkin_ws/src/swot/swot_manipulation/src/manipulation.cpp:8[m[K:
[01m[K/usr/include/c++/9/bits/shared_ptr_base.h:1412:5:[m[K [01;36m[Knote: [m[Kcandidate: ‘[01m[Ktemplate<class _Tp1, class _Tp2, __gnu_cxx::_Lock_policy _Lp> bool std::operator==(const std::__shared_ptr<_Tp1, _Lp>&, const std::__shared_ptr<_Tp2, _Lp>&)[m[K’
 1412 |     [01;36m[Koperator[m[K==(const __shared_ptr<_Tp1, _Lp>& __a,
      |     [01;36m[K^~~~~~~~[m[K
[01m[K/usr/include/c++/9/bits/shared_ptr_base.h:1412:5:[m[K [01;36m[Knote: [m[K  template argument deduction/substitution failed:
[01m[K/home/irobot/catkin_ws/src/swot/swot_manipulation/src/manipulation.cpp:780:79:[m[K [01;36m[Knote: [m[K  mismatched types ‘[01m[Kconst std::__shared_ptr<_Tp1, _Lp>[m[K’ and ‘[01m[Kstd::array<double, 5>::value_type[m[K’ {aka ‘[01m[Kdouble[m[K’}
  780 |         if(workspace_dimensions_matching_object.workspace_dimensions[i][4] == [01;36m[Kobj_name[m[K)
      |                                                                               [01;36m[K^~~~~~~~[m[K
In file included from [01m[K/usr/include/c++/9/bits/shared_ptr.h:52[m[K,
                 from [01m[K/usr/include/c++/9/memory:81[m[K,
                 from [01m[K/usr/include/boost/config/no_tr1/memory.hpp:21[m[K,
                 from [01m[K/usr/include/boost/smart_ptr/shared_ptr.hpp:23[m[K,
                 from [01m[K/usr/include/boost/shared_ptr.hpp:17[m[K,
                 from [01m[K/opt/ros/noetic/include/ros/forwards.h:37[m[K,
                 from [01m[K/opt/ros/noetic/include/ros/common.h:37[m[K,
                 from [01m[K/opt/ros/noetic/include/ros/ros.h:43[m[K,
                 from [01m[K/home/irobot/catkin_ws/src/swot/swot_manipulation/include/swot_manipulation/manipulation.h:10[m[K,
                 from [01m[K/home/irobot/catkin_ws/src/swot/swot_manipulation/src/manipulation.cpp:8[m[K:
[01m[K/usr/include/c++/9/bits/shared_ptr_base.h:1418:5:[m[K [01;36m[Knote: [m[Kcandidate: ‘[01m[Ktemplate<class _Tp, __gnu_cxx::_Lock_policy _Lp> bool std::operator==(const std::__shared_ptr<_Tp, _Lp>&, std::nullptr_t)[m[K’
 1418 |     [01;36m[Koperator[m[K==(const __shared_ptr<_Tp, _Lp>& __a, nullptr_t) noexcept
      |     [01;36m[K^~~~~~~~[m[K
[01m[K/usr/include/c++/9/bits/shared_ptr_base.h:1418:5:[m[K [01;36m[Knote: [m[K  template argument deduction/substitution failed:
[01m[K/home/irobot/catkin_ws/src/swot/swot_manipulation/src/manipulation.cpp:780:79:[m[K [01;36m[Knote: [m[K  mismatched types ‘[01m[Kconst std::__shared_ptr<_Tp, _Lp>[m[K’ and ‘[01m[Kstd::array<double, 5>::value_type[m[K’ {aka ‘[01m[Kdouble[m[K’}
  780 |         if(workspace_dimensions_matching_object.workspace_dimensions[i][4] == [01;36m[Kobj_name[m[K)
      |                                                                               [01;36m[K^~~~~~~~[m[K
In file included from [01m[K/usr/include/c++/9/bits/shared_ptr.h:52[m[K,
                 from [01m[K/usr/include/c++/9/memory:81[m[K,
                 from [01m[K/usr/include/boost/config/no_tr1/memory.hpp:21[m[K,
                 from [01m[K/usr/include/boost/smart_ptr/shared_ptr.hpp:23[m[K,
                 from [01m[K/usr/include/boost/shared_ptr.hpp:17[m[K,
                 from [01m[K/opt/ros/noetic/include/ros/forwards.h:37[m[K,
                 from [01m[K/opt/ros/noetic/include/ros/common.h:37[m[K,
                 from [01m[K/opt/ros/noetic/include/ros/ros.h:43[m[K,
                 from [01m[K/home/irobot/catkin_ws/src/swot/swot_manipulation/include/swot_manipulation/manipulation.h:10[m[K,
                 from [01m[K/home/irobot/catkin_ws/src/swot/swot_manipulation/src/manipulation.cpp:8[m[K:
[01m[K/usr/include/c++/9/bits/shared_ptr_base.h:1423:5:[m[K [01;36m[Knote: [m[Kcandidate: ‘[01m[Ktemplate<class _Tp, __gnu_cxx::_Lock_policy _Lp> bool std::operator==(std::nullptr_t, const std::__shared_ptr<_Tp, _Lp>&)[m[K’
 1423 |     [01;36m[Koperator[m[K==(nullptr_t, const __shared_ptr<_Tp, _Lp>& __a) noexcept
      |     [01;36m[K^~~~~~~~[m[K
[01m[K/usr/include/c++/9/bits/shared_ptr_base.h:1423:5:[m[K [01;36m[Knote: [m[K  template argument deduction/substitution failed:
[01m[K/home/irobot/catkin_ws/src/swot/swot_manipulation/src/manipulation.cpp:780:79:[m[K [01;36m[Knote: [m[K  ‘[01m[Kstd::string[m[K’ {aka ‘[01m[Kstd::__cxx11::basic_string<char>[m[K’} is not derived from ‘[01m[Kconst std::__shared_ptr<_Tp, _Lp>[m[K’
  780 |         if(workspace_dimensions_matching_object.workspace_dimensions[i][4] == [01;36m[Kobj_name[m[K)
      |                                                                               [01;36m[K^~~~~~~~[m[K
In file included from [01m[K/usr/include/c++/9/memory:81[m[K,
                 from [01m[K/usr/include/boost/config/no_tr1/memory.hpp:21[m[K,
                 from [01m[K/usr/include/boost/smart_ptr/shared_ptr.hpp:23[m[K,
                 from [01m[K/usr/include/boost/shared_ptr.hpp:17[m[K,
                 from [01m[K/opt/ros/noetic/include/ros/forwards.h:37[m[K,
                 from [01m[K/opt/ros/noetic/include/ros/common.h:37[m[K,
                 from [01m[K/opt/ros/noetic/include/ros/ros.h:43[m[K,
                 from [01m[K/home/irobot/catkin_ws/src/swot/swot_manipulation/include/swot_manipulation/manipulation.h:10[m[K,
                 from [01m[K/home/irobot/catkin_ws/src/swot/swot_manipulation/src/manipulation.cpp:8[m[K:
[01m[K/usr/include/c++/9/bits/shared_ptr.h:383:5:[m[K [01;36m[Knote: [m[Kcandidate: ‘[01m[Ktemplate<class _Tp, class _Up> bool std::operator==(const std::shared_ptr<_Tp>&, const std::shared_ptr<_Tp>&)[m[K’
  383 |     [01;36m[Koperator[m[K==(const shared_ptr<_Tp>& __a, const shared_ptr<_Up>& __b) noexcept
      |     [01;36m[K^~~~~~~~[m[K
[01m[K/usr/include/c++/9/bits/shared_ptr.h:383:5:[m[K [01;36m[Knote: [m[K  template argument deduction/substitution failed:
[01m[K/home/irobot/catkin_ws/src/swot/swot_manipulation/src/manipulation.cpp:780:79:[m[K [01;36m[Knote: [m[K  mismatched types ‘[01m[Kconst std::shared_ptr<_Tp>[m[K’ and ‘[01m[Kstd::array<double, 5>::value_type[m[K’ {aka ‘[01m[Kdouble[m[K’}
  780 |         if(workspace_dimensions_matching_object.workspace_dimensions[i][4] == [01;36m[Kobj_name[m[K)
      |                                                                               [01;36m[K^~~~~~~~[m[K
In file included from [01m[K/usr/include/c++/9/memory:81[m[K,
                 from [01m[K/usr/include/boost/config/no_tr1/memory.hpp:21[m[K,
                 from [01m[K/usr/include/boost/smart_ptr/shared_ptr.hpp:23[m[K,
                 from [01m[K/usr/include/boost/shared_ptr.hpp:17[m[K,
                 from [01m[K/opt/ros/noetic/include/ros/forwards.h:37[m[K,
                 from [01m[K/opt/ros/noetic/include/ros/common.h:37[m[K,
                 from [01m[K/opt/ros/noetic/include/ros/ros.h:43[m[K,
                 from [01m[K/home/irobot/catkin_ws/src/swot/swot_manipulation/include/swot_manipulation/manipulation.h:10[m[K,
                 from [01m[K/home/irobot/catkin_ws/src/swot/swot_manipulation/src/manipulation.cpp:8[m[K:
[01m[K/usr/include/c++/9/bits/shared_ptr.h:388:5:[m[K [01;36m[Knote: [m[Kcandidate: ‘[01m[Ktemplate<class _Tp> bool std::operator==(const std::shared_ptr<_Tp>&, std::nullptr_t)[m[K’
  388 |     [01;36m[Koperator[m[K==(const shared_ptr<_Tp>& __a, nullptr_t) noexcept
      |     [01;36m[K^~~~~~~~[m[K
[01m[K/usr/include/c++/9/bits/shared_ptr.h:388:5:[m[K [01;36m[Knote: [m[K  template argument deduction/substitution failed:
[01m[K/home/irobot/catkin_ws/src/swot/swot_manipulation/src/manipulation.cpp:780:79:[m[K [01;36m[Knote: [m[K  mismatched types ‘[01m[Kconst std::shared_ptr<_Tp>[m[K’ and ‘[01m[Kstd::array<double, 5>::value_type[m[K’ {aka ‘[01m[Kdouble[m[K’}
  780 |         if(workspace_dimensions_matching_object.workspace_dimensions[i][4] == [01;36m[Kobj_name[m[K)
      |                                                                               [01;36m[K^~~~~~~~[m[K
In file included from [01m[K/usr/include/c++/9/memory:81[m[K,
                 from [01m[K/usr/include/boost/config/no_tr1/memory.hpp:21[m[K,
                 from [01m[K/usr/include/boost/smart_ptr/shared_ptr.hpp:23[m[K,
                 from [01m[K/usr/include/boost/shared_ptr.hpp:17[m[K,
                 from [01m[K/opt/ros/noetic/include/ros/forwards.h:37[m[K,
                 from [01m[K/opt/ros/noetic/include/ros/common.h:37[m[K,
                 from [01m[K/opt/ros/noetic/include/ros/ros.h:43[m[K,
                 from [01m[K/home/irobot/catkin_ws/src/swot/swot_manipulation/include/swot_manipulation/manipulation.h:10[m[K,
                 from [01m[K/home/irobot/catkin_ws/src/swot/swot_manipulation/src/manipulation.cpp:8[m[K:
[01m[K/usr/include/c++/9/bits/shared_ptr.h:393:5:[m[K [01;36m[Knote: [m[Kcandidate: ‘[01m[Ktemplate<class _Tp> bool std::operator==(std::nullptr_t, const std::shared_ptr<_Tp>&)[m[K’
  393 |     [01;36m[Koperator[m[K==(nullptr_t, const shared_ptr<_Tp>& __a) noexcept
      |     [01;36m[K^~~~~~~~[m[K
[01m[K/usr/include/c++/9/bits/shared_ptr.h:393:5:[m[K [01;36m[Knote: [m[K  template argument deduction/substitution failed:
[01m[K/home/irobot/catkin_ws/src/swot/swot_manipulation/src/manipulation.cpp:780:79:[m[K [01;36m[Knote: [m[K  ‘[01m[Kstd::string[m[K’ {aka ‘[01m[Kstd::__cxx11::basic_string<char>[m[K’} is not derived from ‘[01m[Kconst std::shared_ptr<_Tp>[m[K’
  780 |         if(workspace_dimensions_matching_object.workspace_dimensions[i][4] == [01;36m[Kobj_name[m[K)
      |                                                                               [01;36m[K^~~~~~~~[m[K
In file included from [01m[K/usr/include/c++/9/iterator:66[m[K,
                 from [01m[K/usr/include/boost/detail/iterator.hpp:11[m[K,
                 from [01m[K/usr/include/boost/array.hpp:50[m[K,
                 from [01m[K/opt/ros/noetic/include/ros/message.h:38[m[K,
                 from [01m[K/opt/ros/noetic/include/ros/publisher.h:33[m[K,
                 from [01m[K/opt/ros/noetic/include/ros/node_handle.h:32[m[K,
                 from [01m[K/opt/ros/noetic/include/ros/ros.h:45[m[K,
                 from [01m[K/home/irobot/catkin_ws/src/swot/swot_manipulation/include/swot_manipulation/manipulation.h:10[m[K,
                 from [01m[K/home/irobot/catkin_ws/src/swot/swot_manipulation/src/manipulation.cpp:8[m[K:
[01m[K/usr/include/c++/9/bits/stream_iterator.h:134:5:[m[K [01;36m[Knote: [m[Kcandidate: ‘[01m[Ktemplate<class _Tp, class _CharT, class _Traits, class _Dist> bool std::operator==(const std::istream_iterator<_Tp, _CharT, _Traits, _Dist>&, const std::istream_iterator<_Tp, _CharT, _Traits, _Dist>&)[m[K’
  134 |     [01;36m[Koperator[m[K==(const istream_iterator<_Tp, _CharT, _Traits, _Dist>& __x,
      |     [01;36m[K^~~~~~~~[m[K
[01m[K/usr/include/c++/9/bits/stream_iterator.h:134:5:[m[K [01;36m[Knote: [m[K  template argument deduction/substitution failed:
[01m[K/home/irobot/catkin_ws/src/swot/swot_manipulation/src/manipulation.cpp:780:79:[m[K [01;36m[Knote: [m[K  mismatched types ‘[01m[Kconst std::istream_iterator<_Tp, _CharT, _Traits, _Dist>[m[K’ and ‘[01m[Kstd::array<double, 5>::value_type[m[K’ {aka ‘[01m[Kdouble[m[K’}
  780 |         if(workspace_dimensions_matching_object.workspace_dimensions[i][4] == [01;36m[Kobj_name[m[K)
      |                                                                               [01;36m[K^~~~~~~~[m[K
In file included from [01m[K/usr/include/c++/9/deque:67[m[K,
                 from [01m[K/opt/ros/noetic/include/ros/callback_queue.h:49[m[K,
                 from [01m[K/opt/ros/noetic/include/tf2_ros/transform_listener.h:38[m[K,
                 from [01m[K/home/irobot/catkin_ws/src/swot/swot_manipulation/include/swot_manipulation/manipulation.h:20[m[K,
                 from [01m[K/home/irobot/catkin_ws/src/swot/swot_manipulation/src/manipulation.cpp:8[m[K:
[01m[K/usr/include/c++/9/bits/stl_deque.h:286:5:[m[K [01;36m[Knote: [m[Kcandidate: ‘[01m[Ktemplate<class _Tp, class _Ref, class _Ptr> bool std::operator==(const std::_Deque_iterator<_Tp, _Ref, _Ptr>&, const std::_Deque_iterator<_Tp, _Ref, _Ptr>&)[m[K’
  286 |     [01;36m[Koperator[m[K==(const _Deque_iterator<_Tp, _Ref, _Ptr>& __x,
      |     [01;36m[K^~~~~~~~[m[K
[01m[K/usr/include/c++/9/bits/stl_deque.h:286:5:[m[K [01;36m[Knote: [m[K  template argument deduction/substitution failed:
[01m[K/home/irobot/catkin_ws/src/swot/swot_manipulation/src/manipulation.cpp:780:79:[m[K [01;36m[Knote: [m[K  mismatched types ‘[01m[Kconst std::_Deque_iterator<_Tp, _Ref, _Ptr>[m[K’ and ‘[01m[Kstd::array<double, 5>::value_type[m[K’ {aka ‘[01m[Kdouble[m[K’}
  780 |         if(workspace_dimensions_matching_object.workspace_dimensions[i][4] == [01;36m[Kobj_name[m[K)
      |                                                                               [01;36m[K^~~~~~~~[m[K
In file included from [01m[K/usr/include/c++/9/deque:67[m[K,
                 from [01m[K/opt/ros/noetic/include/ros/callback_queue.h:49[m[K,
                 from [01m[K/opt/ros/noetic/include/tf2_ros/transform_listener.h:38[m[K,
                 from [01m[K/home/irobot/catkin_ws/src/swot/swot_manipulation/include/swot_manipulation/manipulation.h:20[m[K,
                 from [01m[K/home/irobot/catkin_ws/src/swot/swot_manipulation/src/manipulation.cpp:8[m[K:
[01m[K/usr/include/c++/9/bits/stl_deque.h:293:5:[m[K [01;36m[Knote: [m[Kcandidate: ‘[01m[Ktemplate<class _Tp, class _RefL, class _PtrL, class _RefR, class _PtrR> bool std::operator==(const std::_Deque_iterator<_Tp, _Ref, _Ptr>&, const std::_Deque_iterator<_Tp, _RefR, _PtrR>&)[m[K’
  293 |     [01;36m[Koperator[m[K==(const _Deque_iterator<_Tp, _RefL, _PtrL>& __x,
      |     [01;36m[K^~~~~~~~[m[K
[01m[K/usr/include/c++/9/bits/stl_deque.h:293:5:[m[K [01;36m[Knote: [m[K  template argument deduction/substitution failed:
[01m[K/home/irobot/catkin_ws/src/swot/swot_manipulation/src/manipulation.cpp:780:79:[m[K [01;36m[Knote: [m[K  mismatched types ‘[01m[Kconst std::_Deque_iterator<_Tp, _Ref, _Ptr>[m[K’ and ‘[01m[Kstd::array<double, 5>::value_type[m[K’ {aka ‘[01m[Kdouble[m[K’}
  780 |         if(workspace_dimensions_matching_object.workspace_dimensions[i][4] == [01;36m[Kobj_name[m[K)
      |                                                                               [01;36m[K^~~~~~~~[m[K
In file included from [01m[K/usr/include/c++/9/deque:67[m[K,
                 from [01m[K/opt/ros/noetic/include/ros/callback_queue.h:49[m[K,
                 from [01m[K/opt/ros/noetic/include/tf2_ros/transform_listener.h:38[m[K,
                 from [01m[K/home/irobot/catkin_ws/src/swot/swot_manipulation/include/swot_manipulation/manipulation.h:20[m[K,
                 from [01m[K/home/irobot/catkin_ws/src/swot/swot_manipulation/src/manipulation.cpp:8[m[K:
[01m[K/usr/include/c++/9/bits/stl_deque.h:2312:5:[m[K [01;36m[Knote: [m[Kcandidate: ‘[01m[Ktemplate<class _Tp, class _Alloc> bool std::operator==(const std::deque<_Tp, _Alloc>&, const std::deque<_Tp, _Alloc>&)[m[K’
 2312 |     [01;36m[Koperator[m[K==(const deque<_Tp, _Alloc>& __x,
      |     [01;36m[K^~~~~~~~[m[K
[01m[K/usr/include/c++/9/bits/stl_deque.h:2312:5:[m[K [01;36m[Knote: [m[K  template argument deduction/substitution failed:
[01m[K/home/irobot/catkin_ws/src/swot/swot_manipulation/src/manipulation.cpp:780:79:[m[K [01;36m[Knote: [m[K  mismatched types ‘[01m[Kconst std::deque<_Tp, _Alloc>[m[K’ and ‘[01m[Kstd::array<double, 5>::value_type[m[K’ {aka ‘[01m[Kdouble[m[K’}
  780 |         if(workspace_dimensions_matching_object.workspace_dimensions[i][4] == [01;36m[Kobj_name[m[K)
      |                                                                               [01;36m[K^~~~~~~~[m[K
In file included from [01m[K/usr/include/boost/container_hash/hash.hpp:114[m[K,
                 from [01m[K/usr/include/boost/functional/hash.hpp:6[m[K,
                 from [01m[K/usr/include/boost/unordered/unordered_map.hpp:18[m[K,
                 from [01m[K/usr/include/boost/unordered_map.hpp:17[m[K,
                 from [01m[K/opt/ros/noetic/include/tf2/buffer_core.h:49[m[K,
                 from [01m[K/opt/ros/noetic/include/tf2_ros/buffer_interface.h:35[m[K,
                 from [01m[K/opt/ros/noetic/include/tf2_ros/buffer.h:35[m[K,
                 from [01m[K/opt/ros/noetic/include/tf2_ros/transform_listener.h:40[m[K,
                 from [01m[K/home/irobot/catkin_ws/src/swot/swot_manipulation/include/swot_manipulation/manipulation.h:20[m[K,
                 from [01m[K/home/irobot/catkin_ws/src/swot/swot_manipulation/src/manipulation.cpp:8[m[K:
[01m[K/usr/include/c++/9/variant:1186:3:[m[K [01;36m[Knote: [m[Kcandidate: ‘[01m[Ktemplate<class ... _Types> constexpr bool std::operator==(const std::variant<_Types ...>&, const std::variant<_Types ...>&)[m[K’
 1186 |   [01;36m[K_VARIANT_RELATION_FUNCTION_TEMPLATE[m[K(==, equal)
      |   [01;36m[K^~~~~~~~~~~~~~~~~~~~~~~~~~~~~~~~~~~[m[K
[01m[K/usr/include/c++/9/variant:1186:3:[m[K [01;36m[Knote: [m[K  template argument deduction/substitution failed:
[01m[K/home/irobot/catkin_ws/src/swot/swot_manipulation/src/manipulation.cpp:780:79:[m[K [01;36m[Knote: [m[K  mismatched types ‘[01m[Kconst std::variant<_Types ...>[m[K’ and ‘[01m[Kstd::array<double, 5>::value_type[m[K’ {aka ‘[01m[Kdouble[m[K’}
  780 |         if(workspace_dimensions_matching_object.workspace_dimensions[i][4] == [01;36m[Kobj_name[m[K)
      |                                                                               [01;36m[K^~~~~~~~[m[K
In file included from [01m[K/usr/include/boost/container_hash/hash.hpp:114[m[K,
                 from [01m[K/usr/include/boost/functional/hash.hpp:6[m[K,
                 from [01m[K/usr/include/boost/unordered/unordered_map.hpp:18[m[K,
                 from [01m[K/usr/include/boost/unordered_map.hpp:17[m[K,
                 from [01m[K/opt/ros/noetic/include/tf2/buffer_core.h:49[m[K,
                 from [01m[K/opt/ros/noetic/include/tf2_ros/buffer_interface.h:35[m[K,
                 from [01m[K/opt/ros/noetic/include/tf2_ros/buffer.h:35[m[K,
                 from [01m[K/opt/ros/noetic/include/tf2_ros/transform_listener.h:40[m[K,
                 from [01m[K/home/irobot/catkin_ws/src/swot/swot_manipulation/include/swot_manipulation/manipulation.h:20[m[K,
                 from [01m[K/home/irobot/catkin_ws/src/swot/swot_manipulation/src/manipulation.cpp:8[m[K:
[01m[K/usr/include/c++/9/variant:1186:3:[m[K [01;36m[Knote: [m[Kcandidate: ‘[01m[Kconstexpr bool std::operator==(std::monostate, std::monostate)[m[K’
 1186 |   [01;36m[K_VARIANT_RELATION_FUNCTION_TEMPLATE[m[K(==, equal)
      |   [01;36m[K^~~~~~~~~~~~~~~~~~~~~~~~~~~~~~~~~~~[m[K
[01m[K/usr/include/c++/9/variant:1186:3:[m[K [01;36m[Knote: [m[K  no known conversion for argument 1 from ‘[01m[Kstd::array<double, 5>::value_type[m[K’ {aka ‘[01m[Kdouble[m[K’} to ‘[01m[Kstd::monostate[m[K’
 1186 |   [01;36m[K_VARIANT_RELATION_FUNCTION_TEMPLATE[m[K(==, equal)
      |   [01;36m[K^~~~~~~~~~~~~~~~~~~~~~~~~~~~~~~~~~~[m[K
In file included from [01m[K/usr/include/c++/9/unordered_set:47[m[K,
                 from [01m[K/home/irobot/catkin_ws/src/BehaviorTree.CPP/include/behaviortree_cpp/bt_factory.h:23[m[K,
                 from [01m[K/home/irobot/catkin_ws/src/swot/swot_manipulation/include/swot_manipulation/manipulation.h:27[m[K,
                 from [01m[K/home/irobot/catkin_ws/src/swot/swot_manipulation/src/manipulation.cpp:8[m[K:
[01m[K/usr/include/c++/9/bits/unordered_set.h:1705:5:[m[K [01;36m[Knote: [m[Kcandidate: ‘[01m[Ktemplate<class _Value1, class _Hash1, class _Pred1, class _Alloc1> bool std::operator==(const std::unordered_set<_Value1, _Hash1, _Pred1, _Alloc1>&, const std::unordered_set<_Value1, _Hash1, _Pred1, _Alloc1>&)[m[K’
 1705 |     [01;36m[Koperator[m[K==(const unordered_set<_Value, _Hash, _Pred, _Alloc>& __x,
      |     [01;36m[K^~~~~~~~[m[K
[01m[K/usr/include/c++/9/bits/unordered_set.h:1705:5:[m[K [01;36m[Knote: [m[K  template argument deduction/substitution failed:
[01m[K/home/irobot/catkin_ws/src/swot/swot_manipulation/src/manipulation.cpp:780:79:[m[K [01;36m[Knote: [m[K  mismatched types ‘[01m[Kconst std::unordered_set<_Value1, _Hash1, _Pred1, _Alloc1>[m[K’ and ‘[01m[Kstd::array<double, 5>::value_type[m[K’ {aka ‘[01m[Kdouble[m[K’}
  780 |         if(workspace_dimensions_matching_object.workspace_dimensions[i][4] == [01;36m[Kobj_name[m[K)
      |                                                                               [01;36m[K^~~~~~~~[m[K
In file included from [01m[K/usr/include/c++/9/unordered_set:47[m[K,
                 from [01m[K/home/irobot/catkin_ws/src/BehaviorTree.CPP/include/behaviortree_cpp/bt_factory.h:23[m[K,
                 from [01m[K/home/irobot/catkin_ws/src/swot/swot_manipulation/include/swot_manipulation/manipulation.h:27[m[K,
                 from [01m[K/home/irobot/catkin_ws/src/swot/swot_manipulation/src/manipulation.cpp:8[m[K:
[01m[K/usr/include/c++/9/bits/unordered_set.h:1717:5:[m[K [01;36m[Knote: [m[Kcandidate: ‘[01m[Ktemplate<class _Value1, class _Hash1, class _Pred1, class _Alloc1> bool std::operator==(const std::unordered_multiset<_Value1, _Hash1, _Pred1, _Alloc1>&, const std::unordered_multiset<_Value1, _Hash1, _Pred1, _Alloc1>&)[m[K’
 1717 |     [01;36m[Koperator[m[K==(const unordered_multiset<_Value, _Hash, _Pred, _Alloc>& __x,
      |     [01;36m[K^~~~~~~~[m[K
[01m[K/usr/include/c++/9/bits/unordered_set.h:1717:5:[m[K [01;36m[Knote: [m[K  template argument deduction/substitution failed:
[01m[K/home/irobot/catkin_ws/src/swot/swot_manipulation/src/manipulation.cpp:780:79:[m[K [01;36m[Knote: [m[K  mismatched types ‘[01m[Kconst std::unordered_multiset<_Value1, _Hash1, _Pred1, _Alloc1>[m[K’ and ‘[01m[Kstd::array<double, 5>::value_type[m[K’ {aka ‘[01m[Kdouble[m[K’}
  780 |         if(workspace_dimensions_matching_object.workspace_dimensions[i][4] == [01;36m[Kobj_name[m[K)
      |                                                                               [01;36m[K^~~~~~~~[m[K
In file included from [01m[K/home/irobot/catkin_ws/src/BehaviorTree.CPP/include/behaviortree_cpp/action_node.h:18[m[K,
                 from [01m[K/home/irobot/catkin_ws/src/BehaviorTree.CPP/include/behaviortree_cpp/behavior_tree.h:27[m[K,
                 from [01m[K/home/irobot/catkin_ws/src/BehaviorTree.CPP/include/behaviortree_cpp/bt_factory.h:27[m[K,
                 from [01m[K/home/irobot/catkin_ws/src/swot/swot_manipulation/include/swot_manipulation/manipulation.h:27[m[K,
                 from [01m[K/home/irobot/catkin_ws/src/swot/swot_manipulation/src/manipulation.cpp:8[m[K:
[01m[K/usr/include/c++/9/thread:276:3:[m[K [01;36m[Knote: [m[Kcandidate: ‘[01m[Kbool std::operator==(std::thread::id, std::thread::id)[m[K’
  276 |   [01;36m[Koperator[m[K==(thread::id __x, thread::id __y) noexcept
      |   [01;36m[K^~~~~~~~[m[K
[01m[K/usr/include/c++/9/thread:276:25:[m[K [01;36m[Knote: [m[K  no known conversion for argument 1 from ‘[01m[Kstd::array<double, 5>::value_type[m[K’ {aka ‘[01m[Kdouble[m[K’} to ‘[01m[Kstd::thread::id[m[K’
  276 |   operator==([01;36m[Kthread::id __x[m[K, thread::id __y) noexcept
      |              [01;36m[K~~~~~~~~~~~^~~[m[K
In file included from [01m[K/usr/include/c++/9/queue:64[m[K,
                 from [01m[K/home/irobot/catkin_ws/src/BehaviorTree.CPP/include/behaviortree_cpp/utils/timer_queue.h:7[m[K,
                 from [01m[K/home/irobot/catkin_ws/src/BehaviorTree.CPP/include/behaviortree_cpp/actions/test_node.h:17[m[K,
                 from [01m[K/home/irobot/catkin_ws/src/BehaviorTree.CPP/include/behaviortree_cpp/behavior_tree.h:42[m[K,
                 from [01m[K/home/irobot/catkin_ws/src/BehaviorTree.CPP/include/behaviortree_cpp/bt_factory.h:27[m[K,
                 from [01m[K/home/irobot/catkin_ws/src/swot/swot_manipulation/include/swot_manipulation/manipulation.h:27[m[K,
                 from [01m[K/home/irobot/catkin_ws/src/swot/swot_manipulation/src/manipulation.cpp:8[m[K:
[01m[K/usr/include/c++/9/bits/stl_queue.h:338:5:[m[K [01;36m[Knote: [m[Kcandidate: ‘[01m[Ktemplate<class _Tp, class _Seq> bool std::operator==(const std::queue<_Tp, _Seq>&, const std::queue<_Tp, _Seq>&)[m[K’
  338 |     [01;36m[Koperator[m[K==(const queue<_Tp, _Seq>& __x, const queue<_Tp, _Seq>& __y)
      |     [01;36m[K^~~~~~~~[m[K
[01m[K/usr/include/c++/9/bits/stl_queue.h:338:5:[m[K [01;36m[Knote: [m[K  template argument deduction/substitution failed:
[01m[K/home/irobot/catkin_ws/src/swot/swot_manipulation/src/manipulation.cpp:780:79:[m[K [01;36m[Knote: [m[K  mismatched types ‘[01m[Kconst std::queue<_Tp, _Seq>[m[K’ and ‘[01m[Kstd::array<double, 5>::value_type[m[K’ {aka ‘[01m[Kdouble[m[K’}
  780 |         if(workspace_dimensions_matching_object.workspace_dimensions[i][4] == [01;36m[Kobj_name[m[K)
      |                                                                               [01;36m[K^~~~~~~~[m[K
In file included from [01m[K/usr/include/c++/9/string:41[m[K,
                 from [01m[K/opt/ros/noetic/include/ros/platform.h:38[m[K,
                 from [01m[K/opt/ros/noetic/include/ros/time.h:53[m[K,
                 from [01m[K/opt/ros/noetic/include/ros/ros.h:38[m[K,
                 from [01m[K/home/irobot/catkin_ws/src/swot/swot_manipulation/include/swot_manipulation/manipulation.h:10[m[K,
                 from [01m[K/home/irobot/catkin_ws/src/swot/swot_manipulation/src/manipulation.cpp:8[m[K:
[01m[K/usr/include/c++/9/bits/allocator.h:155:7:[m[K [01;36m[Knote: [m[Kcandidate: ‘[01m[Kbool std::operator==(const std::allocator<char>&, const std::allocator<char>&)[m[K’
  155 |       [01;36m[Koperator[m[K==(const allocator&, const allocator&) _GLIBCXX_NOTHROW
      |       [01;36m[K^~~~~~~~[m[K
[01m[K/usr/include/c++/9/bits/allocator.h:155:18:[m[K [01;36m[Knote: [m[K  no known conversion for argument 1 from ‘[01m[Kstd::array<double, 5>::value_type[m[K’ {aka ‘[01m[Kdouble[m[K’} to ‘[01m[Kconst std::allocator<char>&[m[K’
  155 |       operator==([01;36m[Kconst allocator&[m[K, const allocator&) _GLIBCXX_NOTHROW
      |                  [01;36m[K^~~~~~~~~~~~~~~~[m[K
In file included from [01m[K/usr/include/c++/9/bits/stl_algobase.h:67[m[K,
                 from [01m[K/usr/include/c++/9/bits/char_traits.h:39[m[K,
                 from [01m[K/usr/include/c++/9/string:40[m[K,
                 from [01m[K/opt/ros/noetic/include/ros/platform.h:38[m[K,
                 from [01m[K/opt/ros/noetic/include/ros/time.h:53[m[K,
                 from [01m[K/opt/ros/noetic/include/ros/ros.h:38[m[K,
                 from [01m[K/home/irobot/catkin_ws/src/swot/swot_manipulation/include/swot_manipulation/manipulation.h:10[m[K,
                 from [01m[K/home/irobot/catkin_ws/src/swot/swot_manipulation/src/manipulation.cpp:8[m[K:
[01m[K/usr/include/c++/9/bits/stl_iterator.h:883:5:[m[K [01;36m[Knote: [m[Kcandidate: ‘[01m[Ktemplate<class _IteratorL, class _IteratorR, class _Container> bool __gnu_cxx::operator==(const __gnu_cxx::__normal_iterator<_IteratorL, _Container>&, const __gnu_cxx::__normal_iterator<_IteratorR, _Container>&)[m[K’
  883 |     [01;36m[Koperator[m[K==(const __normal_iterator<_IteratorL, _Container>& __lhs,
      |     [01;36m[K^~~~~~~~[m[K
[01m[K/usr/include/c++/9/bits/stl_iterator.h:883:5:[m[K [01;36m[Knote: [m[K  template argument deduction/substitution failed:
[01m[K/home/irobot/catkin_ws/src/swot/swot_manipulation/src/manipulation.cpp:780:79:[m[K [01;36m[Knote: [m[K  mismatched types ‘[01m[Kconst __gnu_cxx::__normal_iterator<_IteratorL, _Container>[m[K’ and ‘[01m[Kstd::array<double, 5>::value_type[m[K’ {aka ‘[01m[Kdouble[m[K’}
  780 |         if(workspace_dimensions_matching_object.workspace_dimensions[i][4] == [01;36m[Kobj_name[m[K)
      |                                                                               [01;36m[K^~~~~~~~[m[K
In file included from [01m[K/usr/include/c++/9/bits/stl_algobase.h:67[m[K,
                 from [01m[K/usr/include/c++/9/bits/char_traits.h:39[m[K,
                 from [01m[K/usr/include/c++/9/string:40[m[K,
                 from [01m[K/opt/ros/noetic/include/ros/platform.h:38[m[K,
                 from [01m[K/opt/ros/noetic/include/ros/time.h:53[m[K,
                 from [01m[K/opt/ros/noetic/include/ros/ros.h:38[m[K,
                 from [01m[K/home/irobot/catkin_ws/src/swot/swot_manipulation/include/swot_manipulation/manipulation.h:10[m[K,
                 from [01m[K/home/irobot/catkin_ws/src/swot/swot_manipulation/src/manipulation.cpp:8[m[K:
[01m[K/usr/include/c++/9/bits/stl_iterator.h:890:5:[m[K [01;36m[Knote: [m[Kcandidate: ‘[01m[Ktemplate<class _Iterator, class _Container> bool __gnu_cxx::operator==(const __gnu_cxx::__normal_iterator<_Iterator, _Container>&, const __gnu_cxx::__normal_iterator<_Iterator, _Container>&)[m[K’
  890 |     [01;36m[Koperator[m[K==(const __normal_iterator<_Iterator, _Container>& __lhs,
      |     [01;36m[K^~~~~~~~[m[K
[01m[K/usr/include/c++/9/bits/stl_iterator.h:890:5:[m[K [01;36m[Knote: [m[K  template argument deduction/substitution failed:
[01m[K/home/irobot/catkin_ws/src/swot/swot_manipulation/src/manipulation.cpp:780:79:[m[K [01;36m[Knote: [m[K  mismatched types ‘[01m[Kconst __gnu_cxx::__normal_iterator<_Iterator, _Container>[m[K’ and ‘[01m[Kstd::array<double, 5>::value_type[m[K’ {aka ‘[01m[Kdouble[m[K’}
  780 |         if(workspace_dimensions_matching_object.workspace_dimensions[i][4] == [01;36m[Kobj_name[m[K)
      |                                                                               [01;36m[K^~~~~~~~[m[K
In file included from [01m[K/usr/include/x86_64-linux-gnu/c++/9/bits/c++allocator.h:33[m[K,
                 from [01m[K/usr/include/c++/9/bits/allocator.h:46[m[K,
                 from [01m[K/usr/include/c++/9/string:41[m[K,
                 from [01m[K/opt/ros/noetic/include/ros/platform.h:38[m[K,
                 from [01m[K/opt/ros/noetic/include/ros/time.h:53[m[K,
                 from [01m[K/opt/ros/noetic/include/ros/ros.h:38[m[K,
                 from [01m[K/home/irobot/catkin_ws/src/swot/swot_manipulation/include/swot_manipulation/manipulation.h:10[m[K,
                 from [01m[K/home/irobot/catkin_ws/src/swot/swot_manipulation/src/manipulation.cpp:8[m[K:
[01m[K/usr/include/c++/9/ext/new_allocator.h:166:2:[m[K [01;36m[Knote: [m[Kcandidate: ‘[01m[Ktemplate<class _Up> bool __gnu_cxx::operator==(const __gnu_cxx::new_allocator<char>&, const __gnu_cxx::new_allocator<_Tp>&)[m[K’
  166 |  [01;36m[Koperator[m[K==(const new_allocator&, const new_allocator<_Up>&)
      |  [01;36m[K^~~~~~~~[m[K
[01m[K/usr/include/c++/9/ext/new_allocator.h:166:2:[m[K [01;36m[Knote: [m[K  template argument deduction/substitution failed:
[01m[K/home/irobot/catkin_ws/src/swot/swot_manipulation/src/manipulation.cpp:780:79:[m[K [01;36m[Knote: [m[K  ‘[01m[Kstd::string[m[K’ {aka ‘[01m[Kstd::__cxx11::basic_string<char>[m[K’} is not derived from ‘[01m[Kconst __gnu_cxx::new_allocator<_Tp>[m[K’
  780 |         if(workspace_dimensions_matching_object.workspace_dimensions[i][4] == [01;36m[Kobj_name[m[K)
      |                                                                               [01;36m[K^~~~~~~~[m[K
make[2]: *** [CMakeFiles/swot_manipulation_lib.dir/build.make:89: CMakeFiles/swot_manipulation_lib.dir/src/place_classes.cpp.o] Error 1
make[2]: *** Waiting for unfinished jobs....
make[2]: *** [CMakeFiles/swot_manipulation_lib.dir/build.make:76: CMakeFiles/swot_manipulation_lib.dir/src/pick_classes.cpp.o] Error 1
make[2]: *** [CMakeFiles/swot_manipulation_lib.dir/build.make:63: CMakeFiles/swot_manipulation_lib.dir/src/manipulation.cpp.o] Error 1
make[1]: *** [CMakeFiles/Makefile2:1545: CMakeFiles/swot_manipulation_lib.dir/all] Error 2
make: *** [Makefile:141: all] Error 2
cd /home/irobot/catkin_ws/build/swot_manipulation; catkin build --get-env swot_manipulation | catkin env -si  /usr/bin/make --jobserver-auth=3,4; cd -

...............................................................................
Failed << swot_manipulation:make                 [ Exited with code 2 ]        
Failed <<< swot_manipulation                     [ 5.3 seconds ]               
[build] Summary: 7 of 8 packages succeeded.                                    
[build] Ignored: 39 packages were skipped or are skiplisted.                   
[build] Warnings: None.                                                        
[build] Abandoned: No packages were abandoned.                                 
[build] Failed: 1 packages failed.                                             
[build] Runtime: 6.9 seconds total.                                            
